#Calculating Track Utilization in region ( 0.00000 0.00000 293.24000 293.24000 ) for layer range: 2-10 [M2-Pad] ...
#
#+-------+------------------+--------------+-----------+-------------+-------------+-----------+--------+----------------+
#|                                         | BLOCKED BY                                                 |                |
#+-------+------------------+--------------+-----------+-------------+-------------+-----------+--------+----------------+
#| Layer | # of Tracks      | TrackLength  | PG Mesh % | Blkg & IO % | BlockCell % | StdCell % | Nets % | Avail Tracks % |
#+-------+------------------+--------------+-----------+-------------+-------------+-----------+--------+----------------+
#| M2    |             1896 |    555605.26 |     13.20 |        0.00 |        0.00 |      3.09 |  29.57 |          54.15 |
#| M3    |             2036 |    596687.47 |     21.30 |        0.00 |        0.00 |      0.00 |  33.17 |          45.53 |
#| M4    |             1526 |    447180.18 |      8.65 |        0.01 |        0.00 |      0.00 |  34.61 |          56.74 |
#| M5    |             1357 |    397693.95 |      0.67 |        0.00 |        0.00 |      0.00 |  30.47 |          68.86 |
#| M6    |             1018 |    298315.48 |      3.90 |        0.00 |        0.00 |      0.00 |  44.40 |          51.70 |
#| M7    |             1018 |    298343.73 |      3.57 |        0.00 |        0.00 |      0.00 |  33.61 |          62.81 |
#| M8    |              763 |    223590.09 |      0.00 |        0.00 |        0.00 |      0.00 |   0.00 |         100.00 |
#| M9    |              814 |    238557.76 |      0.00 |        0.00 |        0.00 |      0.00 |   0.00 |         100.00 |
#| Pad   |               24 |      7032.98 |      0.00 |        0.00 |        0.00 |      0.00 |   0.00 |         100.00 |
#+-------+------------------+--------------+-----------+-------------+-------------+-----------+--------+----------------+
#| TOTAL |            10452 |   3063006.91 |      8.62 |        0.00 |        0.00 |      0.56 |  28.43 |          62.39 |
#+-------+------------------+--------------+-----------+-------------+-------------+-----------+--------+----------------+
#Calculating Track Utilization: cpu:00:00:08, real:00:00:00, mem:942.0 MB, peak:4.7 GB --16.53 [24]--
