Metrics' weights:
	des_pwr         : (1/3)
	sec_ti_sts_sum  : 0.5
	des_area_die    : 1.0
	des_prf_WNS_hld : 0.5
	sec_ti_fts      : 0.5
	des             : 0.5
	des_area        : (1/3)
	sec_ti          : 1.0
	sec             : 0.5
	sec_ti_sts_max  : (1/3)
	des_pwr_tot     : 1.0
	sec_ti_fts_sum  : 1.0
	des_prf         : (1/3)
	sec_ti_sts_med  : (1/6)
	sec_ti_sts      : 0.5
	des_prf_WNS_set : 0.5

Baseline numbers (raw, not weighted yet):
	sec_ti_sts_sum  : 25478
	des_area_die    : 42782.7856
	des_prf_WNS_hld : 19.021
	sec_ti_sts_max  : 3854
	des_pwr_tot     : 9.89014791
	sec_ti_fts_sum  : 65.77
	sec_ti_sts_med  : 33
	des_prf_WNS_set : 24.173

Submission numbers (raw, not weighted yet):
	sec_ti_sts_sum  : 25260
	des_area_die    : 42782.7856
	des_prf_WNS_hld : 19.021
	sec_ti_sts_max  : 3821
	des_pwr_tot     : 9.96386467
	sec_ti_fts_sum  : 65.66
	sec_ti_sts_med  : 33
	des_prf_WNS_set : -6.126

Score components (not weighted):
	sec_ti_sts_sum  : .991443
	des_prf_WNS_hld : 1.000000
	des_area_die    : 1.000000
	sec_ti_sts_max  : .991437
	des_pwr_tot     : 1.007453
	sec_ti_fts_sum  : .998327
	sec_ti_sts_med  : 1.000000
	des_prf_WNS_set : -3.945968

Scores (weighted; last digit subject to rounding):
	des_pwr         : 1.007453
	OVERALL         : 0.586877
	sec_ti_fts      : 0.998327
	des             : 0.178156
	des_area        : 1.000000
	sec             : 0.995596
	sec_ti          : 0.995596
	des_prf         : -1.472984
	sec_ti_sts      : 0.992865
