Scores (weighted; last digit subject to rounding):
	des_pwr         : 1.000000
	OVERALL         : 0.997798
	sec_ti_fts      : 0.998327
	des             : 1.000000
	des_area        : 1.000000
	sec             : 0.995596
	sec_ti          : 0.995596
	des_prf         : 1.000001
	sec_ti_sts      : 0.992865
Scores (weighted; last digit subject to rounding):
	des_pwr         : 1.000000
	OVERALL         : 0.997798
	sec_ti_fts      : 0.998327
	des             : 1.000000
	des_area        : 1.000000
	sec             : 0.995596
	sec_ti          : 0.995596
	des_prf         : 1.000001
	sec_ti_sts      : 0.992865
Scores (weighted; last digit subject to rounding):
	des_pwr         : 1.000000
	OVERALL         : 0.997798
	sec_ti_fts      : 0.998327
	des             : 1.000000
	des_area        : 1.000000
	sec             : 0.995596
	sec_ti          : 0.995596
	des_prf         : 1.000001
	sec_ti_sts      : 0.992865
Scores (weighted; last digit subject to rounding):
	des_pwr         : 1.007453
	OVERALL         : 1.591457
	sec_ti_fts      : 0.998327
	des             : 2.187316
	des_area        : 1.000000
	sec             : 0.995596
	sec_ti          : 0.995596
	des_prf         : 4.554502
	sec_ti_sts      : 0.992865
Scores (weighted; last digit subject to rounding):
	des_pwr         : 1.001258
	OVERALL         : 1.013574
	sec_ti_fts      : 0.999543
	des             : 1.027611
	des_area        : 1.000000
	sec             : 0.999536
	sec_ti          : 0.999536
	des_prf         : 1.081578
	sec_ti_sts      : 0.999529
Scores (weighted; last digit subject to rounding):
	des_pwr         : 1.000697
	OVERALL         : 1.013899
	sec_ti_fts      : 0.999543
	des             : 1.028085
	des_area        : 1.000000
	sec             : 0.999712
	sec_ti          : 0.999712
	des_prf         : 1.083560
	sec_ti_sts      : 0.999881
Scores (weighted; last digit subject to rounding):
	des_pwr         : 1.001493
	OVERALL         : 1.023745
	sec_ti_fts      : 0.999391
	des             : 1.048080
	des_area        : 1.000000
	sec             : 0.999410
	sec_ti          : 0.999410
	des_prf         : 1.142750
	sec_ti_sts      : 0.999429
Scores (weighted; last digit subject to rounding):
	des_pwr         : 1.000825
	OVERALL         : 0.999452
	sec_ti_fts      : 0.999391
	des             : 0.999576
	des_area        : 1.000000
	sec             : 0.999328
	sec_ti          : 0.999328
	des_prf         : 0.997907
	sec_ti_sts      : 0.999264
