PASS: For pin "Dout[40]" in the submitted DEF, the x-coordinate (632960) falls onto the allowed coordinate (632960.000000).
PASS: For pin "Dout[40]" in the submitted DEF, the y-coordinate (259456) falls within the allowed range (0.000000--632960.000000).
PASS: For pin "Dout[97]" in the submitted DEF, the x-coordinate (632960) falls onto the allowed coordinate (632960.000000).
PASS: For pin "Dout[97]" in the submitted DEF, the y-coordinate (390784) falls within the allowed range (0.000000--632960.000000).
PASS: For pin "Din[14]" in the submitted DEF, the x-coordinate (0) falls onto the allowed coordinate (0.000000).
PASS: For pin "Din[14]" in the submitted DEF, the y-coordinate (517360) falls within the allowed range (0.000000--632960.000000).
PASS: For pin "Din[111]" in the submitted DEF, the x-coordinate (0) falls onto the allowed coordinate (0.000000).
PASS: For pin "Din[111]" in the submitted DEF, the y-coordinate (349792) falls within the allowed range (0.000000--632960.000000).
PASS: For pin "Kin[24]" in the submitted DEF, the x-coordinate (0) falls onto the allowed coordinate (0.000000).
PASS: For pin "Kin[24]" in the submitted DEF, the y-coordinate (279040) falls within the allowed range (0.000000--632960.000000).
PASS: For pin "Kin[99]" in the submitted DEF, the x-coordinate (0) falls onto the allowed coordinate (0.000000).
PASS: For pin "Kin[99]" in the submitted DEF, the y-coordinate (149344) falls within the allowed range (0.000000--632960.000000).
PASS: For pin "Dout[32]" in the submitted DEF, the x-coordinate (632960) falls onto the allowed coordinate (632960.000000).
PASS: For pin "Dout[32]" in the submitted DEF, the y-coordinate (240880) falls within the allowed range (0.000000--632960.000000).
PASS: For pin "Dout[117]" in the submitted DEF, the x-coordinate (632960) falls onto the allowed coordinate (632960.000000).
PASS: For pin "Dout[117]" in the submitted DEF, the y-coordinate (436576) falls within the allowed range (0.000000--632960.000000).
PASS: For pin "Din[53]" in the submitted DEF, the x-coordinate (0) falls onto the allowed coordinate (0.000000).
PASS: For pin "Din[53]" in the submitted DEF, the y-coordinate (450112) falls within the allowed range (0.000000--632960.000000).
PASS: For pin "Kin[63]" in the submitted DEF, the x-coordinate (0) falls onto the allowed coordinate (0.000000).
PASS: For pin "Kin[63]" in the submitted DEF, the y-coordinate (211552) falls within the allowed range (0.000000--632960.000000).
PASS: For pin "Dout[105]" in the submitted DEF, the x-coordinate (632960) falls onto the allowed coordinate (632960.000000).
PASS: For pin "Dout[105]" in the submitted DEF, the y-coordinate (408928) falls within the allowed range (0.000000--632960.000000).
PASS: For pin "Din[41]" in the submitted DEF, the x-coordinate (0) falls onto the allowed coordinate (0.000000).
PASS: For pin "Din[41]" in the submitted DEF, the y-coordinate (470560) falls within the allowed range (0.000000--632960.000000).
PASS: For pin "Kin[71]" in the submitted DEF, the x-coordinate (0) falls onto the allowed coordinate (0.000000).
PASS: For pin "Kin[71]" in the submitted DEF, the y-coordinate (197680) falls within the allowed range (0.000000--632960.000000).
PASS: For pin "Kin[93]" in the submitted DEF, the x-coordinate (0) falls onto the allowed coordinate (0.000000).
PASS: For pin "Kin[93]" in the submitted DEF, the y-coordinate (159520) falls within the allowed range (0.000000--632960.000000).
PASS: For pin "Kin[121]" in the submitted DEF, the x-coordinate (0) falls onto the allowed coordinate (0.000000).
PASS: For pin "Kin[121]" in the submitted DEF, the y-coordinate (111280) falls within the allowed range (0.000000--632960.000000).
PASS: For pin "Dout[23]" in the submitted DEF, the x-coordinate (632960) falls onto the allowed coordinate (632960.000000).
PASS: For pin "Dout[23]" in the submitted DEF, the y-coordinate (220000) falls within the allowed range (0.000000--632960.000000).
PASS: For pin "Dout[78]" in the submitted DEF, the x-coordinate (632960) falls onto the allowed coordinate (632960.000000).
PASS: For pin "Dout[78]" in the submitted DEF, the y-coordinate (347008) falls within the allowed range (0.000000--632960.000000).
PASS: For pin "Din[60]" in the submitted DEF, the x-coordinate (0) falls onto the allowed coordinate (0.000000).
PASS: For pin "Din[60]" in the submitted DEF, the y-coordinate (437728) falls within the allowed range (0.000000--632960.000000).
PASS: For pin "Kin[50]" in the submitted DEF, the x-coordinate (0) falls onto the allowed coordinate (0.000000).
PASS: For pin "Kin[50]" in the submitted DEF, the y-coordinate (234112) falls within the allowed range (0.000000--632960.000000).
PASS: For pin "Kin[100]" in the submitted DEF, the x-coordinate (0) falls onto the allowed coordinate (0.000000).
PASS: For pin "Kin[100]" in the submitted DEF, the y-coordinate (147712) falls within the allowed range (0.000000--632960.000000).
PASS: For pin "Dout[2]" in the submitted DEF, the x-coordinate (632960) falls onto the allowed coordinate (632960.000000).
PASS: For pin "Dout[2]" in the submitted DEF, the y-coordinate (171760) falls within the allowed range (0.000000--632960.000000).
PASS: For pin "Dout[71]" in the submitted DEF, the x-coordinate (632960) falls onto the allowed coordinate (632960.000000).
PASS: For pin "Dout[71]" in the submitted DEF, the y-coordinate (330880) falls within the allowed range (0.000000--632960.000000).
PASS: For pin "Dout[125]" in the submitted DEF, the x-coordinate (632960) falls onto the allowed coordinate (632960.000000).
PASS: For pin "Dout[125]" in the submitted DEF, the y-coordinate (455008) falls within the allowed range (0.000000--632960.000000).
PASS: For pin "Din[69]" in the submitted DEF, the x-coordinate (0) falls onto the allowed coordinate (0.000000).
PASS: For pin "Din[69]" in the submitted DEF, the y-coordinate (422320) falls within the allowed range (0.000000--632960.000000).
PASS: For pin "Din[83]" in the submitted DEF, the x-coordinate (0) falls onto the allowed coordinate (0.000000).
PASS: For pin "Din[83]" in the submitted DEF, the y-coordinate (398176) falls within the allowed range (0.000000--632960.000000).
PASS: For pin "Din[102]" in the submitted DEF, the x-coordinate (0) falls onto the allowed coordinate (0.000000).
PASS: For pin "Din[102]" in the submitted DEF, the y-coordinate (365440) falls within the allowed range (0.000000--632960.000000).
PASS: For pin "Kin[59]" in the submitted DEF, the x-coordinate (0) falls onto the allowed coordinate (0.000000).
PASS: For pin "Kin[59]" in the submitted DEF, the y-coordinate (218464) falls within the allowed range (0.000000--632960.000000).
PASS: For pin "Kin[109]" in the submitted DEF, the x-coordinate (0) falls onto the allowed coordinate (0.000000).
PASS: For pin "Kin[109]" in the submitted DEF, the y-coordinate (132160) falls within the allowed range (0.000000--632960.000000).
PASS: For pin "Dout[47]" in the submitted DEF, the x-coordinate (632960) falls onto the allowed coordinate (632960.000000).
PASS: For pin "Dout[47]" in the submitted DEF, the y-coordinate (275440) falls within the allowed range (0.000000--632960.000000).
PASS: For pin "Dout[90]" in the submitted DEF, the x-coordinate (632960) falls onto the allowed coordinate (632960.000000).
PASS: For pin "Dout[90]" in the submitted DEF, the y-coordinate (374368) falls within the allowed range (0.000000--632960.000000).
PASS: For pin "Dout[108]" in the submitted DEF, the x-coordinate (632960) falls onto the allowed coordinate (632960.000000).
PASS: For pin "Dout[108]" in the submitted DEF, the y-coordinate (416128) falls within the allowed range (0.000000--632960.000000).
PASS: For pin "Din[13]" in the submitted DEF, the x-coordinate (0) falls onto the allowed coordinate (0.000000).
PASS: For pin "Din[13]" in the submitted DEF, the y-coordinate (519232) falls within the allowed range (0.000000--632960.000000).
PASS: For pin "Din[116]" in the submitted DEF, the x-coordinate (0) falls onto the allowed coordinate (0.000000).
PASS: For pin "Din[116]" in the submitted DEF, the y-coordinate (340960) falls within the allowed range (0.000000--632960.000000).
PASS: For pin "Kin[23]" in the submitted DEF, the x-coordinate (0) falls onto the allowed coordinate (0.000000).
PASS: For pin "Kin[23]" in the submitted DEF, the y-coordinate (280672) falls within the allowed range (0.000000--632960.000000).
PASS: For pin "Dout[19]" in the submitted DEF, the x-coordinate (632960) falls onto the allowed coordinate (632960.000000).
PASS: For pin "Dout[19]" in the submitted DEF, the y-coordinate (210784) falls within the allowed range (0.000000--632960.000000).
PASS: For pin "Dout[55]" in the submitted DEF, the x-coordinate (632960) falls onto the allowed coordinate (632960.000000).
PASS: For pin "Dout[55]" in the submitted DEF, the y-coordinate (294016) falls within the allowed range (0.000000--632960.000000).
PASS: For pin "Din[38]" in the submitted DEF, the x-coordinate (0) falls onto the allowed coordinate (0.000000).
PASS: For pin "Din[38]" in the submitted DEF, the y-coordinate (476032) falls within the allowed range (0.000000--632960.000000).
PASS: For pin "Din[74]" in the submitted DEF, the x-coordinate (0) falls onto the allowed coordinate (0.000000).
PASS: For pin "Din[74]" in the submitted DEF, the y-coordinate (413680) falls within the allowed range (0.000000--632960.000000).
PASS: For pin "Din[122]" in the submitted DEF, the x-coordinate (0) falls onto the allowed coordinate (0.000000).
PASS: For pin "Din[122]" in the submitted DEF, the y-coordinate (330880) falls within the allowed range (0.000000--632960.000000).
PASS: For pin "Kin[31]" in the submitted DEF, the x-coordinate (0) falls onto the allowed coordinate (0.000000).
PASS: For pin "Kin[31]" in the submitted DEF, the y-coordinate (266800) falls within the allowed range (0.000000--632960.000000).
PASS: For pin "Kin[44]" in the submitted DEF, the x-coordinate (0) falls onto the allowed coordinate (0.000000).
PASS: For pin "Kin[44]" in the submitted DEF, the y-coordinate (244480) falls within the allowed range (0.000000--632960.000000).
PASS: For pin "Kin[114]" in the submitted DEF, the x-coordinate (0) falls onto the allowed coordinate (0.000000).
PASS: For pin "Kin[114]" in the submitted DEF, the y-coordinate (123520) falls within the allowed range (0.000000--632960.000000).
PASS: For pin "Dout[38]" in the submitted DEF, the x-coordinate (632960) falls onto the allowed coordinate (632960.000000).
PASS: For pin "Dout[38]" in the submitted DEF, the y-coordinate (254560) falls within the allowed range (0.000000--632960.000000).
PASS: For pin "Dout[85]" in the submitted DEF, the x-coordinate (632960) falls onto the allowed coordinate (632960.000000).
PASS: For pin "Dout[85]" in the submitted DEF, the y-coordinate (363136) falls within the allowed range (0.000000--632960.000000).
PASS: For pin "Din[6]" in the submitted DEF, the x-coordinate (0) falls onto the allowed coordinate (0.000000).
PASS: For pin "Din[6]" in the submitted DEF, the y-coordinate (531040) falls within the allowed range (0.000000--632960.000000).
PASS: For pin "Din[20]" in the submitted DEF, the x-coordinate (0) falls onto the allowed coordinate (0.000000).
PASS: For pin "Din[20]" in the submitted DEF, the y-coordinate (506848) falls within the allowed range (0.000000--632960.000000).
PASS: For pin "Din[59]" in the submitted DEF, the x-coordinate (0) falls onto the allowed coordinate (0.000000).
PASS: For pin "Din[59]" in the submitted DEF, the y-coordinate (439600) falls within the allowed range (0.000000--632960.000000).
PASS: For pin "Kin[5]" in the submitted DEF, the x-coordinate (0) falls onto the allowed coordinate (0.000000).
PASS: For pin "Kin[5]" in the submitted DEF, the y-coordinate (311872) falls within the allowed range (0.000000--632960.000000).
PASS: For pin "Kin[10]" in the submitted DEF, the x-coordinate (0) falls onto the allowed coordinate (0.000000).
PASS: For pin "Kin[10]" in the submitted DEF, the y-coordinate (303232) falls within the allowed range (0.000000--632960.000000).
PASS: For pin "Kin[69]" in the submitted DEF, the x-coordinate (0) falls onto the allowed coordinate (0.000000).
PASS: For pin "Kin[69]" in the submitted DEF, the y-coordinate (201280) falls within the allowed range (0.000000--632960.000000).
PASS: For pin "Kin[87]" in the submitted DEF, the x-coordinate (0) falls onto the allowed coordinate (0.000000).
PASS: For pin "Kin[87]" in the submitted DEF, the y-coordinate (170080) falls within the allowed range (0.000000--632960.000000).
PASS: For pin "Dout[31]" in the submitted DEF, the x-coordinate (632960) falls onto the allowed coordinate (632960.000000).
PASS: For pin "Dout[31]" in the submitted DEF, the y-coordinate (238432) falls within the allowed range (0.000000--632960.000000).
PASS: For pin "Dout[114]" in the submitted DEF, the x-coordinate (632960) falls onto the allowed coordinate (632960.000000).
PASS: For pin "Dout[114]" in the submitted DEF, the y-coordinate (429664) falls within the allowed range (0.000000--632960.000000).
PASS: For pin "Din[29]" in the submitted DEF, the x-coordinate (0) falls onto the allowed coordinate (0.000000).
PASS: For pin "Din[29]" in the submitted DEF, the y-coordinate (491440) falls within the allowed range (0.000000--632960.000000).
PASS: For pin "Din[50]" in the submitted DEF, the x-coordinate (0) falls onto the allowed coordinate (0.000000).
PASS: For pin "Din[50]" in the submitted DEF, the y-coordinate (455008) falls within the allowed range (0.000000--632960.000000).
PASS: For pin "Kin[19]" in the submitted DEF, the x-coordinate (0) falls onto the allowed coordinate (0.000000).
PASS: For pin "Kin[19]" in the submitted DEF, the y-coordinate (288352) falls within the allowed range (0.000000--632960.000000).
PASS: For pin "Kin[60]" in the submitted DEF, the x-coordinate (0) falls onto the allowed coordinate (0.000000).
PASS: For pin "Kin[60]" in the submitted DEF, the y-coordinate (216832) falls within the allowed range (0.000000--632960.000000).
PASS: For pin "Dout[50]" in the submitted DEF, the x-coordinate (632960) falls onto the allowed coordinate (632960.000000).
PASS: For pin "Dout[50]" in the submitted DEF, the y-coordinate (282208) falls within the allowed range (0.000000--632960.000000).
PASS: For pin "Dout[69]" in the submitted DEF, the x-coordinate (632960) falls onto the allowed coordinate (632960.000000).
PASS: For pin "Dout[69]" in the submitted DEF, the y-coordinate (325984) falls within the allowed range (0.000000--632960.000000).
PASS: For pin "Din[71]" in the submitted DEF, the x-coordinate (0) falls onto the allowed coordinate (0.000000).
PASS: For pin "Din[71]" in the submitted DEF, the y-coordinate (418912) falls within the allowed range (0.000000--632960.000000).
PASS: For pin "Din[127]" in the submitted DEF, the x-coordinate (0) falls onto the allowed coordinate (0.000000).
PASS: For pin "Din[127]" in the submitted DEF, the y-coordinate (322144) falls within the allowed range (0.000000--632960.000000).
PASS: For pin "Kin[34]" in the submitted DEF, the x-coordinate (0) falls onto the allowed coordinate (0.000000).
PASS: For pin "Kin[34]" in the submitted DEF, the y-coordinate (261760) falls within the allowed range (0.000000--632960.000000).
PASS: For pin "Kin[41]" in the submitted DEF, the x-coordinate (0) falls onto the allowed coordinate (0.000000).
PASS: For pin "Kin[41]" in the submitted DEF, the y-coordinate (249520) falls within the allowed range (0.000000--632960.000000).
PASS: For pin "Kin[111]" in the submitted DEF, the x-coordinate (0) falls onto the allowed coordinate (0.000000).
PASS: For pin "Kin[111]" in the submitted DEF, the y-coordinate (128560) falls within the allowed range (0.000000--632960.000000).
PASS: For pin "Dout[24]" in the submitted DEF, the x-coordinate (632960) falls onto the allowed coordinate (632960.000000).
PASS: For pin "Dout[24]" in the submitted DEF, the y-coordinate (222304) falls within the allowed range (0.000000--632960.000000).
PASS: For pin "Din[67]" in the submitted DEF, the x-coordinate (0) falls onto the allowed coordinate (0.000000).
PASS: For pin "Din[67]" in the submitted DEF, the y-coordinate (425824) falls within the allowed range (0.000000--632960.000000).
PASS: For pin "Kin[57]" in the submitted DEF, the x-coordinate (0) falls onto the allowed coordinate (0.000000).
PASS: For pin "Kin[57]" in the submitted DEF, the y-coordinate (221728) falls within the allowed range (0.000000--632960.000000).
PASS: For pin "Kin[107]" in the submitted DEF, the x-coordinate (0) falls onto the allowed coordinate (0.000000).
PASS: For pin "Kin[107]" in the submitted DEF, the y-coordinate (135520) falls within the allowed range (0.000000--632960.000000).
PASS: For pin "Dout[12]" in the submitted DEF, the x-coordinate (632960) falls onto the allowed coordinate (632960.000000).
PASS: For pin "Dout[12]" in the submitted DEF, the y-coordinate (194656) falls within the allowed range (0.000000--632960.000000).
PASS: For pin "Dout[67]" in the submitted DEF, the x-coordinate (632960) falls onto the allowed coordinate (632960.000000).
PASS: For pin "Dout[67]" in the submitted DEF, the y-coordinate (321664) falls within the allowed range (0.000000--632960.000000).
PASS: For pin "Din[33]" in the submitted DEF, the x-coordinate (0) falls onto the allowed coordinate (0.000000).
PASS: For pin "Din[33]" in the submitted DEF, the y-coordinate (484672) falls within the allowed range (0.000000--632960.000000).
PASS: For pin "Din[91]" in the submitted DEF, the x-coordinate (0) falls onto the allowed coordinate (0.000000).
PASS: For pin "Din[91]" in the submitted DEF, the y-coordinate (384352) falls within the allowed range (0.000000--632960.000000).
PASS: For pin "Dout[44]" in the submitted DEF, the x-coordinate (632960) falls onto the allowed coordinate (632960.000000).
PASS: For pin "Dout[44]" in the submitted DEF, the y-coordinate (268672) falls within the allowed range (0.000000--632960.000000).
PASS: For pin "Dout[93]" in the submitted DEF, the x-coordinate (632960) falls onto the allowed coordinate (632960.000000).
PASS: For pin "Dout[93]" in the submitted DEF, the y-coordinate (381568) falls within the allowed range (0.000000--632960.000000).
PASS: For pin "Din[10]" in the submitted DEF, the x-coordinate (0) falls onto the allowed coordinate (0.000000).
PASS: For pin "Din[10]" in the submitted DEF, the y-coordinate (524128) falls within the allowed range (0.000000--632960.000000).
PASS: For pin "Din[115]" in the submitted DEF, the x-coordinate (0) falls onto the allowed coordinate (0.000000).
PASS: For pin "Din[115]" in the submitted DEF, the y-coordinate (342880) falls within the allowed range (0.000000--632960.000000).
PASS: For pin "Kin[20]" in the submitted DEF, the x-coordinate (0) falls onto the allowed coordinate (0.000000).
PASS: For pin "Kin[20]" in the submitted DEF, the y-coordinate (285952) falls within the allowed range (0.000000--632960.000000).
PASS: For pin "Dout[36]" in the submitted DEF, the x-coordinate (632960) falls onto the allowed coordinate (632960.000000).
PASS: For pin "Dout[36]" in the submitted DEF, the y-coordinate (250240) falls within the allowed range (0.000000--632960.000000).
PASS: For pin "Dout[113]" in the submitted DEF, the x-coordinate (632960) falls onto the allowed coordinate (632960.000000).
PASS: For pin "Dout[113]" in the submitted DEF, the y-coordinate (427360) falls within the allowed range (0.000000--632960.000000).
PASS: For pin "Din[8]" in the submitted DEF, the x-coordinate (0) falls onto the allowed coordinate (0.000000).
PASS: For pin "Din[8]" in the submitted DEF, the y-coordinate (527872) falls within the allowed range (0.000000--632960.000000).
PASS: For pin "Din[57]" in the submitted DEF, the x-coordinate (0) falls onto the allowed coordinate (0.000000).
PASS: For pin "Din[57]" in the submitted DEF, the y-coordinate (443200) falls within the allowed range (0.000000--632960.000000).
PASS: For pin "Kin[67]" in the submitted DEF, the x-coordinate (0) falls onto the allowed coordinate (0.000000).
PASS: For pin "Kin[67]" in the submitted DEF, the y-coordinate (203872) falls within the allowed range (0.000000--632960.000000).
PASS: For pin "Kin[89]" in the submitted DEF, the x-coordinate (0) falls onto the allowed coordinate (0.000000).
PASS: For pin "Kin[89]" in the submitted DEF, the y-coordinate (166720) falls within the allowed range (0.000000--632960.000000).
PASS: For pin "Dout[99]" in the submitted DEF, the x-coordinate (632960) falls onto the allowed coordinate (632960.000000).
PASS: For pin "Dout[99]" in the submitted DEF, the y-coordinate (395104) falls within the allowed range (0.000000--632960.000000).
PASS: For pin "Dout[101]" in the submitted DEF, the x-coordinate (632960) falls onto the allowed coordinate (632960.000000).
PASS: For pin "Dout[101]" in the submitted DEF, the y-coordinate (400000) falls within the allowed range (0.000000--632960.000000).
PASS: For pin "Din[45]" in the submitted DEF, the x-coordinate (0) falls onto the allowed coordinate (0.000000).
PASS: For pin "Din[45]" in the submitted DEF, the y-coordinate (463648) falls within the allowed range (0.000000--632960.000000).
PASS: For pin "Kin[75]" in the submitted DEF, the x-coordinate (0) falls onto the allowed coordinate (0.000000).
PASS: For pin "Kin[75]" in the submitted DEF, the y-coordinate (190816) falls within the allowed range (0.000000--632960.000000).
PASS: For pin "Kin[97]" in the submitted DEF, the x-coordinate (0) falls onto the allowed coordinate (0.000000).
PASS: For pin "Kin[97]" in the submitted DEF, the y-coordinate (152608) falls within the allowed range (0.000000--632960.000000).
PASS: For pin "Kin[125]" in the submitted DEF, the x-coordinate (0) falls onto the allowed coordinate (0.000000).
PASS: For pin "Kin[125]" in the submitted DEF, the y-coordinate (104512) falls within the allowed range (0.000000--632960.000000).
PASS: For pin "Kvld" in the submitted DEF, the x-coordinate (632960) falls onto the allowed coordinate (632960.000000).
PASS: For pin "Kvld" in the submitted DEF, the y-coordinate (464224) falls within the allowed range (0.000000--632960.000000).
PASS: For pin "Dout[7]" in the submitted DEF, the x-coordinate (632960) falls onto the allowed coordinate (632960.000000).
PASS: For pin "Dout[7]" in the submitted DEF, the y-coordinate (183424) falls within the allowed range (0.000000--632960.000000).
PASS: For pin "Dout[74]" in the submitted DEF, the x-coordinate (632960) falls onto the allowed coordinate (632960.000000).
PASS: For pin "Dout[74]" in the submitted DEF, the y-coordinate (337792) falls within the allowed range (0.000000--632960.000000).
PASS: For pin "Dout[120]" in the submitted DEF, the x-coordinate (632960) falls onto the allowed coordinate (632960.000000).
PASS: For pin "Dout[120]" in the submitted DEF, the y-coordinate (443488) falls within the allowed range (0.000000--632960.000000).
PASS: For pin "Din[86]" in the submitted DEF, the x-coordinate (0) falls onto the allowed coordinate (0.000000).
PASS: For pin "Din[86]" in the submitted DEF, the y-coordinate (392800) falls within the allowed range (0.000000--632960.000000).
PASS: For pin "Din[107]" in the submitted DEF, the x-coordinate (0) falls onto the allowed coordinate (0.000000).
PASS: For pin "Din[107]" in the submitted DEF, the y-coordinate (356704) falls within the allowed range (0.000000--632960.000000).
PASS: For pin "Dout[53]" in the submitted DEF, the x-coordinate (632960) falls onto the allowed coordinate (632960.000000).
PASS: For pin "Dout[53]" in the submitted DEF, the y-coordinate (289120) falls within the allowed range (0.000000--632960.000000).
PASS: For pin "Din[72]" in the submitted DEF, the x-coordinate (0) falls onto the allowed coordinate (0.000000).
PASS: For pin "Din[72]" in the submitted DEF, the y-coordinate (417280) falls within the allowed range (0.000000--632960.000000).
PASS: For pin "Din[124]" in the submitted DEF, the x-coordinate (0) falls onto the allowed coordinate (0.000000).
PASS: For pin "Din[124]" in the submitted DEF, the y-coordinate (327280) falls within the allowed range (0.000000--632960.000000).
PASS: For pin "Kin[37]" in the submitted DEF, the x-coordinate (0) falls onto the allowed coordinate (0.000000).
PASS: For pin "Kin[37]" in the submitted DEF, the y-coordinate (256288) falls within the allowed range (0.000000--632960.000000).
PASS: For pin "Kin[42]" in the submitted DEF, the x-coordinate (0) falls onto the allowed coordinate (0.000000).
PASS: For pin "Kin[42]" in the submitted DEF, the y-coordinate (247648) falls within the allowed range (0.000000--632960.000000).
PASS: For pin "Kin[112]" in the submitted DEF, the x-coordinate (0) falls onto the allowed coordinate (0.000000).
PASS: For pin "Kin[112]" in the submitted DEF, the y-coordinate (126688) falls within the allowed range (0.000000--632960.000000).
PASS: For pin "EN" in the submitted DEF, the x-coordinate (0) falls onto the allowed coordinate (0.000000).
PASS: For pin "EN" in the submitted DEF, the y-coordinate (97600) falls within the allowed range (0.000000--632960.000000).
PASS: For pin "Dout[104]" in the submitted DEF, the x-coordinate (632960) falls onto the allowed coordinate (632960.000000).
PASS: For pin "Dout[104]" in the submitted DEF, the y-coordinate (406912) falls within the allowed range (0.000000--632960.000000).
PASS: For pin "Din[40]" in the submitted DEF, the x-coordinate (0) falls onto the allowed coordinate (0.000000).
PASS: For pin "Din[40]" in the submitted DEF, the y-coordinate (472288) falls within the allowed range (0.000000--632960.000000).
PASS: For pin "Kin[70]" in the submitted DEF, the x-coordinate (0) falls onto the allowed coordinate (0.000000).
PASS: For pin "Kin[70]" in the submitted DEF, the y-coordinate (199552) falls within the allowed range (0.000000--632960.000000).
PASS: For pin "Kin[92]" in the submitted DEF, the x-coordinate (0) falls onto the allowed coordinate (0.000000).
PASS: For pin "Kin[92]" in the submitted DEF, the y-coordinate (161248) falls within the allowed range (0.000000--632960.000000).
PASS: For pin "Kin[120]" in the submitted DEF, the x-coordinate (0) falls onto the allowed coordinate (0.000000).
PASS: For pin "Kin[120]" in the submitted DEF, the y-coordinate (113152) falls within the allowed range (0.000000--632960.000000).
PASS: For pin "Dout[15]" in the submitted DEF, the x-coordinate (632960) falls onto the allowed coordinate (632960.000000).
PASS: For pin "Dout[15]" in the submitted DEF, the y-coordinate (201568) falls within the allowed range (0.000000--632960.000000).
PASS: For pin "Dout[59]" in the submitted DEF, the x-coordinate (632960) falls onto the allowed coordinate (632960.000000).
PASS: For pin "Dout[59]" in the submitted DEF, the y-coordinate (303232) falls within the allowed range (0.000000--632960.000000).
PASS: For pin "Dout[60]" in the submitted DEF, the x-coordinate (632960) falls onto the allowed coordinate (632960.000000).
PASS: For pin "Dout[60]" in the submitted DEF, the y-coordinate (305248) falls within the allowed range (0.000000--632960.000000).
PASS: For pin "Din[34]" in the submitted DEF, the x-coordinate (0) falls onto the allowed coordinate (0.000000).
PASS: For pin "Din[34]" in the submitted DEF, the y-coordinate (482800) falls within the allowed range (0.000000--632960.000000).
PASS: For pin "Din[78]" in the submitted DEF, the x-coordinate (0) falls onto the allowed coordinate (0.000000).
PASS: For pin "Din[78]" in the submitted DEF, the y-coordinate (406912) falls within the allowed range (0.000000--632960.000000).
PASS: For pin "Din[96]" in the submitted DEF, the x-coordinate (0) falls onto the allowed coordinate (0.000000).
PASS: For pin "Din[96]" in the submitted DEF, the y-coordinate (375520) falls within the allowed range (0.000000--632960.000000).
PASS: For pin "Kin[48]" in the submitted DEF, the x-coordinate (0) falls onto the allowed coordinate (0.000000).
PASS: For pin "Kin[48]" in the submitted DEF, the y-coordinate (237280) falls within the allowed range (0.000000--632960.000000).
PASS: For pin "Kin[118]" in the submitted DEF, the x-coordinate (0) falls onto the allowed coordinate (0.000000).
PASS: For pin "Kin[118]" in the submitted DEF, the y-coordinate (116320) falls within the allowed range (0.000000--632960.000000).
PASS: For pin "Dout[81]" in the submitted DEF, the x-coordinate (632960) falls onto the allowed coordinate (632960.000000).
PASS: For pin "Dout[81]" in the submitted DEF, the y-coordinate (353920) falls within the allowed range (0.000000--632960.000000).
PASS: For pin "Dout[119]" in the submitted DEF, the x-coordinate (632960) falls onto the allowed coordinate (632960.000000).
PASS: For pin "Dout[119]" in the submitted DEF, the y-coordinate (441472) falls within the allowed range (0.000000--632960.000000).
PASS: For pin "Din[2]" in the submitted DEF, the x-coordinate (0) falls onto the allowed coordinate (0.000000).
PASS: For pin "Din[2]" in the submitted DEF, the y-coordinate (538240) falls within the allowed range (0.000000--632960.000000).
PASS: For pin "Din[24]" in the submitted DEF, the x-coordinate (0) falls onto the allowed coordinate (0.000000).
PASS: For pin "Din[24]" in the submitted DEF, the y-coordinate (500080) falls within the allowed range (0.000000--632960.000000).
PASS: For pin "Kin[1]" in the submitted DEF, the x-coordinate (0) falls onto the allowed coordinate (0.000000).
PASS: For pin "Kin[1]" in the submitted DEF, the y-coordinate (318640) falls within the allowed range (0.000000--632960.000000).
PASS: For pin "Kin[14]" in the submitted DEF, the x-coordinate (0) falls onto the allowed coordinate (0.000000).
PASS: For pin "Kin[14]" in the submitted DEF, the y-coordinate (296320) falls within the allowed range (0.000000--632960.000000).
PASS: For pin "Kin[83]" in the submitted DEF, the x-coordinate (0) falls onto the allowed coordinate (0.000000).
PASS: For pin "Kin[83]" in the submitted DEF, the y-coordinate (176992) falls within the allowed range (0.000000--632960.000000).
PASS: For pin "Dout[35]" in the submitted DEF, the x-coordinate (632960) falls onto the allowed coordinate (632960.000000).
PASS: For pin "Dout[35]" in the submitted DEF, the y-coordinate (247648) falls within the allowed range (0.000000--632960.000000).
PASS: For pin "Dout[88]" in the submitted DEF, the x-coordinate (632960) falls onto the allowed coordinate (632960.000000).
PASS: For pin "Dout[88]" in the submitted DEF, the y-coordinate (369760) falls within the allowed range (0.000000--632960.000000).
PASS: For pin "Dout[110]" in the submitted DEF, the x-coordinate (632960) falls onto the allowed coordinate (632960.000000).
PASS: For pin "Dout[110]" in the submitted DEF, the y-coordinate (420448) falls within the allowed range (0.000000--632960.000000).
PASS: For pin "Din[54]" in the submitted DEF, the x-coordinate (0) falls onto the allowed coordinate (0.000000).
PASS: For pin "Din[54]" in the submitted DEF, the y-coordinate (448240) falls within the allowed range (0.000000--632960.000000).
PASS: For pin "Kin[8]" in the submitted DEF, the x-coordinate (0) falls onto the allowed coordinate (0.000000).
PASS: For pin "Kin[8]" in the submitted DEF, the y-coordinate (306400) falls within the allowed range (0.000000--632960.000000).
PASS: For pin "Kin[64]" in the submitted DEF, the x-coordinate (0) falls onto the allowed coordinate (0.000000).
PASS: For pin "Kin[64]" in the submitted DEF, the y-coordinate (209920) falls within the allowed range (0.000000--632960.000000).
PASS: For pin "Dout[18]" in the submitted DEF, the x-coordinate (632960) falls onto the allowed coordinate (632960.000000).
PASS: For pin "Dout[18]" in the submitted DEF, the y-coordinate (208768) falls within the allowed range (0.000000--632960.000000).
PASS: For pin "Dout[54]" in the submitted DEF, the x-coordinate (632960) falls onto the allowed coordinate (632960.000000).
PASS: For pin "Dout[54]" in the submitted DEF, the y-coordinate (291424) falls within the allowed range (0.000000--632960.000000).
PASS: For pin "Din[39]" in the submitted DEF, the x-coordinate (0) falls onto the allowed coordinate (0.000000).
PASS: For pin "Din[39]" in the submitted DEF, the y-coordinate (474160) falls within the allowed range (0.000000--632960.000000).
PASS: For pin "Din[75]" in the submitted DEF, the x-coordinate (0) falls onto the allowed coordinate (0.000000).
PASS: For pin "Din[75]" in the submitted DEF, the y-coordinate (412000) falls within the allowed range (0.000000--632960.000000).
PASS: For pin "Din[123]" in the submitted DEF, the x-coordinate (0) falls onto the allowed coordinate (0.000000).
PASS: For pin "Din[123]" in the submitted DEF, the y-coordinate (329056) falls within the allowed range (0.000000--632960.000000).
PASS: For pin "Kin[30]" in the submitted DEF, the x-coordinate (0) falls onto the allowed coordinate (0.000000).
PASS: For pin "Kin[30]" in the submitted DEF, the y-coordinate (268672) falls within the allowed range (0.000000--632960.000000).
PASS: For pin "Kin[45]" in the submitted DEF, the x-coordinate (0) falls onto the allowed coordinate (0.000000).
PASS: For pin "Kin[45]" in the submitted DEF, the y-coordinate (242752) falls within the allowed range (0.000000--632960.000000).
PASS: For pin "Kin[115]" in the submitted DEF, the x-coordinate (0) falls onto the allowed coordinate (0.000000).
PASS: For pin "Kin[115]" in the submitted DEF, the y-coordinate (122464) falls within the allowed range (0.000000--632960.000000).
PASS: For pin "Dout[8]" in the submitted DEF, the x-coordinate (632960) falls onto the allowed coordinate (632960.000000).
PASS: For pin "Dout[8]" in the submitted DEF, the y-coordinate (185440) falls within the allowed range (0.000000--632960.000000).
PASS: For pin "Dout[20]" in the submitted DEF, the x-coordinate (632960) falls onto the allowed coordinate (632960.000000).
PASS: For pin "Dout[20]" in the submitted DEF, the y-coordinate (213088) falls within the allowed range (0.000000--632960.000000).
PASS: For pin "Din[63]" in the submitted DEF, the x-coordinate (0) falls onto the allowed coordinate (0.000000).
PASS: For pin "Din[63]" in the submitted DEF, the y-coordinate (432736) falls within the allowed range (0.000000--632960.000000).
PASS: For pin "Din[89]" in the submitted DEF, the x-coordinate (0) falls onto the allowed coordinate (0.000000).
PASS: For pin "Din[89]" in the submitted DEF, the y-coordinate (387760) falls within the allowed range (0.000000--632960.000000).
PASS: For pin "Din[108]" in the submitted DEF, the x-coordinate (0) falls onto the allowed coordinate (0.000000).
PASS: For pin "Din[108]" in the submitted DEF, the y-coordinate (355072) falls within the allowed range (0.000000--632960.000000).
PASS: For pin "Kin[53]" in the submitted DEF, the x-coordinate (0) falls onto the allowed coordinate (0.000000).
PASS: For pin "Kin[53]" in the submitted DEF, the y-coordinate (228640) falls within the allowed range (0.000000--632960.000000).
PASS: For pin "Kin[103]" in the submitted DEF, the x-coordinate (0) falls onto the allowed coordinate (0.000000).
PASS: For pin "Kin[103]" in the submitted DEF, the y-coordinate (142432) falls within the allowed range (0.000000--632960.000000).
PASS: For pin "Dout[41]" in the submitted DEF, the x-coordinate (632960) falls onto the allowed coordinate (632960.000000).
PASS: For pin "Dout[41]" in the submitted DEF, the y-coordinate (261760) falls within the allowed range (0.000000--632960.000000).
PASS: For pin "Dout[96]" in the submitted DEF, the x-coordinate (632960) falls onto the allowed coordinate (632960.000000).
PASS: For pin "Dout[96]" in the submitted DEF, the y-coordinate (388480) falls within the allowed range (0.000000--632960.000000).
PASS: For pin "Din[15]" in the submitted DEF, the x-coordinate (0) falls onto the allowed coordinate (0.000000).
PASS: For pin "Din[15]" in the submitted DEF, the y-coordinate (515680) falls within the allowed range (0.000000--632960.000000).
PASS: For pin "Din[110]" in the submitted DEF, the x-coordinate (0) falls onto the allowed coordinate (0.000000).
PASS: For pin "Din[110]" in the submitted DEF, the y-coordinate (351328) falls within the allowed range (0.000000--632960.000000).
PASS: For pin "Kin[25]" in the submitted DEF, the x-coordinate (0) falls onto the allowed coordinate (0.000000).
PASS: For pin "Kin[25]" in the submitted DEF, the y-coordinate (277312) falls within the allowed range (0.000000--632960.000000).
PASS: For pin "Kin[98]" in the submitted DEF, the x-coordinate (0) falls onto the allowed coordinate (0.000000).
PASS: For pin "Kin[98]" in the submitted DEF, the y-coordinate (150880) falls within the allowed range (0.000000--632960.000000).
PASS: For pin "Dout[48]" in the submitted DEF, the x-coordinate (632960) falls onto the allowed coordinate (632960.000000).
PASS: For pin "Dout[48]" in the submitted DEF, the y-coordinate (277888) falls within the allowed range (0.000000--632960.000000).
PASS: For pin "Dout[107]" in the submitted DEF, the x-coordinate (632960) falls onto the allowed coordinate (632960.000000).
PASS: For pin "Dout[107]" in the submitted DEF, the y-coordinate (413680) falls within the allowed range (0.000000--632960.000000).
PASS: For pin "Din[43]" in the submitted DEF, the x-coordinate (0) falls onto the allowed coordinate (0.000000).
PASS: For pin "Din[43]" in the submitted DEF, the y-coordinate (468064) falls within the allowed range (0.000000--632960.000000).
PASS: For pin "Din[119]" in the submitted DEF, the x-coordinate (0) falls onto the allowed coordinate (0.000000).
PASS: For pin "Din[119]" in the submitted DEF, the y-coordinate (335920) falls within the allowed range (0.000000--632960.000000).
PASS: For pin "Kin[73]" in the submitted DEF, the x-coordinate (0) falls onto the allowed coordinate (0.000000).
PASS: For pin "Kin[73]" in the submitted DEF, the y-coordinate (194080) falls within the allowed range (0.000000--632960.000000).
PASS: For pin "Kin[91]" in the submitted DEF, the x-coordinate (0) falls onto the allowed coordinate (0.000000).
PASS: For pin "Kin[91]" in the submitted DEF, the y-coordinate (163120) falls within the allowed range (0.000000--632960.000000).
PASS: For pin "Kin[123]" in the submitted DEF, the x-coordinate (0) falls onto the allowed coordinate (0.000000).
PASS: For pin "Kin[123]" in the submitted DEF, the y-coordinate (107872) falls within the allowed range (0.000000--632960.000000).
PASS: For pin "Dout[25]" in the submitted DEF, the x-coordinate (632960) falls onto the allowed coordinate (632960.000000).
PASS: For pin "Dout[25]" in the submitted DEF, the y-coordinate (224896) falls within the allowed range (0.000000--632960.000000).
PASS: For pin "Din[66]" in the submitted DEF, the x-coordinate (0) falls onto the allowed coordinate (0.000000).
PASS: For pin "Din[66]" in the submitted DEF, the y-coordinate (427360) falls within the allowed range (0.000000--632960.000000).
PASS: For pin "Kin[56]" in the submitted DEF, the x-coordinate (0) falls onto the allowed coordinate (0.000000).
PASS: For pin "Kin[56]" in the submitted DEF, the y-coordinate (223600) falls within the allowed range (0.000000--632960.000000).
PASS: For pin "Kin[106]" in the submitted DEF, the x-coordinate (0) falls onto the allowed coordinate (0.000000).
PASS: For pin "Kin[106]" in the submitted DEF, the y-coordinate (137200) falls within the allowed range (0.000000--632960.000000).
PASS: For pin "Dout[86]" in the submitted DEF, the x-coordinate (632960) falls onto the allowed coordinate (632960.000000).
PASS: For pin "Dout[86]" in the submitted DEF, the y-coordinate (365440) falls within the allowed range (0.000000--632960.000000).
PASS: For pin "Din[5]" in the submitted DEF, the x-coordinate (0) falls onto the allowed coordinate (0.000000).
PASS: For pin "Din[5]" in the submitted DEF, the y-coordinate (532768) falls within the allowed range (0.000000--632960.000000).
PASS: For pin "Din[23]" in the submitted DEF, the x-coordinate (0) falls onto the allowed coordinate (0.000000).
PASS: For pin "Din[23]" in the submitted DEF, the y-coordinate (501856) falls within the allowed range (0.000000--632960.000000).
PASS: For pin "Kin[6]" in the submitted DEF, the x-coordinate (0) falls onto the allowed coordinate (0.000000).
PASS: For pin "Kin[6]" in the submitted DEF, the y-coordinate (310000) falls within the allowed range (0.000000--632960.000000).
PASS: For pin "Kin[13]" in the submitted DEF, the x-coordinate (0) falls onto the allowed coordinate (0.000000).
PASS: For pin "Kin[13]" in the submitted DEF, the y-coordinate (297760) falls within the allowed range (0.000000--632960.000000).
PASS: For pin "Kin[84]" in the submitted DEF, the x-coordinate (0) falls onto the allowed coordinate (0.000000).
PASS: For pin "Kin[84]" in the submitted DEF, the y-coordinate (175360) falls within the allowed range (0.000000--632960.000000).
PASS: For pin "Dout[3]" in the submitted DEF, the x-coordinate (632960) falls onto the allowed coordinate (632960.000000).
PASS: For pin "Dout[3]" in the submitted DEF, the y-coordinate (174208) falls within the allowed range (0.000000--632960.000000).
PASS: For pin "Dout[70]" in the submitted DEF, the x-coordinate (632960) falls onto the allowed coordinate (632960.000000).
PASS: For pin "Dout[70]" in the submitted DEF, the y-coordinate (328576) falls within the allowed range (0.000000--632960.000000).
PASS: For pin "Dout[124]" in the submitted DEF, the x-coordinate (632960) falls onto the allowed coordinate (632960.000000).
PASS: For pin "Dout[124]" in the submitted DEF, the y-coordinate (452704) falls within the allowed range (0.000000--632960.000000).
PASS: For pin "Din[68]" in the submitted DEF, the x-coordinate (0) falls onto the allowed coordinate (0.000000).
PASS: For pin "Din[68]" in the submitted DEF, the y-coordinate (424192) falls within the allowed range (0.000000--632960.000000).
PASS: For pin "Din[82]" in the submitted DEF, the x-coordinate (0) falls onto the allowed coordinate (0.000000).
PASS: For pin "Din[82]" in the submitted DEF, the y-coordinate (400000) falls within the allowed range (0.000000--632960.000000).
PASS: For pin "Din[103]" in the submitted DEF, the x-coordinate (0) falls onto the allowed coordinate (0.000000).
PASS: For pin "Din[103]" in the submitted DEF, the y-coordinate (363616) falls within the allowed range (0.000000--632960.000000).
PASS: For pin "Kin[58]" in the submitted DEF, the x-coordinate (0) falls onto the allowed coordinate (0.000000).
PASS: For pin "Kin[58]" in the submitted DEF, the y-coordinate (220000) falls within the allowed range (0.000000--632960.000000).
PASS: For pin "Kin[108]" in the submitted DEF, the x-coordinate (0) falls onto the allowed coordinate (0.000000).
PASS: For pin "Kin[108]" in the submitted DEF, the y-coordinate (133600) falls within the allowed range (0.000000--632960.000000).
PASS: For pin "Dout[57]" in the submitted DEF, the x-coordinate (632960) falls onto the allowed coordinate (632960.000000).
PASS: For pin "Dout[57]" in the submitted DEF, the y-coordinate (298336) falls within the allowed range (0.000000--632960.000000).
PASS: For pin "Din[76]" in the submitted DEF, the x-coordinate (0) falls onto the allowed coordinate (0.000000).
PASS: For pin "Din[76]" in the submitted DEF, the y-coordinate (410080) falls within the allowed range (0.000000--632960.000000).
PASS: For pin "Din[98]" in the submitted DEF, the x-coordinate (0) falls onto the allowed coordinate (0.000000).
PASS: For pin "Din[98]" in the submitted DEF, the y-coordinate (372352) falls within the allowed range (0.000000--632960.000000).
PASS: For pin "Din[120]" in the submitted DEF, the x-coordinate (0) falls onto the allowed coordinate (0.000000).
PASS: For pin "Din[120]" in the submitted DEF, the y-coordinate (334048) falls within the allowed range (0.000000--632960.000000).
PASS: For pin "Kin[33]" in the submitted DEF, the x-coordinate (0) falls onto the allowed coordinate (0.000000).
PASS: For pin "Kin[33]" in the submitted DEF, the y-coordinate (263200) falls within the allowed range (0.000000--632960.000000).
PASS: For pin "Kin[46]" in the submitted DEF, the x-coordinate (0) falls onto the allowed coordinate (0.000000).
PASS: For pin "Kin[46]" in the submitted DEF, the y-coordinate (240880) falls within the allowed range (0.000000--632960.000000).
PASS: For pin "Kin[116]" in the submitted DEF, the x-coordinate (0) falls onto the allowed coordinate (0.000000).
PASS: For pin "Kin[116]" in the submitted DEF, the y-coordinate (119920) falls within the allowed range (0.000000--632960.000000).
PASS: For pin "Dout[98]" in the submitted DEF, the x-coordinate (632960) falls onto the allowed coordinate (632960.000000).
PASS: For pin "Dout[98]" in the submitted DEF, the y-coordinate (392800) falls within the allowed range (0.000000--632960.000000).
PASS: For pin "Dout[100]" in the submitted DEF, the x-coordinate (632960) falls onto the allowed coordinate (632960.000000).
PASS: For pin "Dout[100]" in the submitted DEF, the y-coordinate (397696) falls within the allowed range (0.000000--632960.000000).
PASS: For pin "Din[44]" in the submitted DEF, the x-coordinate (0) falls onto the allowed coordinate (0.000000).
PASS: For pin "Din[44]" in the submitted DEF, the y-coordinate (465520) falls within the allowed range (0.000000--632960.000000).
PASS: For pin "Kin[74]" in the submitted DEF, the x-coordinate (0) falls onto the allowed coordinate (0.000000).
PASS: For pin "Kin[74]" in the submitted DEF, the y-coordinate (192640) falls within the allowed range (0.000000--632960.000000).
PASS: For pin "Kin[96]" in the submitted DEF, the x-coordinate (0) falls onto the allowed coordinate (0.000000).
PASS: For pin "Kin[96]" in the submitted DEF, the y-coordinate (154480) falls within the allowed range (0.000000--632960.000000).
PASS: For pin "Kin[124]" in the submitted DEF, the x-coordinate (0) falls onto the allowed coordinate (0.000000).
PASS: For pin "Kin[124]" in the submitted DEF, the y-coordinate (106240) falls within the allowed range (0.000000--632960.000000).
PASS: For pin "Dout[11]" in the submitted DEF, the x-coordinate (632960) falls onto the allowed coordinate (632960.000000).
PASS: For pin "Dout[11]" in the submitted DEF, the y-coordinate (192640) falls within the allowed range (0.000000--632960.000000).
PASS: For pin "Dout[64]" in the submitted DEF, the x-coordinate (632960) falls onto the allowed coordinate (632960.000000).
PASS: For pin "Dout[64]" in the submitted DEF, the y-coordinate (314464) falls within the allowed range (0.000000--632960.000000).
PASS: For pin "Din[30]" in the submitted DEF, the x-coordinate (0) falls onto the allowed coordinate (0.000000).
PASS: For pin "Din[30]" in the submitted DEF, the y-coordinate (489568) falls within the allowed range (0.000000--632960.000000).
PASS: For pin "Din[92]" in the submitted DEF, the x-coordinate (0) falls onto the allowed coordinate (0.000000).
PASS: For pin "Din[92]" in the submitted DEF, the y-coordinate (382720) falls within the allowed range (0.000000--632960.000000).
PASS: For pin "Kin[39]" in the submitted DEF, the x-coordinate (0) falls onto the allowed coordinate (0.000000).
PASS: For pin "Kin[39]" in the submitted DEF, the y-coordinate (253024) falls within the allowed range (0.000000--632960.000000).
PASS: For pin "Dout[30]" in the submitted DEF, the x-coordinate (632960) falls onto the allowed coordinate (632960.000000).
PASS: For pin "Dout[30]" in the submitted DEF, the y-coordinate (236128) falls within the allowed range (0.000000--632960.000000).
PASS: For pin "Dout[115]" in the submitted DEF, the x-coordinate (632960) falls onto the allowed coordinate (632960.000000).
PASS: For pin "Dout[115]" in the submitted DEF, the y-coordinate (432256) falls within the allowed range (0.000000--632960.000000).
PASS: For pin "Din[28]" in the submitted DEF, the x-coordinate (0) falls onto the allowed coordinate (0.000000).
PASS: For pin "Din[28]" in the submitted DEF, the y-coordinate (493312) falls within the allowed range (0.000000--632960.000000).
PASS: For pin "Din[51]" in the submitted DEF, the x-coordinate (0) falls onto the allowed coordinate (0.000000).
PASS: For pin "Din[51]" in the submitted DEF, the y-coordinate (453472) falls within the allowed range (0.000000--632960.000000).
PASS: For pin "Kin[18]" in the submitted DEF, the x-coordinate (0) falls onto the allowed coordinate (0.000000).
PASS: For pin "Kin[18]" in the submitted DEF, the y-coordinate (289120) falls within the allowed range (0.000000--632960.000000).
PASS: For pin "Kin[61]" in the submitted DEF, the x-coordinate (0) falls onto the allowed coordinate (0.000000).
PASS: For pin "Kin[61]" in the submitted DEF, the y-coordinate (214960) falls within the allowed range (0.000000--632960.000000).
PASS: For pin "Dout[26]" in the submitted DEF, the x-coordinate (632960) falls onto the allowed coordinate (632960.000000).
PASS: For pin "Dout[26]" in the submitted DEF, the y-coordinate (227200) falls within the allowed range (0.000000--632960.000000).
PASS: For pin "Din[65]" in the submitted DEF, the x-coordinate (0) falls onto the allowed coordinate (0.000000).
PASS: For pin "Din[65]" in the submitted DEF, the y-coordinate (429088) falls within the allowed range (0.000000--632960.000000).
PASS: For pin "Kin[55]" in the submitted DEF, the x-coordinate (0) falls onto the allowed coordinate (0.000000).
PASS: For pin "Kin[55]" in the submitted DEF, the y-coordinate (225376) falls within the allowed range (0.000000--632960.000000).
PASS: For pin "Kin[105]" in the submitted DEF, the x-coordinate (0) falls onto the allowed coordinate (0.000000).
PASS: For pin "Kin[105]" in the submitted DEF, the y-coordinate (139072) falls within the allowed range (0.000000--632960.000000).
PASS: For pin "Dout[14]" in the submitted DEF, the x-coordinate (632960) falls onto the allowed coordinate (632960.000000).
PASS: For pin "Dout[14]" in the submitted DEF, the y-coordinate (199552) falls within the allowed range (0.000000--632960.000000).
PASS: For pin "Dout[58]" in the submitted DEF, the x-coordinate (632960) falls onto the allowed coordinate (632960.000000).
PASS: For pin "Dout[58]" in the submitted DEF, the y-coordinate (300640) falls within the allowed range (0.000000--632960.000000).
PASS: For pin "Dout[61]" in the submitted DEF, the x-coordinate (632960) falls onto the allowed coordinate (632960.000000).
PASS: For pin "Dout[61]" in the submitted DEF, the y-coordinate (307552) falls within the allowed range (0.000000--632960.000000).
PASS: For pin "Din[35]" in the submitted DEF, the x-coordinate (0) falls onto the allowed coordinate (0.000000).
PASS: For pin "Din[35]" in the submitted DEF, the y-coordinate (481120) falls within the allowed range (0.000000--632960.000000).
PASS: For pin "Din[79]" in the submitted DEF, the x-coordinate (0) falls onto the allowed coordinate (0.000000).
PASS: For pin "Din[79]" in the submitted DEF, the y-coordinate (405040) falls within the allowed range (0.000000--632960.000000).
PASS: For pin "Din[97]" in the submitted DEF, the x-coordinate (0) falls onto the allowed coordinate (0.000000).
PASS: For pin "Din[97]" in the submitted DEF, the y-coordinate (374080) falls within the allowed range (0.000000--632960.000000).
PASS: For pin "Kin[49]" in the submitted DEF, the x-coordinate (0) falls onto the allowed coordinate (0.000000).
PASS: For pin "Kin[49]" in the submitted DEF, the y-coordinate (235840) falls within the allowed range (0.000000--632960.000000).
PASS: For pin "Kin[119]" in the submitted DEF, the x-coordinate (0) falls onto the allowed coordinate (0.000000).
PASS: For pin "Kin[119]" in the submitted DEF, the y-coordinate (115552) falls within the allowed range (0.000000--632960.000000).
PASS: For pin "Dvld" in the submitted DEF, the x-coordinate (632960) falls onto the allowed coordinate (632960.000000).
PASS: For pin "Dvld" in the submitted DEF, the y-coordinate (461920) falls within the allowed range (0.000000--632960.000000).
PASS: For pin "Dout[4]" in the submitted DEF, the x-coordinate (632960) falls onto the allowed coordinate (632960.000000).
PASS: For pin "Dout[4]" in the submitted DEF, the y-coordinate (176224) falls within the allowed range (0.000000--632960.000000).
PASS: For pin "Dout[77]" in the submitted DEF, the x-coordinate (632960) falls onto the allowed coordinate (632960.000000).
PASS: For pin "Dout[77]" in the submitted DEF, the y-coordinate (344560) falls within the allowed range (0.000000--632960.000000).
PASS: For pin "Dout[123]" in the submitted DEF, the x-coordinate (632960) falls onto the allowed coordinate (632960.000000).
PASS: For pin "Dout[123]" in the submitted DEF, the y-coordinate (450688) falls within the allowed range (0.000000--632960.000000).
PASS: For pin "Din[85]" in the submitted DEF, the x-coordinate (0) falls onto the allowed coordinate (0.000000).
PASS: For pin "Din[85]" in the submitted DEF, the y-coordinate (394528) falls within the allowed range (0.000000--632960.000000).
PASS: For pin "Din[104]" in the submitted DEF, the x-coordinate (0) falls onto the allowed coordinate (0.000000).
PASS: For pin "Din[104]" in the submitted DEF, the y-coordinate (361840) falls within the allowed range (0.000000--632960.000000).
PASS: For pin "Drdy" in the submitted DEF, the x-coordinate (0) falls onto the allowed coordinate (0.000000).
PASS: For pin "Drdy" in the submitted DEF, the y-coordinate (92128) falls within the allowed range (0.000000--632960.000000).
PASS: For pin "Dout[45]" in the submitted DEF, the x-coordinate (632960) falls onto the allowed coordinate (632960.000000).
PASS: For pin "Dout[45]" in the submitted DEF, the y-coordinate (270688) falls within the allowed range (0.000000--632960.000000).
PASS: For pin "Dout[92]" in the submitted DEF, the x-coordinate (632960) falls onto the allowed coordinate (632960.000000).
PASS: For pin "Dout[92]" in the submitted DEF, the y-coordinate (379120) falls within the allowed range (0.000000--632960.000000).
PASS: For pin "Din[11]" in the submitted DEF, the x-coordinate (0) falls onto the allowed coordinate (0.000000).
PASS: For pin "Din[11]" in the submitted DEF, the y-coordinate (522592) falls within the allowed range (0.000000--632960.000000).
PASS: For pin "Din[114]" in the submitted DEF, the x-coordinate (0) falls onto the allowed coordinate (0.000000).
PASS: For pin "Din[114]" in the submitted DEF, the y-coordinate (344560) falls within the allowed range (0.000000--632960.000000).
PASS: For pin "Kin[21]" in the submitted DEF, the x-coordinate (0) falls onto the allowed coordinate (0.000000).
PASS: For pin "Kin[21]" in the submitted DEF, the y-coordinate (284080) falls within the allowed range (0.000000--632960.000000).
PASS: For pin "CLK" in the submitted DEF, the x-coordinate (0) falls onto the allowed coordinate (0.000000).
PASS: For pin "CLK" in the submitted DEF, the y-coordinate (99040) falls within the allowed range (0.000000--632960.000000).
PASS: For pin "Dout[103]" in the submitted DEF, the x-coordinate (632960) falls onto the allowed coordinate (632960.000000).
PASS: For pin "Dout[103]" in the submitted DEF, the y-coordinate (404320) falls within the allowed range (0.000000--632960.000000).
PASS: For pin "Din[18]" in the submitted DEF, the x-coordinate (0) falls onto the allowed coordinate (0.000000).
PASS: For pin "Din[18]" in the submitted DEF, the y-coordinate (510592) falls within the allowed range (0.000000--632960.000000).
PASS: For pin "Din[47]" in the submitted DEF, the x-coordinate (0) falls onto the allowed coordinate (0.000000).
PASS: For pin "Din[47]" in the submitted DEF, the y-coordinate (461152) falls within the allowed range (0.000000--632960.000000).
PASS: For pin "Kin[28]" in the submitted DEF, the x-coordinate (0) falls onto the allowed coordinate (0.000000).
PASS: For pin "Kin[28]" in the submitted DEF, the y-coordinate (271840) falls within the allowed range (0.000000--632960.000000).
PASS: For pin "Kin[77]" in the submitted DEF, the x-coordinate (0) falls onto the allowed coordinate (0.000000).
PASS: For pin "Kin[77]" in the submitted DEF, the y-coordinate (187168) falls within the allowed range (0.000000--632960.000000).
PASS: For pin "Kin[95]" in the submitted DEF, the x-coordinate (0) falls onto the allowed coordinate (0.000000).
PASS: For pin "Kin[95]" in the submitted DEF, the y-coordinate (156256) falls within the allowed range (0.000000--632960.000000).
PASS: For pin "Kin[127]" in the submitted DEF, the x-coordinate (0) falls onto the allowed coordinate (0.000000).
PASS: For pin "Kin[127]" in the submitted DEF, the y-coordinate (100960) falls within the allowed range (0.000000--632960.000000).
PASS: For pin "Dout[9]" in the submitted DEF, the x-coordinate (632960) falls onto the allowed coordinate (632960.000000).
PASS: For pin "Dout[9]" in the submitted DEF, the y-coordinate (187744) falls within the allowed range (0.000000--632960.000000).
PASS: For pin "Dout[21]" in the submitted DEF, the x-coordinate (632960) falls onto the allowed coordinate (632960.000000).
PASS: For pin "Dout[21]" in the submitted DEF, the y-coordinate (215680) falls within the allowed range (0.000000--632960.000000).
PASS: For pin "Din[62]" in the submitted DEF, the x-coordinate (0) falls onto the allowed coordinate (0.000000).
PASS: For pin "Din[62]" in the submitted DEF, the y-coordinate (434560) falls within the allowed range (0.000000--632960.000000).
PASS: For pin "Din[88]" in the submitted DEF, the x-coordinate (0) falls onto the allowed coordinate (0.000000).
PASS: For pin "Din[88]" in the submitted DEF, the y-coordinate (389632) falls within the allowed range (0.000000--632960.000000).
PASS: For pin "Din[109]" in the submitted DEF, the x-coordinate (0) falls onto the allowed coordinate (0.000000).
PASS: For pin "Din[109]" in the submitted DEF, the y-coordinate (353200) falls within the allowed range (0.000000--632960.000000).
PASS: For pin "Kin[52]" in the submitted DEF, the x-coordinate (0) falls onto the allowed coordinate (0.000000).
PASS: For pin "Kin[52]" in the submitted DEF, the y-coordinate (230368) falls within the allowed range (0.000000--632960.000000).
PASS: For pin "Kin[102]" in the submitted DEF, the x-coordinate (0) falls onto the allowed coordinate (0.000000).
PASS: For pin "Kin[102]" in the submitted DEF, the y-coordinate (143968) falls within the allowed range (0.000000--632960.000000).
PASS: For pin "Dout[82]" in the submitted DEF, the x-coordinate (632960) falls onto the allowed coordinate (632960.000000).
PASS: For pin "Dout[82]" in the submitted DEF, the y-coordinate (356224) falls within the allowed range (0.000000--632960.000000).
PASS: For pin "Din[1]" in the submitted DEF, the x-coordinate (0) falls onto the allowed coordinate (0.000000).
PASS: For pin "Din[1]" in the submitted DEF, the y-coordinate (539680) falls within the allowed range (0.000000--632960.000000).
PASS: For pin "Din[27]" in the submitted DEF, the x-coordinate (0) falls onto the allowed coordinate (0.000000).
PASS: For pin "Din[27]" in the submitted DEF, the y-coordinate (494944) falls within the allowed range (0.000000--632960.000000).
PASS: For pin "Kin[2]" in the submitted DEF, the x-coordinate (0) falls onto the allowed coordinate (0.000000).
PASS: For pin "Kin[2]" in the submitted DEF, the y-coordinate (316768) falls within the allowed range (0.000000--632960.000000).
PASS: For pin "Kin[17]" in the submitted DEF, the x-coordinate (0) falls onto the allowed coordinate (0.000000).
PASS: For pin "Kin[17]" in the submitted DEF, the y-coordinate (290848) falls within the allowed range (0.000000--632960.000000).
PASS: For pin "Kin[80]" in the submitted DEF, the x-coordinate (0) falls onto the allowed coordinate (0.000000).
PASS: For pin "Kin[80]" in the submitted DEF, the y-coordinate (182272) falls within the allowed range (0.000000--632960.000000).
PASS: For pin "Dout[52]" in the submitted DEF, the x-coordinate (632960) falls onto the allowed coordinate (632960.000000).
PASS: For pin "Dout[52]" in the submitted DEF, the y-coordinate (287104) falls within the allowed range (0.000000--632960.000000).
PASS: For pin "Din[73]" in the submitted DEF, the x-coordinate (0) falls onto the allowed coordinate (0.000000).
PASS: For pin "Din[73]" in the submitted DEF, the y-coordinate (415552) falls within the allowed range (0.000000--632960.000000).
PASS: For pin "Din[125]" in the submitted DEF, the x-coordinate (0) falls onto the allowed coordinate (0.000000).
PASS: For pin "Din[125]" in the submitted DEF, the y-coordinate (325408) falls within the allowed range (0.000000--632960.000000).
PASS: For pin "Kin[36]" in the submitted DEF, the x-coordinate (0) falls onto the allowed coordinate (0.000000).
PASS: For pin "Kin[36]" in the submitted DEF, the y-coordinate (258160) falls within the allowed range (0.000000--632960.000000).
PASS: For pin "Kin[43]" in the submitted DEF, the x-coordinate (0) falls onto the allowed coordinate (0.000000).
PASS: For pin "Kin[43]" in the submitted DEF, the y-coordinate (246112) falls within the allowed range (0.000000--632960.000000).
PASS: For pin "Kin[113]" in the submitted DEF, the x-coordinate (0) falls onto the allowed coordinate (0.000000).
PASS: For pin "Kin[113]" in the submitted DEF, the y-coordinate (124960) falls within the allowed range (0.000000--632960.000000).
PASS: For pin "EncDec" in the submitted DEF, the x-coordinate (0) falls onto the allowed coordinate (0.000000).
PASS: For pin "EncDec" in the submitted DEF, the y-coordinate (94000) falls within the allowed range (0.000000--632960.000000).
PASS: For pin "Dout[17]" in the submitted DEF, the x-coordinate (632960) falls onto the allowed coordinate (632960.000000).
PASS: For pin "Dout[17]" in the submitted DEF, the y-coordinate (206320) falls within the allowed range (0.000000--632960.000000).
PASS: For pin "Dout[62]" in the submitted DEF, the x-coordinate (632960) falls onto the allowed coordinate (632960.000000).
PASS: For pin "Dout[62]" in the submitted DEF, the y-coordinate (310000) falls within the allowed range (0.000000--632960.000000).
PASS: For pin "Din[36]" in the submitted DEF, the x-coordinate (0) falls onto the allowed coordinate (0.000000).
PASS: For pin "Din[36]" in the submitted DEF, the y-coordinate (479200) falls within the allowed range (0.000000--632960.000000).
PASS: For pin "Din[94]" in the submitted DEF, the x-coordinate (0) falls onto the allowed coordinate (0.000000).
PASS: For pin "Din[94]" in the submitted DEF, the y-coordinate (379120) falls within the allowed range (0.000000--632960.000000).
PASS: For pin "Dout[87]" in the submitted DEF, the x-coordinate (632960) falls onto the allowed coordinate (632960.000000).
PASS: For pin "Dout[87]" in the submitted DEF, the y-coordinate (367456) falls within the allowed range (0.000000--632960.000000).
PASS: For pin "Din[4]" in the submitted DEF, the x-coordinate (0) falls onto the allowed coordinate (0.000000).
PASS: For pin "Din[4]" in the submitted DEF, the y-coordinate (534640) falls within the allowed range (0.000000--632960.000000).
PASS: For pin "Din[22]" in the submitted DEF, the x-coordinate (0) falls onto the allowed coordinate (0.000000).
PASS: For pin "Din[22]" in the submitted DEF, the y-coordinate (503680) falls within the allowed range (0.000000--632960.000000).
PASS: For pin "Kin[7]" in the submitted DEF, the x-coordinate (0) falls onto the allowed coordinate (0.000000).
PASS: For pin "Kin[7]" in the submitted DEF, the y-coordinate (308320) falls within the allowed range (0.000000--632960.000000).
PASS: For pin "Kin[12]" in the submitted DEF, the x-coordinate (0) falls onto the allowed coordinate (0.000000).
PASS: For pin "Kin[12]" in the submitted DEF, the y-coordinate (299488) falls within the allowed range (0.000000--632960.000000).
PASS: For pin "Kin[85]" in the submitted DEF, the x-coordinate (0) falls onto the allowed coordinate (0.000000).
PASS: For pin "Kin[85]" in the submitted DEF, the y-coordinate (173632) falls within the allowed range (0.000000--632960.000000).
PASS: For pin "Dout[42]" in the submitted DEF, the x-coordinate (632960) falls onto the allowed coordinate (632960.000000).
PASS: For pin "Dout[42]" in the submitted DEF, the y-coordinate (263776) falls within the allowed range (0.000000--632960.000000).
PASS: For pin "Dout[95]" in the submitted DEF, the x-coordinate (632960) falls onto the allowed coordinate (632960.000000).
PASS: For pin "Dout[95]" in the submitted DEF, the y-coordinate (385888) falls within the allowed range (0.000000--632960.000000).
PASS: For pin "Din[16]" in the submitted DEF, the x-coordinate (0) falls onto the allowed coordinate (0.000000).
PASS: For pin "Din[16]" in the submitted DEF, the y-coordinate (513760) falls within the allowed range (0.000000--632960.000000).
PASS: For pin "Din[49]" in the submitted DEF, the x-coordinate (0) falls onto the allowed coordinate (0.000000).
PASS: For pin "Din[49]" in the submitted DEF, the y-coordinate (456880) falls within the allowed range (0.000000--632960.000000).
PASS: For pin "Din[113]" in the submitted DEF, the x-coordinate (0) falls onto the allowed coordinate (0.000000).
PASS: For pin "Din[113]" in the submitted DEF, the y-coordinate (346432) falls within the allowed range (0.000000--632960.000000).
PASS: For pin "Kin[26]" in the submitted DEF, the x-coordinate (0) falls onto the allowed coordinate (0.000000).
PASS: For pin "Kin[26]" in the submitted DEF, the y-coordinate (275440) falls within the allowed range (0.000000--632960.000000).
PASS: For pin "Kin[79]" in the submitted DEF, the x-coordinate (0) falls onto the allowed coordinate (0.000000).
PASS: For pin "Kin[79]" in the submitted DEF, the y-coordinate (183904) falls within the allowed range (0.000000--632960.000000).
PASS: For pin "Dout[34]" in the submitted DEF, the x-coordinate (632960) falls onto the allowed coordinate (632960.000000).
PASS: For pin "Dout[34]" in the submitted DEF, the y-coordinate (245344) falls within the allowed range (0.000000--632960.000000).
PASS: For pin "Dout[89]" in the submitted DEF, the x-coordinate (632960) falls onto the allowed coordinate (632960.000000).
PASS: For pin "Dout[89]" in the submitted DEF, the y-coordinate (372352) falls within the allowed range (0.000000--632960.000000).
PASS: For pin "Dout[111]" in the submitted DEF, the x-coordinate (632960) falls onto the allowed coordinate (632960.000000).
PASS: For pin "Dout[111]" in the submitted DEF, the y-coordinate (423040) falls within the allowed range (0.000000--632960.000000).
PASS: For pin "Din[55]" in the submitted DEF, the x-coordinate (0) falls onto the allowed coordinate (0.000000).
PASS: For pin "Din[55]" in the submitted DEF, the y-coordinate (446560) falls within the allowed range (0.000000--632960.000000).
PASS: For pin "Kin[9]" in the submitted DEF, the x-coordinate (0) falls onto the allowed coordinate (0.000000).
PASS: For pin "Kin[9]" in the submitted DEF, the y-coordinate (304960) falls within the allowed range (0.000000--632960.000000).
PASS: For pin "Kin[65]" in the submitted DEF, the x-coordinate (0) falls onto the allowed coordinate (0.000000).
PASS: For pin "Kin[65]" in the submitted DEF, the y-coordinate (208192) falls within the allowed range (0.000000--632960.000000).
PASS: For pin "Dout[22]" in the submitted DEF, the x-coordinate (632960) falls onto the allowed coordinate (632960.000000).
PASS: For pin "Dout[22]" in the submitted DEF, the y-coordinate (217984) falls within the allowed range (0.000000--632960.000000).
PASS: For pin "Dout[79]" in the submitted DEF, the x-coordinate (632960) falls onto the allowed coordinate (632960.000000).
PASS: For pin "Dout[79]" in the submitted DEF, the y-coordinate (349024) falls within the allowed range (0.000000--632960.000000).
PASS: For pin "Din[61]" in the submitted DEF, the x-coordinate (0) falls onto the allowed coordinate (0.000000).
PASS: For pin "Din[61]" in the submitted DEF, the y-coordinate (436000) falls within the allowed range (0.000000--632960.000000).
PASS: For pin "Kin[51]" in the submitted DEF, the x-coordinate (0) falls onto the allowed coordinate (0.000000).
PASS: For pin "Kin[51]" in the submitted DEF, the y-coordinate (232240) falls within the allowed range (0.000000--632960.000000).
PASS: For pin "Kin[101]" in the submitted DEF, the x-coordinate (0) falls onto the allowed coordinate (0.000000).
PASS: For pin "Kin[101]" in the submitted DEF, the y-coordinate (145840) falls within the allowed range (0.000000--632960.000000).
PASS: For pin "Dout[10]" in the submitted DEF, the x-coordinate (632960) falls onto the allowed coordinate (632960.000000).
PASS: For pin "Dout[10]" in the submitted DEF, the y-coordinate (190336) falls within the allowed range (0.000000--632960.000000).
PASS: For pin "Dout[65]" in the submitted DEF, the x-coordinate (632960) falls onto the allowed coordinate (632960.000000).
PASS: For pin "Dout[65]" in the submitted DEF, the y-coordinate (316768) falls within the allowed range (0.000000--632960.000000).
PASS: For pin "Din[31]" in the submitted DEF, the x-coordinate (0) falls onto the allowed coordinate (0.000000).
PASS: For pin "Din[31]" in the submitted DEF, the y-coordinate (488032) falls within the allowed range (0.000000--632960.000000).
PASS: For pin "Din[93]" in the submitted DEF, the x-coordinate (0) falls onto the allowed coordinate (0.000000).
PASS: For pin "Din[93]" in the submitted DEF, the y-coordinate (380992) falls within the allowed range (0.000000--632960.000000).
PASS: For pin "Kin[38]" in the submitted DEF, the x-coordinate (0) falls onto the allowed coordinate (0.000000).
PASS: For pin "Kin[38]" in the submitted DEF, the y-coordinate (254560) falls within the allowed range (0.000000--632960.000000).
PASS: For pin "Dout[0]" in the submitted DEF, the x-coordinate (632960) falls onto the allowed coordinate (632960.000000).
PASS: For pin "Dout[0]" in the submitted DEF, the y-coordinate (167008) falls within the allowed range (0.000000--632960.000000).
PASS: For pin "Dout[28]" in the submitted DEF, the x-coordinate (632960) falls onto the allowed coordinate (632960.000000).
PASS: For pin "Dout[28]" in the submitted DEF, the y-coordinate (231520) falls within the allowed range (0.000000--632960.000000).
PASS: For pin "Dout[73]" in the submitted DEF, the x-coordinate (632960) falls onto the allowed coordinate (632960.000000).
PASS: For pin "Dout[73]" in the submitted DEF, the y-coordinate (335200) falls within the allowed range (0.000000--632960.000000).
PASS: For pin "Dout[127]" in the submitted DEF, the x-coordinate (632960) falls onto the allowed coordinate (632960.000000).
PASS: For pin "Dout[127]" in the submitted DEF, the y-coordinate (459904) falls within the allowed range (0.000000--632960.000000).
PASS: For pin "Din[81]" in the submitted DEF, the x-coordinate (0) falls onto the allowed coordinate (0.000000).
PASS: For pin "Din[81]" in the submitted DEF, the y-coordinate (401440) falls within the allowed range (0.000000--632960.000000).
PASS: For pin "Din[100]" in the submitted DEF, the x-coordinate (0) falls onto the allowed coordinate (0.000000).
PASS: For pin "Din[100]" in the submitted DEF, the y-coordinate (368608) falls within the allowed range (0.000000--632960.000000).
PASS: For pin "Dout[49]" in the submitted DEF, the x-coordinate (632960) falls onto the allowed coordinate (632960.000000).
PASS: For pin "Dout[49]" in the submitted DEF, the y-coordinate (279904) falls within the allowed range (0.000000--632960.000000).
PASS: For pin "Dout[106]" in the submitted DEF, the x-coordinate (632960) falls onto the allowed coordinate (632960.000000).
PASS: For pin "Dout[106]" in the submitted DEF, the y-coordinate (411232) falls within the allowed range (0.000000--632960.000000).
PASS: For pin "Din[42]" in the submitted DEF, the x-coordinate (0) falls onto the allowed coordinate (0.000000).
PASS: For pin "Din[42]" in the submitted DEF, the y-coordinate (469120) falls within the allowed range (0.000000--632960.000000).
PASS: For pin "Din[118]" in the submitted DEF, the x-coordinate (0) falls onto the allowed coordinate (0.000000).
PASS: For pin "Din[118]" in the submitted DEF, the y-coordinate (337792) falls within the allowed range (0.000000--632960.000000).
PASS: For pin "Kin[72]" in the submitted DEF, the x-coordinate (0) falls onto the allowed coordinate (0.000000).
PASS: For pin "Kin[72]" in the submitted DEF, the y-coordinate (195808) falls within the allowed range (0.000000--632960.000000).
PASS: For pin "Kin[90]" in the submitted DEF, the x-coordinate (0) falls onto the allowed coordinate (0.000000).
PASS: For pin "Kin[90]" in the submitted DEF, the y-coordinate (164992) falls within the allowed range (0.000000--632960.000000).
PASS: For pin "Kin[122]" in the submitted DEF, the x-coordinate (0) falls onto the allowed coordinate (0.000000).
PASS: For pin "Kin[122]" in the submitted DEF, the y-coordinate (109408) falls within the allowed range (0.000000--632960.000000).
PASS: For pin "Dout[39]" in the submitted DEF, the x-coordinate (632960) falls onto the allowed coordinate (632960.000000).
PASS: For pin "Dout[39]" in the submitted DEF, the y-coordinate (256864) falls within the allowed range (0.000000--632960.000000).
PASS: For pin "Dout[84]" in the submitted DEF, the x-coordinate (632960) falls onto the allowed coordinate (632960.000000).
PASS: For pin "Dout[84]" in the submitted DEF, the y-coordinate (360544) falls within the allowed range (0.000000--632960.000000).
PASS: For pin "Din[7]" in the submitted DEF, the x-coordinate (0) falls onto the allowed coordinate (0.000000).
PASS: For pin "Din[7]" in the submitted DEF, the y-coordinate (529504) falls within the allowed range (0.000000--632960.000000).
PASS: For pin "Din[21]" in the submitted DEF, the x-coordinate (0) falls onto the allowed coordinate (0.000000).
PASS: For pin "Din[21]" in the submitted DEF, the y-coordinate (505120) falls within the allowed range (0.000000--632960.000000).
PASS: For pin "Din[58]" in the submitted DEF, the x-coordinate (0) falls onto the allowed coordinate (0.000000).
PASS: For pin "Din[58]" in the submitted DEF, the y-coordinate (441472) falls within the allowed range (0.000000--632960.000000).
PASS: For pin "Kin[4]" in the submitted DEF, the x-coordinate (0) falls onto the allowed coordinate (0.000000).
PASS: For pin "Kin[4]" in the submitted DEF, the y-coordinate (313600) falls within the allowed range (0.000000--632960.000000).
PASS: For pin "Kin[11]" in the submitted DEF, the x-coordinate (0) falls onto the allowed coordinate (0.000000).
PASS: For pin "Kin[11]" in the submitted DEF, the y-coordinate (301360) falls within the allowed range (0.000000--632960.000000).
PASS: For pin "Kin[68]" in the submitted DEF, the x-coordinate (0) falls onto the allowed coordinate (0.000000).
PASS: For pin "Kin[68]" in the submitted DEF, the y-coordinate (202720) falls within the allowed range (0.000000--632960.000000).
PASS: For pin "Kin[86]" in the submitted DEF, the x-coordinate (0) falls onto the allowed coordinate (0.000000).
PASS: For pin "Kin[86]" in the submitted DEF, the y-coordinate (171760) falls within the allowed range (0.000000--632960.000000).
PASS: For pin "Dout[5]" in the submitted DEF, the x-coordinate (632960) falls onto the allowed coordinate (632960.000000).
PASS: For pin "Dout[5]" in the submitted DEF, the y-coordinate (178528) falls within the allowed range (0.000000--632960.000000).
PASS: For pin "Dout[76]" in the submitted DEF, the x-coordinate (632960) falls onto the allowed coordinate (632960.000000).
PASS: For pin "Dout[76]" in the submitted DEF, the y-coordinate (342112) falls within the allowed range (0.000000--632960.000000).
PASS: For pin "Dout[122]" in the submitted DEF, the x-coordinate (632960) falls onto the allowed coordinate (632960.000000).
PASS: For pin "Dout[122]" in the submitted DEF, the y-coordinate (448240) falls within the allowed range (0.000000--632960.000000).
PASS: For pin "Din[84]" in the submitted DEF, the x-coordinate (0) falls onto the allowed coordinate (0.000000).
PASS: For pin "Din[84]" in the submitted DEF, the y-coordinate (396400) falls within the allowed range (0.000000--632960.000000).
PASS: For pin "Din[105]" in the submitted DEF, the x-coordinate (0) falls onto the allowed coordinate (0.000000).
PASS: For pin "Din[105]" in the submitted DEF, the y-coordinate (359968) falls within the allowed range (0.000000--632960.000000).
PASS: For pin "Dout[33]" in the submitted DEF, the x-coordinate (632960) falls onto the allowed coordinate (632960.000000).
PASS: For pin "Dout[33]" in the submitted DEF, the y-coordinate (243328) falls within the allowed range (0.000000--632960.000000).
PASS: For pin "Dout[116]" in the submitted DEF, the x-coordinate (632960) falls onto the allowed coordinate (632960.000000).
PASS: For pin "Dout[116]" in the submitted DEF, the y-coordinate (434560) falls within the allowed range (0.000000--632960.000000).
PASS: For pin "Din[52]" in the submitted DEF, the x-coordinate (0) falls onto the allowed coordinate (0.000000).
PASS: For pin "Din[52]" in the submitted DEF, the y-coordinate (451840) falls within the allowed range (0.000000--632960.000000).
PASS: For pin "Kin[62]" in the submitted DEF, the x-coordinate (0) falls onto the allowed coordinate (0.000000).
PASS: For pin "Kin[62]" in the submitted DEF, the y-coordinate (213088) falls within the allowed range (0.000000--632960.000000).
PASS: For pin "Dout[56]" in the submitted DEF, the x-coordinate (632960) falls onto the allowed coordinate (632960.000000).
PASS: For pin "Dout[56]" in the submitted DEF, the y-coordinate (296320) falls within the allowed range (0.000000--632960.000000).
PASS: For pin "Din[77]" in the submitted DEF, the x-coordinate (0) falls onto the allowed coordinate (0.000000).
PASS: For pin "Din[77]" in the submitted DEF, the y-coordinate (408640) falls within the allowed range (0.000000--632960.000000).
PASS: For pin "Din[99]" in the submitted DEF, the x-coordinate (0) falls onto the allowed coordinate (0.000000).
PASS: For pin "Din[99]" in the submitted DEF, the y-coordinate (370480) falls within the allowed range (0.000000--632960.000000).
PASS: For pin "Din[121]" in the submitted DEF, the x-coordinate (0) falls onto the allowed coordinate (0.000000).
PASS: For pin "Din[121]" in the submitted DEF, the y-coordinate (332320) falls within the allowed range (0.000000--632960.000000).
PASS: For pin "Kin[32]" in the submitted DEF, the x-coordinate (0) falls onto the allowed coordinate (0.000000).
PASS: For pin "Kin[32]" in the submitted DEF, the y-coordinate (264928) falls within the allowed range (0.000000--632960.000000).
PASS: For pin "Kin[47]" in the submitted DEF, the x-coordinate (0) falls onto the allowed coordinate (0.000000).
PASS: For pin "Kin[47]" in the submitted DEF, the y-coordinate (239200) falls within the allowed range (0.000000--632960.000000).
PASS: For pin "Kin[117]" in the submitted DEF, the x-coordinate (0) falls onto the allowed coordinate (0.000000).
PASS: For pin "Kin[117]" in the submitted DEF, the y-coordinate (118048) falls within the allowed range (0.000000--632960.000000).
PASS: For pin "Dout[13]" in the submitted DEF, the x-coordinate (632960) falls onto the allowed coordinate (632960.000000).
PASS: For pin "Dout[13]" in the submitted DEF, the y-coordinate (196960) falls within the allowed range (0.000000--632960.000000).
PASS: For pin "Dout[66]" in the submitted DEF, the x-coordinate (632960) falls onto the allowed coordinate (632960.000000).
PASS: For pin "Dout[66]" in the submitted DEF, the y-coordinate (319360) falls within the allowed range (0.000000--632960.000000).
PASS: For pin "Din[32]" in the submitted DEF, the x-coordinate (0) falls onto the allowed coordinate (0.000000).
PASS: For pin "Din[32]" in the submitted DEF, the y-coordinate (486400) falls within the allowed range (0.000000--632960.000000).
PASS: For pin "Din[90]" in the submitted DEF, the x-coordinate (0) falls onto the allowed coordinate (0.000000).
PASS: For pin "Din[90]" in the submitted DEF, the y-coordinate (385888) falls within the allowed range (0.000000--632960.000000).
PASS: For pin "Dout[83]" in the submitted DEF, the x-coordinate (632960) falls onto the allowed coordinate (632960.000000).
PASS: For pin "Dout[83]" in the submitted DEF, the y-coordinate (358240) falls within the allowed range (0.000000--632960.000000).
PASS: For pin "Din[0]" in the submitted DEF, the x-coordinate (0) falls onto the allowed coordinate (0.000000).
PASS: For pin "Din[0]" in the submitted DEF, the y-coordinate (541408) falls within the allowed range (0.000000--632960.000000).
PASS: For pin "Din[26]" in the submitted DEF, the x-coordinate (0) falls onto the allowed coordinate (0.000000).
PASS: For pin "Din[26]" in the submitted DEF, the y-coordinate (496480) falls within the allowed range (0.000000--632960.000000).
PASS: For pin "Kin[3]" in the submitted DEF, the x-coordinate (0) falls onto the allowed coordinate (0.000000).
PASS: For pin "Kin[3]" in the submitted DEF, the y-coordinate (315232) falls within the allowed range (0.000000--632960.000000).
PASS: For pin "Kin[16]" in the submitted DEF, the x-coordinate (0) falls onto the allowed coordinate (0.000000).
PASS: For pin "Kin[16]" in the submitted DEF, the y-coordinate (292720) falls within the allowed range (0.000000--632960.000000).
PASS: For pin "Kin[81]" in the submitted DEF, the x-coordinate (0) falls onto the allowed coordinate (0.000000).
PASS: For pin "Kin[81]" in the submitted DEF, the y-coordinate (180400) falls within the allowed range (0.000000--632960.000000).
PASS: For pin "BSY" in the submitted DEF, the x-coordinate (632960) falls onto the allowed coordinate (632960.000000).
PASS: For pin "BSY" in the submitted DEF, the y-coordinate (466816) falls within the allowed range (0.000000--632960.000000).
PASS: For pin "Dout[46]" in the submitted DEF, the x-coordinate (632960) falls onto the allowed coordinate (632960.000000).
PASS: For pin "Dout[46]" in the submitted DEF, the y-coordinate (272992) falls within the allowed range (0.000000--632960.000000).
PASS: For pin "Dout[91]" in the submitted DEF, the x-coordinate (632960) falls onto the allowed coordinate (632960.000000).
PASS: For pin "Dout[91]" in the submitted DEF, the y-coordinate (376672) falls within the allowed range (0.000000--632960.000000).
PASS: For pin "Dout[109]" in the submitted DEF, the x-coordinate (632960) falls onto the allowed coordinate (632960.000000).
PASS: For pin "Dout[109]" in the submitted DEF, the y-coordinate (418144) falls within the allowed range (0.000000--632960.000000).
PASS: For pin "Din[12]" in the submitted DEF, the x-coordinate (0) falls onto the allowed coordinate (0.000000).
PASS: For pin "Din[12]" in the submitted DEF, the y-coordinate (520960) falls within the allowed range (0.000000--632960.000000).
PASS: For pin "Din[117]" in the submitted DEF, the x-coordinate (0) falls onto the allowed coordinate (0.000000).
PASS: For pin "Din[117]" in the submitted DEF, the y-coordinate (339520) falls within the allowed range (0.000000--632960.000000).
PASS: For pin "Kin[22]" in the submitted DEF, the x-coordinate (0) falls onto the allowed coordinate (0.000000).
PASS: For pin "Kin[22]" in the submitted DEF, the y-coordinate (282208) falls within the allowed range (0.000000--632960.000000).
PASS: For pin "Dout[27]" in the submitted DEF, the x-coordinate (632960) falls onto the allowed coordinate (632960.000000).
PASS: For pin "Dout[27]" in the submitted DEF, the y-coordinate (229216) falls within the allowed range (0.000000--632960.000000).
PASS: For pin "Din[64]" in the submitted DEF, the x-coordinate (0) falls onto the allowed coordinate (0.000000).
PASS: For pin "Din[64]" in the submitted DEF, the y-coordinate (430960) falls within the allowed range (0.000000--632960.000000).
PASS: For pin "Kin[54]" in the submitted DEF, the x-coordinate (0) falls onto the allowed coordinate (0.000000).
PASS: For pin "Kin[54]" in the submitted DEF, the y-coordinate (227200) falls within the allowed range (0.000000--632960.000000).
PASS: For pin "Kin[104]" in the submitted DEF, the x-coordinate (0) falls onto the allowed coordinate (0.000000).
PASS: For pin "Kin[104]" in the submitted DEF, the y-coordinate (140800) falls within the allowed range (0.000000--632960.000000).
PASS: For pin "Dout[6]" in the submitted DEF, the x-coordinate (632960) falls onto the allowed coordinate (632960.000000).
PASS: For pin "Dout[6]" in the submitted DEF, the y-coordinate (181120) falls within the allowed range (0.000000--632960.000000).
PASS: For pin "Dout[75]" in the submitted DEF, the x-coordinate (632960) falls onto the allowed coordinate (632960.000000).
PASS: For pin "Dout[75]" in the submitted DEF, the y-coordinate (339808) falls within the allowed range (0.000000--632960.000000).
PASS: For pin "Dout[121]" in the submitted DEF, the x-coordinate (632960) falls onto the allowed coordinate (632960.000000).
PASS: For pin "Dout[121]" in the submitted DEF, the y-coordinate (445792) falls within the allowed range (0.000000--632960.000000).
PASS: For pin "Din[87]" in the submitted DEF, the x-coordinate (0) falls onto the allowed coordinate (0.000000).
PASS: For pin "Din[87]" in the submitted DEF, the y-coordinate (391264) falls within the allowed range (0.000000--632960.000000).
PASS: For pin "Din[106]" in the submitted DEF, the x-coordinate (0) falls onto the allowed coordinate (0.000000).
PASS: For pin "Din[106]" in the submitted DEF, the y-coordinate (358240) falls within the allowed range (0.000000--632960.000000).
PASS: For pin "Dout[43]" in the submitted DEF, the x-coordinate (632960) falls onto the allowed coordinate (632960.000000).
PASS: For pin "Dout[43]" in the submitted DEF, the y-coordinate (266080) falls within the allowed range (0.000000--632960.000000).
PASS: For pin "Dout[94]" in the submitted DEF, the x-coordinate (632960) falls onto the allowed coordinate (632960.000000).
PASS: For pin "Dout[94]" in the submitted DEF, the y-coordinate (383584) falls within the allowed range (0.000000--632960.000000).
PASS: For pin "Din[17]" in the submitted DEF, the x-coordinate (0) falls onto the allowed coordinate (0.000000).
PASS: For pin "Din[17]" in the submitted DEF, the y-coordinate (512320) falls within the allowed range (0.000000--632960.000000).
PASS: For pin "Din[48]" in the submitted DEF, the x-coordinate (0) falls onto the allowed coordinate (0.000000).
PASS: For pin "Din[48]" in the submitted DEF, the y-coordinate (458752) falls within the allowed range (0.000000--632960.000000).
PASS: For pin "Din[112]" in the submitted DEF, the x-coordinate (0) falls onto the allowed coordinate (0.000000).
PASS: For pin "Din[112]" in the submitted DEF, the y-coordinate (348160) falls within the allowed range (0.000000--632960.000000).
PASS: For pin "Kin[27]" in the submitted DEF, the x-coordinate (0) falls onto the allowed coordinate (0.000000).
PASS: For pin "Kin[27]" in the submitted DEF, the y-coordinate (273760) falls within the allowed range (0.000000--632960.000000).
PASS: For pin "Kin[78]" in the submitted DEF, the x-coordinate (0) falls onto the allowed coordinate (0.000000).
PASS: For pin "Kin[78]" in the submitted DEF, the y-coordinate (185440) falls within the allowed range (0.000000--632960.000000).
PASS: For pin "Dout[51]" in the submitted DEF, the x-coordinate (632960) falls onto the allowed coordinate (632960.000000).
PASS: For pin "Dout[51]" in the submitted DEF, the y-coordinate (284800) falls within the allowed range (0.000000--632960.000000).
PASS: For pin "Dout[68]" in the submitted DEF, the x-coordinate (632960) falls onto the allowed coordinate (632960.000000).
PASS: For pin "Dout[68]" in the submitted DEF, the y-coordinate (323680) falls within the allowed range (0.000000--632960.000000).
PASS: For pin "Din[70]" in the submitted DEF, the x-coordinate (0) falls onto the allowed coordinate (0.000000).
PASS: For pin "Din[70]" in the submitted DEF, the y-coordinate (420448) falls within the allowed range (0.000000--632960.000000).
PASS: For pin "Din[126]" in the submitted DEF, the x-coordinate (0) falls onto the allowed coordinate (0.000000).
PASS: For pin "Din[126]" in the submitted DEF, the y-coordinate (323680) falls within the allowed range (0.000000--632960.000000).
PASS: For pin "Kin[35]" in the submitted DEF, the x-coordinate (0) falls onto the allowed coordinate (0.000000).
PASS: For pin "Kin[35]" in the submitted DEF, the y-coordinate (259936) falls within the allowed range (0.000000--632960.000000).
PASS: For pin "Kin[40]" in the submitted DEF, the x-coordinate (0) falls onto the allowed coordinate (0.000000).
PASS: For pin "Kin[40]" in the submitted DEF, the y-coordinate (251392) falls within the allowed range (0.000000--632960.000000).
PASS: For pin "Kin[110]" in the submitted DEF, the x-coordinate (0) falls onto the allowed coordinate (0.000000).
PASS: For pin "Kin[110]" in the submitted DEF, the y-coordinate (130432) falls within the allowed range (0.000000--632960.000000).
PASS: For pin "Dout[102]" in the submitted DEF, the x-coordinate (632960) falls onto the allowed coordinate (632960.000000).
PASS: For pin "Dout[102]" in the submitted DEF, the y-coordinate (402016) falls within the allowed range (0.000000--632960.000000).
PASS: For pin "Din[19]" in the submitted DEF, the x-coordinate (0) falls onto the allowed coordinate (0.000000).
PASS: For pin "Din[19]" in the submitted DEF, the y-coordinate (508720) falls within the allowed range (0.000000--632960.000000).
PASS: For pin "Din[46]" in the submitted DEF, the x-coordinate (0) falls onto the allowed coordinate (0.000000).
PASS: For pin "Din[46]" in the submitted DEF, the y-coordinate (461920) falls within the allowed range (0.000000--632960.000000).
PASS: For pin "Kin[29]" in the submitted DEF, the x-coordinate (0) falls onto the allowed coordinate (0.000000).
PASS: For pin "Kin[29]" in the submitted DEF, the y-coordinate (270400) falls within the allowed range (0.000000--632960.000000).
PASS: For pin "Kin[76]" in the submitted DEF, the x-coordinate (0) falls onto the allowed coordinate (0.000000).
PASS: For pin "Kin[76]" in the submitted DEF, the y-coordinate (189040) falls within the allowed range (0.000000--632960.000000).
PASS: For pin "Kin[94]" in the submitted DEF, the x-coordinate (0) falls onto the allowed coordinate (0.000000).
PASS: For pin "Kin[94]" in the submitted DEF, the y-coordinate (158080) falls within the allowed range (0.000000--632960.000000).
PASS: For pin "Kin[126]" in the submitted DEF, the x-coordinate (0) falls onto the allowed coordinate (0.000000).
PASS: For pin "Kin[126]" in the submitted DEF, the y-coordinate (102640) falls within the allowed range (0.000000--632960.000000).
PASS: For pin "Dout[80]" in the submitted DEF, the x-coordinate (632960) falls onto the allowed coordinate (632960.000000).
PASS: For pin "Dout[80]" in the submitted DEF, the y-coordinate (351328) falls within the allowed range (0.000000--632960.000000).
PASS: For pin "Dout[118]" in the submitted DEF, the x-coordinate (632960) falls onto the allowed coordinate (632960.000000).
PASS: For pin "Dout[118]" in the submitted DEF, the y-coordinate (438880) falls within the allowed range (0.000000--632960.000000).
PASS: For pin "Din[3]" in the submitted DEF, the x-coordinate (0) falls onto the allowed coordinate (0.000000).
PASS: For pin "Din[3]" in the submitted DEF, the y-coordinate (536416) falls within the allowed range (0.000000--632960.000000).
PASS: For pin "Din[25]" in the submitted DEF, the x-coordinate (0) falls onto the allowed coordinate (0.000000).
PASS: For pin "Din[25]" in the submitted DEF, the y-coordinate (498208) falls within the allowed range (0.000000--632960.000000).
PASS: For pin "Kin[0]" in the submitted DEF, the x-coordinate (0) falls onto the allowed coordinate (0.000000).
PASS: For pin "Kin[0]" in the submitted DEF, the y-coordinate (320512) falls within the allowed range (0.000000--632960.000000).
PASS: For pin "Kin[15]" in the submitted DEF, the x-coordinate (0) falls onto the allowed coordinate (0.000000).
PASS: For pin "Kin[15]" in the submitted DEF, the y-coordinate (295264) falls within the allowed range (0.000000--632960.000000).
PASS: For pin "Kin[82]" in the submitted DEF, the x-coordinate (0) falls onto the allowed coordinate (0.000000).
PASS: For pin "Kin[82]" in the submitted DEF, the y-coordinate (178528) falls within the allowed range (0.000000--632960.000000).
PASS: For pin "Dout[1]" in the submitted DEF, the x-coordinate (632960) falls onto the allowed coordinate (632960.000000).
PASS: For pin "Dout[1]" in the submitted DEF, the y-coordinate (169312) falls within the allowed range (0.000000--632960.000000).
PASS: For pin "Dout[29]" in the submitted DEF, the x-coordinate (632960) falls onto the allowed coordinate (632960.000000).
PASS: For pin "Dout[29]" in the submitted DEF, the y-coordinate (234112) falls within the allowed range (0.000000--632960.000000).
PASS: For pin "Dout[72]" in the submitted DEF, the x-coordinate (632960) falls onto the allowed coordinate (632960.000000).
PASS: For pin "Dout[72]" in the submitted DEF, the y-coordinate (332896) falls within the allowed range (0.000000--632960.000000).
PASS: For pin "Dout[126]" in the submitted DEF, the x-coordinate (632960) falls onto the allowed coordinate (632960.000000).
PASS: For pin "Dout[126]" in the submitted DEF, the y-coordinate (457600) falls within the allowed range (0.000000--632960.000000).
PASS: For pin "Din[80]" in the submitted DEF, the x-coordinate (0) falls onto the allowed coordinate (0.000000).
PASS: For pin "Din[80]" in the submitted DEF, the y-coordinate (403168) falls within the allowed range (0.000000--632960.000000).
PASS: For pin "Din[101]" in the submitted DEF, the x-coordinate (0) falls onto the allowed coordinate (0.000000).
PASS: For pin "Din[101]" in the submitted DEF, the y-coordinate (366880) falls within the allowed range (0.000000--632960.000000).
PASS: For pin "Krdy" in the submitted DEF, the x-coordinate (0) falls onto the allowed coordinate (0.000000).
PASS: For pin "Krdy" in the submitted DEF, the y-coordinate (90400) falls within the allowed range (0.000000--632960.000000).
PASS: For pin "Dout[37]" in the submitted DEF, the x-coordinate (632960) falls onto the allowed coordinate (632960.000000).
PASS: For pin "Dout[37]" in the submitted DEF, the y-coordinate (252544) falls within the allowed range (0.000000--632960.000000).
PASS: For pin "Dout[112]" in the submitted DEF, the x-coordinate (632960) falls onto the allowed coordinate (632960.000000).
PASS: For pin "Dout[112]" in the submitted DEF, the y-coordinate (425344) falls within the allowed range (0.000000--632960.000000).
PASS: For pin "Din[9]" in the submitted DEF, the x-coordinate (0) falls onto the allowed coordinate (0.000000).
PASS: For pin "Din[9]" in the submitted DEF, the y-coordinate (526000) falls within the allowed range (0.000000--632960.000000).
PASS: For pin "Din[56]" in the submitted DEF, the x-coordinate (0) falls onto the allowed coordinate (0.000000).
PASS: For pin "Din[56]" in the submitted DEF, the y-coordinate (444640) falls within the allowed range (0.000000--632960.000000).
PASS: For pin "Kin[66]" in the submitted DEF, the x-coordinate (0) falls onto the allowed coordinate (0.000000).
PASS: For pin "Kin[66]" in the submitted DEF, the y-coordinate (206320) falls within the allowed range (0.000000--632960.000000).
PASS: For pin "Kin[88]" in the submitted DEF, the x-coordinate (0) falls onto the allowed coordinate (0.000000).
PASS: For pin "Kin[88]" in the submitted DEF, the y-coordinate (168160) falls within the allowed range (0.000000--632960.000000).
PASS: For pin "RSTn" in the submitted DEF, the x-coordinate (0) falls onto the allowed coordinate (0.000000).
PASS: For pin "RSTn" in the submitted DEF, the y-coordinate (95872) falls within the allowed range (0.000000--632960.000000).
PASS: For pin "Dout[16]" in the submitted DEF, the x-coordinate (632960) falls onto the allowed coordinate (632960.000000).
PASS: For pin "Dout[16]" in the submitted DEF, the y-coordinate (203872) falls within the allowed range (0.000000--632960.000000).
PASS: For pin "Dout[63]" in the submitted DEF, the x-coordinate (632960) falls onto the allowed coordinate (632960.000000).
PASS: For pin "Dout[63]" in the submitted DEF, the y-coordinate (312448) falls within the allowed range (0.000000--632960.000000).
PASS: For pin "Din[37]" in the submitted DEF, the x-coordinate (0) falls onto the allowed coordinate (0.000000).
PASS: For pin "Din[37]" in the submitted DEF, the y-coordinate (477760) falls within the allowed range (0.000000--632960.000000).
PASS: For pin "Din[95]" in the submitted DEF, the x-coordinate (0) falls onto the allowed coordinate (0.000000).
PASS: For pin "Din[95]" in the submitted DEF, the y-coordinate (376672) falls within the allowed range (0.000000--632960.000000).
