#Calculating Track Utilization in region ( 0.00000 0.00000 158.24000 158.24000 ) for layer range: 2-10 [M2-Pad] ...
#
#+-------+------------------+--------------+-----------+-------------+-------------+-----------+--------+----------------+
#|                                         | BLOCKED BY                                                 |                |
#+-------+------------------+--------------+-----------+-------------+-------------+-----------+--------+----------------+
#| Layer | # of Tracks      | TrackLength  | PG Mesh % | Blkg & IO % | BlockCell % | StdCell % | Nets % | Avail Tracks % |
#+-------+------------------+--------------+-----------+-------------+-------------+-----------+--------+----------------+
#| M2    |             1021 |    161359.61 |     12.30 |        0.01 |        0.00 |      4.32 |  33.59 |          49.77 |
#| M3    |             1098 |    173559.21 |     21.28 |        0.00 |        0.00 |      0.00 |  35.15 |          43.57 |
#| M4    |              823 |    130067.54 |      8.76 |        0.02 |        0.00 |      0.00 |  38.73 |          52.50 |
#| M5    |              732 |    115706.14 |      1.25 |        0.00 |        0.00 |      0.00 |  34.90 |          63.85 |
#| M6    |              549 |     86764.37 |      7.19 |        0.00 |        0.00 |      0.00 |  53.71 |          39.09 |
#| M7    |              549 |     86779.61 |      6.55 |        0.00 |        0.00 |      0.00 |  30.61 |          62.84 |
#| M8    |              411 |     64954.75 |      0.00 |        0.00 |        0.00 |      0.00 |   0.00 |         100.00 |
#| M9    |              439 |     69392.07 |      0.00 |        0.00 |        0.00 |      0.00 |   0.00 |         100.00 |
#| Pad   |               12 |      1896.49 |      0.00 |        0.00 |        0.00 |      0.00 |   0.00 |         100.00 |
#+-------+------------------+--------------+-----------+-------------+-------------+-----------+--------+----------------+
#| TOTAL |             5634 |    890479.79 |      9.16 |        0.00 |        0.00 |      0.78 |  31.35 |          58.71 |
#+-------+------------------+--------------+-----------+-------------+-------------+-----------+--------+----------------+
#Calculating Track Utilization: cpu:00:00:03, real:00:00:00, mem:878.4 MB, peak:1.7 GB --16.28 [24]--
