PASS: For pin "data_in[64]" in the submitted DEF, the x-coordinate (0) falls onto the allowed coordinate (0.000000).
PASS: For pin "data_in[64]" in the submitted DEF, the y-coordinate (356704) falls within the allowed range (0.000000--697760.000000).
PASS: For pin "data_in[127]" in the submitted DEF, the x-coordinate (0) falls onto the allowed coordinate (0.000000).
PASS: For pin "data_in[127]" in the submitted DEF, the y-coordinate (102640) falls within the allowed range (0.000000--697760.000000).
PASS: For pin "data_out[32]" in the submitted DEF, the x-coordinate (697760) falls onto the allowed coordinate (697760.000000).
PASS: For pin "data_out[32]" in the submitted DEF, the y-coordinate (345856) falls within the allowed range (0.000000--697760.000000).
PASS: For pin "data_out[47]" in the submitted DEF, the x-coordinate (697760) falls onto the allowed coordinate (697760.000000).
PASS: For pin "data_out[47]" in the submitted DEF, the y-coordinate (406336) falls within the allowed range (0.000000--697760.000000).
PASS: For pin "data_in[23]" in the submitted DEF, the x-coordinate (0) falls onto the allowed coordinate (0.000000).
PASS: For pin "data_in[23]" in the submitted DEF, the y-coordinate (521824) falls within the allowed range (0.000000--697760.000000).
PASS: For pin "data_in[96]" in the submitted DEF, the x-coordinate (0) falls onto the allowed coordinate (0.000000).
PASS: For pin "data_in[96]" in the submitted DEF, the y-coordinate (227680) falls within the allowed range (0.000000--697760.000000).
PASS: For pin "data_in[31]" in the submitted DEF, the x-coordinate (0) falls onto the allowed coordinate (0.000000).
PASS: For pin "data_in[31]" in the submitted DEF, the y-coordinate (489568) falls within the allowed range (0.000000--697760.000000).
PASS: For pin "data_in[114]" in the submitted DEF, the x-coordinate (0) falls onto the allowed coordinate (0.000000).
PASS: For pin "data_in[114]" in the submitted DEF, the y-coordinate (155200) falls within the allowed range (0.000000--697760.000000).
PASS: For pin "data_out[38]" in the submitted DEF, the x-coordinate (697760) falls onto the allowed coordinate (697760.000000).
PASS: For pin "data_out[38]" in the submitted DEF, the y-coordinate (369760) falls within the allowed range (0.000000--697760.000000).
PASS: For pin "data_in[10]" in the submitted DEF, the x-coordinate (0) falls onto the allowed coordinate (0.000000).
PASS: For pin "data_in[10]" in the submitted DEF, the y-coordinate (574240) falls within the allowed range (0.000000--697760.000000).
PASS: For pin "data_in[104]" in the submitted DEF, the x-coordinate (0) falls onto the allowed coordinate (0.000000).
PASS: For pin "data_in[104]" in the submitted DEF, the y-coordinate (195424) falls within the allowed range (0.000000--697760.000000).
PASS: For pin "data_out[6]" in the submitted DEF, the x-coordinate (697760) falls onto the allowed coordinate (697760.000000).
PASS: For pin "data_out[6]" in the submitted DEF, the y-coordinate (240880) falls within the allowed range (0.000000--697760.000000).
PASS: For pin "data_in[19]" in the submitted DEF, the x-coordinate (0) falls onto the allowed coordinate (0.000000).
PASS: For pin "data_in[19]" in the submitted DEF, the y-coordinate (538240) falls within the allowed range (0.000000--697760.000000).
PASS: For pin "data_in[86]" in the submitted DEF, the x-coordinate (0) falls onto the allowed coordinate (0.000000).
PASS: For pin "data_in[86]" in the submitted DEF, the y-coordinate (268096) falls within the allowed range (0.000000--697760.000000).
PASS: For pin "clk" in the submitted DEF, the x-coordinate (0) falls onto the allowed coordinate (0.000000).
PASS: For pin "clk" in the submitted DEF, the y-coordinate (98656) falls within the allowed range (0.000000--697760.000000).
PASS: For pin "data_out[14]" in the submitted DEF, the x-coordinate (697760) falls onto the allowed coordinate (697760.000000).
PASS: For pin "data_out[14]" in the submitted DEF, the y-coordinate (272992) falls within the allowed range (0.000000--697760.000000).
PASS: For pin "data_in[63]" in the submitted DEF, the x-coordinate (0) falls onto the allowed coordinate (0.000000).
PASS: For pin "data_in[63]" in the submitted DEF, the y-coordinate (360544) falls within the allowed range (0.000000--697760.000000).
PASS: For pin "data_in[119]" in the submitted DEF, the x-coordinate (0) falls onto the allowed coordinate (0.000000).
PASS: For pin "data_in[119]" in the submitted DEF, the y-coordinate (134752) falls within the allowed range (0.000000--697760.000000).
PASS: For pin "data_in[120]" in the submitted DEF, the x-coordinate (0) falls onto the allowed coordinate (0.000000).
PASS: For pin "data_in[120]" in the submitted DEF, the y-coordinate (130912) falls within the allowed range (0.000000--697760.000000).
PASS: For pin "data_out[35]" in the submitted DEF, the x-coordinate (697760) falls onto the allowed coordinate (697760.000000).
PASS: For pin "data_out[35]" in the submitted DEF, the y-coordinate (357520) falls within the allowed range (0.000000--697760.000000).
PASS: For pin "data_out[40]" in the submitted DEF, the x-coordinate (697760) falls onto the allowed coordinate (697760.000000).
PASS: For pin "data_out[40]" in the submitted DEF, the y-coordinate (377824) falls within the allowed range (0.000000--697760.000000).
PASS: For pin "data_in[48]" in the submitted DEF, the x-coordinate (0) falls onto the allowed coordinate (0.000000).
PASS: For pin "data_in[48]" in the submitted DEF, the y-coordinate (421216) falls within the allowed range (0.000000--697760.000000).
PASS: For pin "data_in[71]" in the submitted DEF, the x-coordinate (0) falls onto the allowed coordinate (0.000000).
PASS: For pin "data_in[71]" in the submitted DEF, the y-coordinate (328576) falls within the allowed range (0.000000--697760.000000).
PASS: For pin "data_out[23]" in the submitted DEF, the x-coordinate (697760) falls onto the allowed coordinate (697760.000000).
PASS: For pin "data_out[23]" in the submitted DEF, the y-coordinate (309280) falls within the allowed range (0.000000--697760.000000).
PASS: For pin "data_in[1]" in the submitted DEF, the x-coordinate (0) falls onto the allowed coordinate (0.000000).
PASS: For pin "data_in[1]" in the submitted DEF, the y-coordinate (610528) falls within the allowed range (0.000000--697760.000000).
PASS: For pin "data_in[29]" in the submitted DEF, the x-coordinate (0) falls onto the allowed coordinate (0.000000).
PASS: For pin "data_in[29]" in the submitted DEF, the y-coordinate (497632) falls within the allowed range (0.000000--697760.000000).
PASS: For pin "data_in[50]" in the submitted DEF, the x-coordinate (0) falls onto the allowed coordinate (0.000000).
PASS: For pin "data_in[50]" in the submitted DEF, the y-coordinate (412960) falls within the allowed range (0.000000--697760.000000).
PASS: For pin "data_out[55]" in the submitted DEF, the x-coordinate (697760) falls onto the allowed coordinate (697760.000000).
PASS: For pin "data_out[55]" in the submitted DEF, the y-coordinate (438304) falls within the allowed range (0.000000--697760.000000).
PASS: For pin "data_in[8]" in the submitted DEF, the x-coordinate (0) falls onto the allowed coordinate (0.000000).
PASS: For pin "data_in[8]" in the submitted DEF, the y-coordinate (582496) falls within the allowed range (0.000000--697760.000000).
PASS: For pin "data_in[20]" in the submitted DEF, the x-coordinate (0) falls onto the allowed coordinate (0.000000).
PASS: For pin "data_in[20]" in the submitted DEF, the y-coordinate (534112) falls within the allowed range (0.000000--697760.000000).
PASS: For pin "data_in[59]" in the submitted DEF, the x-coordinate (0) falls onto the allowed coordinate (0.000000).
PASS: For pin "data_in[59]" in the submitted DEF, the y-coordinate (376672) falls within the allowed range (0.000000--697760.000000).
PASS: For pin "data_in[95]" in the submitted DEF, the x-coordinate (0) falls onto the allowed coordinate (0.000000).
PASS: For pin "data_in[95]" in the submitted DEF, the y-coordinate (231520) falls within the allowed range (0.000000--697760.000000).
PASS: For pin "data_in[74]" in the submitted DEF, the x-coordinate (0) falls onto the allowed coordinate (0.000000).
PASS: For pin "data_in[74]" in the submitted DEF, the y-coordinate (316192) falls within the allowed range (0.000000--697760.000000).
PASS: For pin "data_out[26]" in the submitted DEF, the x-coordinate (697760) falls onto the allowed coordinate (697760.000000).
PASS: For pin "data_out[26]" in the submitted DEF, the y-coordinate (321664) falls within the allowed range (0.000000--697760.000000).
PASS: For pin "data_in[17]" in the submitted DEF, the x-coordinate (0) falls onto the allowed coordinate (0.000000).
PASS: For pin "data_in[17]" in the submitted DEF, the y-coordinate (546304) falls within the allowed range (0.000000--697760.000000).
PASS: For pin "data_in[88]" in the submitted DEF, the x-coordinate (0) falls onto the allowed coordinate (0.000000).
PASS: For pin "data_in[88]" in the submitted DEF, the y-coordinate (259936) falls within the allowed range (0.000000--697760.000000).
PASS: For pin "data_in[103]" in the submitted DEF, the x-coordinate (0) falls onto the allowed coordinate (0.000000).
PASS: For pin "data_in[103]" in the submitted DEF, the y-coordinate (199552) falls within the allowed range (0.000000--697760.000000).
PASS: For pin "data_rdy" in the submitted DEF, the x-coordinate (0) falls onto the allowed coordinate (0.000000).
PASS: For pin "data_rdy" in the submitted DEF, the y-coordinate (86656) falls within the allowed range (0.000000--697760.000000).
PASS: For pin "data_out[1]" in the submitted DEF, the x-coordinate (697760) falls onto the allowed coordinate (697760.000000).
PASS: For pin "data_out[1]" in the submitted DEF, the y-coordinate (220768) falls within the allowed range (0.000000--697760.000000).
PASS: For pin "data_out[63]" in the submitted DEF, the x-coordinate (697760) falls onto the allowed coordinate (697760.000000).
PASS: For pin "data_out[63]" in the submitted DEF, the y-coordinate (470560) falls within the allowed range (0.000000--697760.000000).
PASS: For pin "data_in[43]" in the submitted DEF, the x-coordinate (0) falls onto the allowed coordinate (0.000000).
PASS: For pin "data_in[43]" in the submitted DEF, the y-coordinate (441472) falls within the allowed range (0.000000--697760.000000).
PASS: For pin "data_out[28]" in the submitted DEF, the x-coordinate (697760) falls onto the allowed coordinate (697760.000000).
PASS: For pin "data_out[28]" in the submitted DEF, the y-coordinate (329728) falls within the allowed range (0.000000--697760.000000).
PASS: For pin "data_in[60]" in the submitted DEF, the x-coordinate (0) falls onto the allowed coordinate (0.000000).
PASS: For pin "data_in[60]" in the submitted DEF, the y-coordinate (372928) falls within the allowed range (0.000000--697760.000000).
PASS: For pin "data_in[123]" in the submitted DEF, the x-coordinate (0) falls onto the allowed coordinate (0.000000).
PASS: For pin "data_in[123]" in the submitted DEF, the y-coordinate (118624) falls within the allowed range (0.000000--697760.000000).
PASS: For pin "data_out[36]" in the submitted DEF, the x-coordinate (697760) falls onto the allowed coordinate (697760.000000).
PASS: For pin "data_out[36]" in the submitted DEF, the y-coordinate (361840) falls within the allowed range (0.000000--697760.000000).
PASS: For pin "data_out[43]" in the submitted DEF, the x-coordinate (697760) falls onto the allowed coordinate (697760.000000).
PASS: For pin "data_out[43]" in the submitted DEF, the y-coordinate (390208) falls within the allowed range (0.000000--697760.000000).
PASS: For pin "data_in[27]" in the submitted DEF, the x-coordinate (0) falls onto the allowed coordinate (0.000000).
PASS: For pin "data_in[27]" in the submitted DEF, the y-coordinate (505696) falls within the allowed range (0.000000--697760.000000).
PASS: For pin "data_in[92]" in the submitted DEF, the x-coordinate (0) falls onto the allowed coordinate (0.000000).
PASS: For pin "data_in[92]" in the submitted DEF, the y-coordinate (243808) falls within the allowed range (0.000000--697760.000000).
PASS: For pin "data_in[35]" in the submitted DEF, the x-coordinate (0) falls onto the allowed coordinate (0.000000).
PASS: For pin "data_in[35]" in the submitted DEF, the y-coordinate (473440) falls within the allowed range (0.000000--697760.000000).
PASS: For pin "data_in[110]" in the submitted DEF, the x-coordinate (0) falls onto the allowed coordinate (0.000000).
PASS: For pin "data_in[110]" in the submitted DEF, the y-coordinate (171040) falls within the allowed range (0.000000--697760.000000).
PASS: For pin "data_out[49]" in the submitted DEF, the x-coordinate (697760) falls onto the allowed coordinate (697760.000000).
PASS: For pin "data_out[49]" in the submitted DEF, the y-coordinate (414304) falls within the allowed range (0.000000--697760.000000).
PASS: For pin "data_in[83]" in the submitted DEF, the x-coordinate (0) falls onto the allowed coordinate (0.000000).
PASS: For pin "data_in[83]" in the submitted DEF, the y-coordinate (279904) falls within the allowed range (0.000000--697760.000000).
PASS: For pin "data_in[108]" in the submitted DEF, the x-coordinate (0) falls onto the allowed coordinate (0.000000).
PASS: For pin "data_in[108]" in the submitted DEF, the y-coordinate (179296) falls within the allowed range (0.000000--697760.000000).
PASS: For pin "data_out[11]" in the submitted DEF, the x-coordinate (697760) falls onto the allowed coordinate (697760.000000).
PASS: For pin "data_out[11]" in the submitted DEF, the y-coordinate (261184) falls within the allowed range (0.000000--697760.000000).
PASS: For pin "data_in[77]" in the submitted DEF, the x-coordinate (0) falls onto the allowed coordinate (0.000000).
PASS: For pin "data_in[77]" in the submitted DEF, the y-coordinate (304384) falls within the allowed range (0.000000--697760.000000).
PASS: For pin "data_out[25]" in the submitted DEF, the x-coordinate (697760) falls onto the allowed coordinate (697760.000000).
PASS: For pin "data_out[25]" in the submitted DEF, the y-coordinate (317536) falls within the allowed range (0.000000--697760.000000).
PASS: For pin "data_in[30]" in the submitted DEF, the x-coordinate (0) falls onto the allowed coordinate (0.000000).
PASS: For pin "data_in[30]" in the submitted DEF, the y-coordinate (493888) falls within the allowed range (0.000000--697760.000000).
PASS: For pin "data_in[115]" in the submitted DEF, the x-coordinate (0) falls onto the allowed coordinate (0.000000).
PASS: For pin "data_in[115]" in the submitted DEF, the y-coordinate (150880) falls within the allowed range (0.000000--697760.000000).
PASS: For pin "data_out[39]" in the submitted DEF, the x-coordinate (697760) falls onto the allowed coordinate (697760.000000).
PASS: For pin "data_out[39]" in the submitted DEF, the y-coordinate (374080) falls within the allowed range (0.000000--697760.000000).
PASS: For pin "data_in[44]" in the submitted DEF, the x-coordinate (0) falls onto the allowed coordinate (0.000000).
PASS: For pin "data_in[44]" in the submitted DEF, the y-coordinate (437344) falls within the allowed range (0.000000--697760.000000).
PASS: For pin "data_in[5]" in the submitted DEF, the x-coordinate (0) falls onto the allowed coordinate (0.000000).
PASS: For pin "data_in[5]" in the submitted DEF, the y-coordinate (594400) falls within the allowed range (0.000000--697760.000000).
PASS: For pin "data_in[54]" in the submitted DEF, the x-coordinate (0) falls onto the allowed coordinate (0.000000).
PASS: For pin "data_in[54]" in the submitted DEF, the y-coordinate (397120) falls within the allowed range (0.000000--697760.000000).
PASS: For pin "data_in[98]" in the submitted DEF, the x-coordinate (0) falls onto the allowed coordinate (0.000000).
PASS: For pin "data_in[98]" in the submitted DEF, the y-coordinate (219280) falls within the allowed range (0.000000--697760.000000).
PASS: For pin "data_out[51]" in the submitted DEF, the x-coordinate (697760) falls onto the allowed coordinate (697760.000000).
PASS: For pin "data_out[51]" in the submitted DEF, the y-coordinate (422320) falls within the allowed range (0.000000--697760.000000).
PASS: For pin "data_in[24]" in the submitted DEF, the x-coordinate (0) falls onto the allowed coordinate (0.000000).
PASS: For pin "data_in[24]" in the submitted DEF, the y-coordinate (517984) falls within the allowed range (0.000000--697760.000000).
PASS: For pin "data_in[91]" in the submitted DEF, the x-coordinate (0) falls onto the allowed coordinate (0.000000).
PASS: For pin "data_in[91]" in the submitted DEF, the y-coordinate (247648) falls within the allowed range (0.000000--697760.000000).
PASS: For pin "data_out[58]" in the submitted DEF, the x-coordinate (697760) falls onto the allowed coordinate (697760.000000).
PASS: For pin "data_out[58]" in the submitted DEF, the y-coordinate (450688) falls within the allowed range (0.000000--697760.000000).
PASS: For pin "data_in[49]" in the submitted DEF, the x-coordinate (0) falls onto the allowed coordinate (0.000000).
PASS: For pin "data_in[49]" in the submitted DEF, the y-coordinate (417280) falls within the allowed range (0.000000--697760.000000).
PASS: For pin "data_in[70]" in the submitted DEF, the x-coordinate (0) falls onto the allowed coordinate (0.000000).
PASS: For pin "data_in[70]" in the submitted DEF, the y-coordinate (332320) falls within the allowed range (0.000000--697760.000000).
PASS: For pin "data_out[22]" in the submitted DEF, the x-coordinate (697760) falls onto the allowed coordinate (697760.000000).
PASS: For pin "data_out[22]" in the submitted DEF, the y-coordinate (305248) falls within the allowed range (0.000000--697760.000000).
PASS: For pin "data_in[13]" in the submitted DEF, the x-coordinate (0) falls onto the allowed coordinate (0.000000).
PASS: For pin "data_in[13]" in the submitted DEF, the y-coordinate (562432) falls within the allowed range (0.000000--697760.000000).
PASS: For pin "data_in[107]" in the submitted DEF, the x-coordinate (0) falls onto the allowed coordinate (0.000000).
PASS: For pin "data_in[107]" in the submitted DEF, the y-coordinate (183424) falls within the allowed range (0.000000--697760.000000).
PASS: For pin "key_valid" in the submitted DEF, the x-coordinate (697760) falls onto the allowed coordinate (697760.000000).
PASS: For pin "key_valid" in the submitted DEF, the y-coordinate (478816) falls within the allowed range (0.000000--697760.000000).
PASS: For pin "data_out[5]" in the submitted DEF, the x-coordinate (697760) falls onto the allowed coordinate (697760.000000).
PASS: For pin "data_out[5]" in the submitted DEF, the y-coordinate (236896) falls within the allowed range (0.000000--697760.000000).
PASS: For pin "data_in[65]" in the submitted DEF, the x-coordinate (0) falls onto the allowed coordinate (0.000000).
PASS: For pin "data_in[65]" in the submitted DEF, the y-coordinate (352480) falls within the allowed range (0.000000--697760.000000).
PASS: For pin "data_in[126]" in the submitted DEF, the x-coordinate (0) falls onto the allowed coordinate (0.000000).
PASS: For pin "data_in[126]" in the submitted DEF, the y-coordinate (106960) falls within the allowed range (0.000000--697760.000000).
PASS: For pin "data_out[33]" in the submitted DEF, the x-coordinate (697760) falls onto the allowed coordinate (697760.000000).
PASS: For pin "data_out[33]" in the submitted DEF, the y-coordinate (349792) falls within the allowed range (0.000000--697760.000000).
PASS: For pin "data_out[46]" in the submitted DEF, the x-coordinate (697760) falls onto the allowed coordinate (697760.000000).
PASS: For pin "data_out[46]" in the submitted DEF, the y-coordinate (402016) falls within the allowed range (0.000000--697760.000000).
PASS: For pin "data_in[33]" in the submitted DEF, the x-coordinate (0) falls onto the allowed coordinate (0.000000).
PASS: For pin "data_in[33]" in the submitted DEF, the y-coordinate (481504) falls within the allowed range (0.000000--697760.000000).
PASS: For pin "data_in[116]" in the submitted DEF, the x-coordinate (0) falls onto the allowed coordinate (0.000000).
PASS: For pin "data_in[116]" in the submitted DEF, the y-coordinate (147040) falls within the allowed range (0.000000--697760.000000).
PASS: For pin "data_in[16]" in the submitted DEF, the x-coordinate (0) falls onto the allowed coordinate (0.000000).
PASS: For pin "data_in[16]" in the submitted DEF, the y-coordinate (549472) falls within the allowed range (0.000000--697760.000000).
PASS: For pin "data_in[89]" in the submitted DEF, the x-coordinate (0) falls onto the allowed coordinate (0.000000).
PASS: For pin "data_in[89]" in the submitted DEF, the y-coordinate (255712) falls within the allowed range (0.000000--697760.000000).
PASS: For pin "data_in[102]" in the submitted DEF, the x-coordinate (0) falls onto the allowed coordinate (0.000000).
PASS: For pin "data_in[102]" in the submitted DEF, the y-coordinate (203296) falls within the allowed range (0.000000--697760.000000).
PASS: For pin "data_out[0]" in the submitted DEF, the x-coordinate (697760) falls onto the allowed coordinate (697760.000000).
PASS: For pin "data_out[0]" in the submitted DEF, the y-coordinate (216832) falls within the allowed range (0.000000--697760.000000).
PASS: For pin "data_out[62]" in the submitted DEF, the x-coordinate (697760) falls onto the allowed coordinate (697760.000000).
PASS: For pin "data_out[62]" in the submitted DEF, the y-coordinate (466816) falls within the allowed range (0.000000--697760.000000).
PASS: For pin "data_in[2]" in the submitted DEF, the x-coordinate (0) falls onto the allowed coordinate (0.000000).
PASS: For pin "data_in[2]" in the submitted DEF, the y-coordinate (606784) falls within the allowed range (0.000000--697760.000000).
PASS: For pin "data_in[53]" in the submitted DEF, the x-coordinate (0) falls onto the allowed coordinate (0.000000).
PASS: For pin "data_in[53]" in the submitted DEF, the y-coordinate (401248) falls within the allowed range (0.000000--697760.000000).
PASS: For pin "data_out[56]" in the submitted DEF, the x-coordinate (697760) falls onto the allowed coordinate (697760.000000).
PASS: For pin "data_out[56]" in the submitted DEF, the y-coordinate (442624) falls within the allowed range (0.000000--697760.000000).
PASS: For pin "data_in[18]" in the submitted DEF, the x-coordinate (0) falls onto the allowed coordinate (0.000000).
PASS: For pin "data_in[18]" in the submitted DEF, the y-coordinate (541984) falls within the allowed range (0.000000--697760.000000).
PASS: For pin "data_in[87]" in the submitted DEF, the x-coordinate (0) falls onto the allowed coordinate (0.000000).
PASS: For pin "data_in[87]" in the submitted DEF, the y-coordinate (263776) falls within the allowed range (0.000000--697760.000000).
PASS: For pin "data_out[15]" in the submitted DEF, the x-coordinate (697760) falls onto the allowed coordinate (697760.000000).
PASS: For pin "data_out[15]" in the submitted DEF, the y-coordinate (277312) falls within the allowed range (0.000000--697760.000000).
PASS: For pin "data_in[73]" in the submitted DEF, the x-coordinate (0) falls onto the allowed coordinate (0.000000).
PASS: For pin "data_in[73]" in the submitted DEF, the y-coordinate (320512) falls within the allowed range (0.000000--697760.000000).
PASS: For pin "data_out[21]" in the submitted DEF, the x-coordinate (697760) falls onto the allowed coordinate (697760.000000).
PASS: For pin "data_out[21]" in the submitted DEF, the y-coordinate (301360) falls within the allowed range (0.000000--697760.000000).
PASS: For pin "data_in[34]" in the submitted DEF, the x-coordinate (0) falls onto the allowed coordinate (0.000000).
PASS: For pin "data_in[34]" in the submitted DEF, the y-coordinate (477760) falls within the allowed range (0.000000--697760.000000).
PASS: For pin "data_in[111]" in the submitted DEF, the x-coordinate (0) falls onto the allowed coordinate (0.000000).
PASS: For pin "data_in[111]" in the submitted DEF, the y-coordinate (167008) falls within the allowed range (0.000000--697760.000000).
PASS: For pin "data_out[48]" in the submitted DEF, the x-coordinate (697760) falls onto the allowed coordinate (697760.000000).
PASS: For pin "data_out[48]" in the submitted DEF, the y-coordinate (410080) falls within the allowed range (0.000000--697760.000000).
PASS: For pin "data_in[40]" in the submitted DEF, the x-coordinate (0) falls onto the allowed coordinate (0.000000).
PASS: For pin "data_in[40]" in the submitted DEF, the y-coordinate (453472) falls within the allowed range (0.000000--697760.000000).
PASS: For pin "data_in[79]" in the submitted DEF, the x-coordinate (0) falls onto the allowed coordinate (0.000000).
PASS: For pin "data_in[79]" in the submitted DEF, the y-coordinate (296320) falls within the allowed range (0.000000--697760.000000).
PASS: For pin "data_in[9]" in the submitted DEF, the x-coordinate (0) falls onto the allowed coordinate (0.000000).
PASS: For pin "data_in[9]" in the submitted DEF, the y-coordinate (578560) falls within the allowed range (0.000000--697760.000000).
PASS: For pin "data_in[21]" in the submitted DEF, the x-coordinate (0) falls onto the allowed coordinate (0.000000).
PASS: For pin "data_in[21]" in the submitted DEF, the y-coordinate (530272) falls within the allowed range (0.000000--697760.000000).
PASS: For pin "data_in[58]" in the submitted DEF, the x-coordinate (0) falls onto the allowed coordinate (0.000000).
PASS: For pin "data_in[58]" in the submitted DEF, the y-coordinate (380992) falls within the allowed range (0.000000--697760.000000).
PASS: For pin "data_in[94]" in the submitted DEF, the x-coordinate (0) falls onto the allowed coordinate (0.000000).
PASS: For pin "data_in[94]" in the submitted DEF, the y-coordinate (235840) falls within the allowed range (0.000000--697760.000000).
PASS: For pin "nreset" in the submitted DEF, the x-coordinate (0) falls onto the allowed coordinate (0.000000).
PASS: For pin "nreset" in the submitted DEF, the y-coordinate (94720) falls within the allowed range (0.000000--697760.000000).
PASS: For pin "data_in[15]" in the submitted DEF, the x-coordinate (0) falls onto the allowed coordinate (0.000000).
PASS: For pin "data_in[15]" in the submitted DEF, the y-coordinate (554368) falls within the allowed range (0.000000--697760.000000).
PASS: For pin "data_in[101]" in the submitted DEF, the x-coordinate (0) falls onto the allowed coordinate (0.000000).
PASS: For pin "data_in[101]" in the submitted DEF, the y-coordinate (207616) falls within the allowed range (0.000000--697760.000000).
PASS: For pin "data_out[3]" in the submitted DEF, the x-coordinate (697760) falls onto the allowed coordinate (697760.000000).
PASS: For pin "data_out[3]" in the submitted DEF, the y-coordinate (228640) falls within the allowed range (0.000000--697760.000000).
PASS: For pin "data_out[18]" in the submitted DEF, the x-coordinate (697760) falls onto the allowed coordinate (697760.000000).
PASS: For pin "data_out[18]" in the submitted DEF, the y-coordinate (289120) falls within the allowed range (0.000000--697760.000000).
PASS: For pin "data_out[61]" in the submitted DEF, the x-coordinate (697760) falls onto the allowed coordinate (697760.000000).
PASS: For pin "data_out[61]" in the submitted DEF, the y-coordinate (462688) falls within the allowed range (0.000000--697760.000000).
PASS: For pin "data_in[45]" in the submitted DEF, the x-coordinate (0) falls onto the allowed coordinate (0.000000).
PASS: For pin "data_in[45]" in the submitted DEF, the y-coordinate (433408) falls within the allowed range (0.000000--697760.000000).
PASS: For pin "data_in[80]" in the submitted DEF, the x-coordinate (0) falls onto the allowed coordinate (0.000000).
PASS: For pin "data_in[80]" in the submitted DEF, the y-coordinate (292000) falls within the allowed range (0.000000--697760.000000).
PASS: For pin "data_out[9]" in the submitted DEF, the x-coordinate (697760) falls onto the allowed coordinate (697760.000000).
PASS: For pin "data_out[9]" in the submitted DEF, the y-coordinate (253024) falls within the allowed range (0.000000--697760.000000).
PASS: For pin "data_out[12]" in the submitted DEF, the x-coordinate (697760) falls onto the allowed coordinate (697760.000000).
PASS: For pin "data_out[12]" in the submitted DEF, the y-coordinate (264928) falls within the allowed range (0.000000--697760.000000).
PASS: For pin "data_in[61]" in the submitted DEF, the x-coordinate (0) falls onto the allowed coordinate (0.000000).
PASS: For pin "data_in[61]" in the submitted DEF, the y-coordinate (368608) falls within the allowed range (0.000000--697760.000000).
PASS: For pin "data_in[122]" in the submitted DEF, the x-coordinate (0) falls onto the allowed coordinate (0.000000).
PASS: For pin "data_in[122]" in the submitted DEF, the y-coordinate (122944) falls within the allowed range (0.000000--697760.000000).
PASS: For pin "data_out[37]" in the submitted DEF, the x-coordinate (697760) falls onto the allowed coordinate (697760.000000).
PASS: For pin "data_out[37]" in the submitted DEF, the y-coordinate (365920) falls within the allowed range (0.000000--697760.000000).
PASS: For pin "data_out[42]" in the submitted DEF, the x-coordinate (697760) falls onto the allowed coordinate (697760.000000).
PASS: For pin "data_out[42]" in the submitted DEF, the y-coordinate (385888) falls within the allowed range (0.000000--697760.000000).
PASS: For pin "data_in[37]" in the submitted DEF, the x-coordinate (0) falls onto the allowed coordinate (0.000000).
PASS: For pin "data_in[37]" in the submitted DEF, the y-coordinate (465520) falls within the allowed range (0.000000--697760.000000).
PASS: For pin "data_in[68]" in the submitted DEF, the x-coordinate (0) falls onto the allowed coordinate (0.000000).
PASS: For pin "data_in[68]" in the submitted DEF, the y-coordinate (340576) falls within the allowed range (0.000000--697760.000000).
PASS: For pin "data_in[112]" in the submitted DEF, the x-coordinate (0) falls onto the allowed coordinate (0.000000).
PASS: For pin "data_in[112]" in the submitted DEF, the y-coordinate (163120) falls within the allowed range (0.000000--697760.000000).
PASS: For pin "data_in[12]" in the submitted DEF, the x-coordinate (0) falls onto the allowed coordinate (0.000000).
PASS: For pin "data_in[12]" in the submitted DEF, the y-coordinate (566368) falls within the allowed range (0.000000--697760.000000).
PASS: For pin "data_in[106]" in the submitted DEF, the x-coordinate (0) falls onto the allowed coordinate (0.000000).
PASS: For pin "data_in[106]" in the submitted DEF, the y-coordinate (187168) falls within the allowed range (0.000000--697760.000000).
PASS: For pin "data_out[4]" in the submitted DEF, the x-coordinate (697760) falls onto the allowed coordinate (697760.000000).
PASS: For pin "data_out[4]" in the submitted DEF, the y-coordinate (232960) falls within the allowed range (0.000000--697760.000000).
PASS: For pin "data_in[6]" in the submitted DEF, the x-coordinate (0) falls onto the allowed coordinate (0.000000).
PASS: For pin "data_in[6]" in the submitted DEF, the y-coordinate (590800) falls within the allowed range (0.000000--697760.000000).
PASS: For pin "data_in[57]" in the submitted DEF, the x-coordinate (0) falls onto the allowed coordinate (0.000000).
PASS: For pin "data_in[57]" in the submitted DEF, the y-coordinate (384736) falls within the allowed range (0.000000--697760.000000).
PASS: For pin "data_out[52]" in the submitted DEF, the x-coordinate (697760) falls onto the allowed coordinate (697760.000000).
PASS: For pin "data_out[52]" in the submitted DEF, the y-coordinate (426592) falls within the allowed range (0.000000--697760.000000).
PASS: For pin "data_in[76]" in the submitted DEF, the x-coordinate (0) falls onto the allowed coordinate (0.000000).
PASS: For pin "data_in[76]" in the submitted DEF, the y-coordinate (308320) falls within the allowed range (0.000000--697760.000000).
PASS: For pin "data_out[24]" in the submitted DEF, the x-coordinate (697760) falls onto the allowed coordinate (697760.000000).
PASS: For pin "data_out[24]" in the submitted DEF, the y-coordinate (313600) falls within the allowed range (0.000000--697760.000000).
PASS: For pin "data_in[46]" in the submitted DEF, the x-coordinate (0) falls onto the allowed coordinate (0.000000).
PASS: For pin "data_in[46]" in the submitted DEF, the y-coordinate (429088) falls within the allowed range (0.000000--697760.000000).
PASS: For pin "EncDec" in the submitted DEF, the x-coordinate (0) falls onto the allowed coordinate (0.000000).
PASS: For pin "EncDec" in the submitted DEF, the y-coordinate (90400) falls within the allowed range (0.000000--697760.000000).
PASS: For pin "data_in[3]" in the submitted DEF, the x-coordinate (0) falls onto the allowed coordinate (0.000000).
PASS: For pin "data_in[3]" in the submitted DEF, the y-coordinate (602464) falls within the allowed range (0.000000--697760.000000).
PASS: For pin "data_in[52]" in the submitted DEF, the x-coordinate (0) falls onto the allowed coordinate (0.000000).
PASS: For pin "data_in[52]" in the submitted DEF, the y-coordinate (405040) falls within the allowed range (0.000000--697760.000000).
PASS: For pin "data_out[57]" in the submitted DEF, the x-coordinate (697760) falls onto the allowed coordinate (697760.000000).
PASS: For pin "data_out[57]" in the submitted DEF, the y-coordinate (446560) falls within the allowed range (0.000000--697760.000000).
PASS: For pin "data_in[39]" in the submitted DEF, the x-coordinate (0) falls onto the allowed coordinate (0.000000).
PASS: For pin "data_in[39]" in the submitted DEF, the y-coordinate (457600) falls within the allowed range (0.000000--697760.000000).
PASS: For pin "data_in[66]" in the submitted DEF, the x-coordinate (0) falls onto the allowed coordinate (0.000000).
PASS: For pin "data_in[66]" in the submitted DEF, the y-coordinate (348880) falls within the allowed range (0.000000--697760.000000).
PASS: For pin "data_in[125]" in the submitted DEF, the x-coordinate (0) falls onto the allowed coordinate (0.000000).
PASS: For pin "data_in[125]" in the submitted DEF, the y-coordinate (110560) falls within the allowed range (0.000000--697760.000000).
PASS: For pin "data_out[30]" in the submitted DEF, the x-coordinate (697760) falls onto the allowed coordinate (697760.000000).
PASS: For pin "data_out[30]" in the submitted DEF, the y-coordinate (337792) falls within the allowed range (0.000000--697760.000000).
PASS: For pin "data_out[45]" in the submitted DEF, the x-coordinate (697760) falls onto the allowed coordinate (697760.000000).
PASS: For pin "data_out[45]" in the submitted DEF, the y-coordinate (398176) falls within the allowed range (0.000000--697760.000000).
PASS: For pin "data_in[25]" in the submitted DEF, the x-coordinate (0) falls onto the allowed coordinate (0.000000).
PASS: For pin "data_in[25]" in the submitted DEF, the y-coordinate (513760) falls within the allowed range (0.000000--697760.000000).
PASS: For pin "data_in[90]" in the submitted DEF, the x-coordinate (0) falls onto the allowed coordinate (0.000000).
PASS: For pin "data_in[90]" in the submitted DEF, the y-coordinate (251968) falls within the allowed range (0.000000--697760.000000).
PASS: For pin "data_out[59]" in the submitted DEF, the x-coordinate (697760) falls onto the allowed coordinate (697760.000000).
PASS: For pin "data_out[59]" in the submitted DEF, the y-coordinate (454432) falls within the allowed range (0.000000--697760.000000).
PASS: For pin "data_in[11]" in the submitted DEF, the x-coordinate (0) falls onto the allowed coordinate (0.000000).
PASS: For pin "data_in[11]" in the submitted DEF, the y-coordinate (570496) falls within the allowed range (0.000000--697760.000000).
PASS: For pin "data_in[105]" in the submitted DEF, the x-coordinate (0) falls onto the allowed coordinate (0.000000).
PASS: For pin "data_in[105]" in the submitted DEF, the y-coordinate (191488) falls within the allowed range (0.000000--697760.000000).
PASS: For pin "data_out[7]" in the submitted DEF, the x-coordinate (697760) falls onto the allowed coordinate (697760.000000).
PASS: For pin "data_out[7]" in the submitted DEF, the y-coordinate (245200) falls within the allowed range (0.000000--697760.000000).
PASS: For pin "data_in[41]" in the submitted DEF, the x-coordinate (0) falls onto the allowed coordinate (0.000000).
PASS: For pin "data_in[41]" in the submitted DEF, the y-coordinate (449536) falls within the allowed range (0.000000--697760.000000).
PASS: For pin "data_in[78]" in the submitted DEF, the x-coordinate (0) falls onto the allowed coordinate (0.000000).
PASS: For pin "data_in[78]" in the submitted DEF, the y-coordinate (300064) falls within the allowed range (0.000000--697760.000000).
PASS: For pin "data_in[84]" in the submitted DEF, the x-coordinate (0) falls onto the allowed coordinate (0.000000).
PASS: For pin "data_in[84]" in the submitted DEF, the y-coordinate (276064) falls within the allowed range (0.000000--697760.000000).
PASS: For pin "data_out[16]" in the submitted DEF, the x-coordinate (697760) falls onto the allowed coordinate (697760.000000).
PASS: For pin "data_out[16]" in the submitted DEF, the y-coordinate (281056) falls within the allowed range (0.000000--697760.000000).
PASS: For pin "data_in[32]" in the submitted DEF, the x-coordinate (0) falls onto the allowed coordinate (0.000000).
PASS: For pin "data_in[32]" in the submitted DEF, the y-coordinate (485728) falls within the allowed range (0.000000--697760.000000).
PASS: For pin "data_in[117]" in the submitted DEF, the x-coordinate (0) falls onto the allowed coordinate (0.000000).
PASS: For pin "data_in[117]" in the submitted DEF, the y-coordinate (142816) falls within the allowed range (0.000000--697760.000000).
PASS: For pin "key_rdy" in the submitted DEF, the x-coordinate (0) falls onto the allowed coordinate (0.000000).
PASS: For pin "key_rdy" in the submitted DEF, the y-coordinate (82528) falls within the allowed range (0.000000--697760.000000).
PASS: For pin "data_in[0]" in the submitted DEF, the x-coordinate (0) falls onto the allowed coordinate (0.000000).
PASS: For pin "data_in[0]" in the submitted DEF, the y-coordinate (614752) falls within the allowed range (0.000000--697760.000000).
PASS: For pin "data_in[28]" in the submitted DEF, the x-coordinate (0) falls onto the allowed coordinate (0.000000).
PASS: For pin "data_in[28]" in the submitted DEF, the y-coordinate (501856) falls within the allowed range (0.000000--697760.000000).
PASS: For pin "data_in[51]" in the submitted DEF, the x-coordinate (0) falls onto the allowed coordinate (0.000000).
PASS: For pin "data_in[51]" in the submitted DEF, the y-coordinate (408928) falls within the allowed range (0.000000--697760.000000).
PASS: For pin "data_out[54]" in the submitted DEF, the x-coordinate (697760) falls onto the allowed coordinate (697760.000000).
PASS: For pin "data_out[54]" in the submitted DEF, the y-coordinate (434560) falls within the allowed range (0.000000--697760.000000).
PASS: For pin "data_in[81]" in the submitted DEF, the x-coordinate (0) falls onto the allowed coordinate (0.000000).
PASS: For pin "data_in[81]" in the submitted DEF, the y-coordinate (288352) falls within the allowed range (0.000000--697760.000000).
PASS: For pin "data_out[8]" in the submitted DEF, the x-coordinate (697760) falls onto the allowed coordinate (697760.000000).
PASS: For pin "data_out[8]" in the submitted DEF, the y-coordinate (248800) falls within the allowed range (0.000000--697760.000000).
PASS: For pin "data_out[13]" in the submitted DEF, the x-coordinate (697760) falls onto the allowed coordinate (697760.000000).
PASS: For pin "data_out[13]" in the submitted DEF, the y-coordinate (269152) falls within the allowed range (0.000000--697760.000000).
PASS: For pin "data_in[22]" in the submitted DEF, the x-coordinate (0) falls onto the allowed coordinate (0.000000).
PASS: For pin "data_in[22]" in the submitted DEF, the y-coordinate (526000) falls within the allowed range (0.000000--697760.000000).
PASS: For pin "data_in[97]" in the submitted DEF, the x-coordinate (0) falls onto the allowed coordinate (0.000000).
PASS: For pin "data_in[97]" in the submitted DEF, the y-coordinate (223600) falls within the allowed range (0.000000--697760.000000).
PASS: For pin "data_in[72]" in the submitted DEF, the x-coordinate (0) falls onto the allowed coordinate (0.000000).
PASS: For pin "data_in[72]" in the submitted DEF, the y-coordinate (324448) falls within the allowed range (0.000000--697760.000000).
PASS: For pin "data_out[20]" in the submitted DEF, the x-coordinate (697760) falls onto the allowed coordinate (697760.000000).
PASS: For pin "data_out[20]" in the submitted DEF, the y-coordinate (297568) falls within the allowed range (0.000000--697760.000000).
PASS: For pin "data_in[42]" in the submitted DEF, the x-coordinate (0) falls onto the allowed coordinate (0.000000).
PASS: For pin "data_in[42]" in the submitted DEF, the y-coordinate (445216) falls within the allowed range (0.000000--697760.000000).
PASS: For pin "data_out[29]" in the submitted DEF, the x-coordinate (697760) falls onto the allowed coordinate (697760.000000).
PASS: For pin "data_out[29]" in the submitted DEF, the y-coordinate (333664) falls within the allowed range (0.000000--697760.000000).
PASS: For pin "data_in[7]" in the submitted DEF, the x-coordinate (0) falls onto the allowed coordinate (0.000000).
PASS: For pin "data_in[7]" in the submitted DEF, the y-coordinate (586480) falls within the allowed range (0.000000--697760.000000).
PASS: For pin "data_in[56]" in the submitted DEF, the x-coordinate (0) falls onto the allowed coordinate (0.000000).
PASS: For pin "data_in[56]" in the submitted DEF, the y-coordinate (388960) falls within the allowed range (0.000000--697760.000000).
PASS: For pin "data_out[53]" in the submitted DEF, the x-coordinate (697760) falls onto the allowed coordinate (697760.000000).
PASS: For pin "data_out[53]" in the submitted DEF, the y-coordinate (430432) falls within the allowed range (0.000000--697760.000000).
PASS: For pin "data_in[62]" in the submitted DEF, the x-coordinate (0) falls onto the allowed coordinate (0.000000).
PASS: For pin "data_in[62]" in the submitted DEF, the y-coordinate (364864) falls within the allowed range (0.000000--697760.000000).
PASS: For pin "data_in[118]" in the submitted DEF, the x-coordinate (0) falls onto the allowed coordinate (0.000000).
PASS: For pin "data_in[118]" in the submitted DEF, the y-coordinate (139072) falls within the allowed range (0.000000--697760.000000).
PASS: For pin "data_in[121]" in the submitted DEF, the x-coordinate (0) falls onto the allowed coordinate (0.000000).
PASS: For pin "data_in[121]" in the submitted DEF, the y-coordinate (126688) falls within the allowed range (0.000000--697760.000000).
PASS: For pin "data_out[34]" in the submitted DEF, the x-coordinate (697760) falls onto the allowed coordinate (697760.000000).
PASS: For pin "data_out[34]" in the submitted DEF, the y-coordinate (353920) falls within the allowed range (0.000000--697760.000000).
PASS: For pin "data_out[41]" in the submitted DEF, the x-coordinate (697760) falls onto the allowed coordinate (697760.000000).
PASS: For pin "data_out[41]" in the submitted DEF, the y-coordinate (382048) falls within the allowed range (0.000000--697760.000000).
PASS: For pin "data_in[14]" in the submitted DEF, the x-coordinate (0) falls onto the allowed coordinate (0.000000).
PASS: For pin "data_in[14]" in the submitted DEF, the y-coordinate (558112) falls within the allowed range (0.000000--697760.000000).
PASS: For pin "data_in[100]" in the submitted DEF, the x-coordinate (0) falls onto the allowed coordinate (0.000000).
PASS: For pin "data_in[100]" in the submitted DEF, the y-coordinate (211552) falls within the allowed range (0.000000--697760.000000).
PASS: For pin "busy" in the submitted DEF, the x-coordinate (697760) falls onto the allowed coordinate (697760.000000).
PASS: For pin "busy" in the submitted DEF, the y-coordinate (482800) falls within the allowed range (0.000000--697760.000000).
PASS: For pin "data_out[2]" in the submitted DEF, the x-coordinate (697760) falls onto the allowed coordinate (697760.000000).
PASS: For pin "data_out[2]" in the submitted DEF, the y-coordinate (224896) falls within the allowed range (0.000000--697760.000000).
PASS: For pin "data_out[19]" in the submitted DEF, the x-coordinate (697760) falls onto the allowed coordinate (697760.000000).
PASS: For pin "data_out[19]" in the submitted DEF, the y-coordinate (293440) falls within the allowed range (0.000000--697760.000000).
PASS: For pin "data_out[60]" in the submitted DEF, the x-coordinate (697760) falls onto the allowed coordinate (697760.000000).
PASS: For pin "data_out[60]" in the submitted DEF, the y-coordinate (458752) falls within the allowed range (0.000000--697760.000000).
PASS: For pin "data_in[82]" in the submitted DEF, the x-coordinate (0) falls onto the allowed coordinate (0.000000).
PASS: For pin "data_in[82]" in the submitted DEF, the y-coordinate (284080) falls within the allowed range (0.000000--697760.000000).
PASS: For pin "data_in[109]" in the submitted DEF, the x-coordinate (0) falls onto the allowed coordinate (0.000000).
PASS: For pin "data_in[109]" in the submitted DEF, the y-coordinate (175360) falls within the allowed range (0.000000--697760.000000).
PASS: For pin "data_out[10]" in the submitted DEF, the x-coordinate (697760) falls onto the allowed coordinate (697760.000000).
PASS: For pin "data_out[10]" in the submitted DEF, the y-coordinate (256864) falls within the allowed range (0.000000--697760.000000).
PASS: For pin "data_in[38]" in the submitted DEF, the x-coordinate (0) falls onto the allowed coordinate (0.000000).
PASS: For pin "data_in[38]" in the submitted DEF, the y-coordinate (461200) falls within the allowed range (0.000000--697760.000000).
PASS: For pin "data_in[67]" in the submitted DEF, the x-coordinate (0) falls onto the allowed coordinate (0.000000).
PASS: For pin "data_in[67]" in the submitted DEF, the y-coordinate (344560) falls within the allowed range (0.000000--697760.000000).
PASS: For pin "data_in[124]" in the submitted DEF, the x-coordinate (0) falls onto the allowed coordinate (0.000000).
PASS: For pin "data_in[124]" in the submitted DEF, the y-coordinate (115552) falls within the allowed range (0.000000--697760.000000).
PASS: For pin "data_out[31]" in the submitted DEF, the x-coordinate (697760) falls onto the allowed coordinate (697760.000000).
PASS: For pin "data_out[31]" in the submitted DEF, the y-coordinate (341536) falls within the allowed range (0.000000--697760.000000).
PASS: For pin "data_out[44]" in the submitted DEF, the x-coordinate (697760) falls onto the allowed coordinate (697760.000000).
PASS: For pin "data_out[44]" in the submitted DEF, the y-coordinate (393952) falls within the allowed range (0.000000--697760.000000).
PASS: For pin "data_in[75]" in the submitted DEF, the x-coordinate (0) falls onto the allowed coordinate (0.000000).
PASS: For pin "data_in[75]" in the submitted DEF, the y-coordinate (312448) falls within the allowed range (0.000000--697760.000000).
PASS: For pin "data_out[27]" in the submitted DEF, the x-coordinate (697760) falls onto the allowed coordinate (697760.000000).
PASS: For pin "data_out[27]" in the submitted DEF, the y-coordinate (325408) falls within the allowed range (0.000000--697760.000000).
PASS: For pin "data_in[36]" in the submitted DEF, the x-coordinate (0) falls onto the allowed coordinate (0.000000).
PASS: For pin "data_in[36]" in the submitted DEF, the y-coordinate (469600) falls within the allowed range (0.000000--697760.000000).
PASS: For pin "data_in[69]" in the submitted DEF, the x-coordinate (0) falls onto the allowed coordinate (0.000000).
PASS: For pin "data_in[69]" in the submitted DEF, the y-coordinate (336640) falls within the allowed range (0.000000--697760.000000).
PASS: For pin "data_in[113]" in the submitted DEF, the x-coordinate (0) falls onto the allowed coordinate (0.000000).
PASS: For pin "data_in[113]" in the submitted DEF, the y-coordinate (159328) falls within the allowed range (0.000000--697760.000000).
PASS: For pin "data_valid" in the submitted DEF, the x-coordinate (697760) falls onto the allowed coordinate (697760.000000).
PASS: For pin "data_valid" in the submitted DEF, the y-coordinate (474880) falls within the allowed range (0.000000--697760.000000).
PASS: For pin "data_in[4]" in the submitted DEF, the x-coordinate (0) falls onto the allowed coordinate (0.000000).
PASS: For pin "data_in[4]" in the submitted DEF, the y-coordinate (598624) falls within the allowed range (0.000000--697760.000000).
PASS: For pin "data_in[55]" in the submitted DEF, the x-coordinate (0) falls onto the allowed coordinate (0.000000).
PASS: For pin "data_in[55]" in the submitted DEF, the y-coordinate (392800) falls within the allowed range (0.000000--697760.000000).
PASS: For pin "data_in[99]" in the submitted DEF, the x-coordinate (0) falls onto the allowed coordinate (0.000000).
PASS: For pin "data_in[99]" in the submitted DEF, the y-coordinate (215680) falls within the allowed range (0.000000--697760.000000).
PASS: For pin "data_out[50]" in the submitted DEF, the x-coordinate (697760) falls onto the allowed coordinate (697760.000000).
PASS: For pin "data_out[50]" in the submitted DEF, the y-coordinate (418144) falls within the allowed range (0.000000--697760.000000).
PASS: For pin "data_in[85]" in the submitted DEF, the x-coordinate (0) falls onto the allowed coordinate (0.000000).
PASS: For pin "data_in[85]" in the submitted DEF, the y-coordinate (271840) falls within the allowed range (0.000000--697760.000000).
PASS: For pin "data_out[17]" in the submitted DEF, the x-coordinate (697760) falls onto the allowed coordinate (697760.000000).
PASS: For pin "data_out[17]" in the submitted DEF, the y-coordinate (285376) falls within the allowed range (0.000000--697760.000000).
PASS: For pin "data_in[26]" in the submitted DEF, the x-coordinate (0) falls onto the allowed coordinate (0.000000).
PASS: For pin "data_in[26]" in the submitted DEF, the y-coordinate (510016) falls within the allowed range (0.000000--697760.000000).
PASS: For pin "data_in[93]" in the submitted DEF, the x-coordinate (0) falls onto the allowed coordinate (0.000000).
PASS: For pin "data_in[93]" in the submitted DEF, the y-coordinate (239584) falls within the allowed range (0.000000--697760.000000).
PASS: For pin "data_in[47]" in the submitted DEF, the x-coordinate (0) falls onto the allowed coordinate (0.000000).
PASS: For pin "data_in[47]" in the submitted DEF, the y-coordinate (425344) falls within the allowed range (0.000000--697760.000000).
