PASS: For pin "write_data[31]" in the submitted DEF, the x-coordinate (0) falls within the allowed range (0.000000 -- 0.000000).
PASS: For pin "write_data[31]" in the submitted DEF, the y-coordinate (554368) falls within the allowed range (0.000000 -- 762560.000000).
PASS: For pin "write_data[6]" in the submitted DEF, the x-coordinate (0) falls within the allowed range (0.000000 -- 0.000000).
PASS: For pin "write_data[6]" in the submitted DEF, the y-coordinate (352480) falls within the allowed range (0.000000 -- 762560.000000).
PASS: For pin "read_data[19]" in the submitted DEF, the x-coordinate (762560) falls within the allowed range (762552.374400 -- 762567.625600).
PASS: For pin "read_data[19]" in the submitted DEF, the y-coordinate (349792) falls within the allowed range (0.000000 -- 762560.000000).
PASS: For pin "write_data[12]" in the submitted DEF, the x-coordinate (0) falls within the allowed range (0.000000 -- 0.000000).
PASS: For pin "write_data[12]" in the submitted DEF, the y-coordinate (401248) falls within the allowed range (0.000000 -- 762560.000000).
PASS: For pin "clk" in the submitted DEF, the x-coordinate (0) falls within the allowed range (0.000000 -- 0.000000).
PASS: For pin "clk" in the submitted DEF, the y-coordinate (215680) falls within the allowed range (0.000000 -- 762560.000000).
PASS: For pin "write_data[22]" in the submitted DEF, the x-coordinate (0) falls within the allowed range (0.000000 -- 0.000000).
PASS: For pin "write_data[22]" in the submitted DEF, the y-coordinate (481504) falls within the allowed range (0.000000 -- 762560.000000).
PASS: For pin "read_data[27]" in the submitted DEF, the x-coordinate (762560) falls within the allowed range (762552.374400 -- 762567.625600).
PASS: For pin "read_data[27]" in the submitted DEF, the y-coordinate (285376) falls within the allowed range (0.000000 -- 762560.000000).
PASS: For pin "write_data[1]" in the submitted DEF, the x-coordinate (0) falls within the allowed range (0.000000 -- 0.000000).
PASS: For pin "write_data[1]" in the submitted DEF, the y-coordinate (312448) falls within the allowed range (0.000000 -- 762560.000000).
PASS: For pin "read_data[7]" in the submitted DEF, the x-coordinate (762560) falls within the allowed range (762552.374400 -- 762567.625600).
PASS: For pin "read_data[7]" in the submitted DEF, the y-coordinate (446560) falls within the allowed range (0.000000 -- 762560.000000).
PASS: For pin "read_data[13]" in the submitted DEF, the x-coordinate (762560) falls within the allowed range (762552.374400 -- 762567.625600).
PASS: For pin "read_data[13]" in the submitted DEF, the y-coordinate (398176) falls within the allowed range (0.000000 -- 762560.000000).
PASS: For pin "read_data[2]" in the submitted DEF, the x-coordinate (762560) falls within the allowed range (762552.374400 -- 762567.625600).
PASS: For pin "read_data[2]" in the submitted DEF, the y-coordinate (487120) falls within the allowed range (0.000000 -- 762560.000000).
PASS: For pin "write_data[15]" in the submitted DEF, the x-coordinate (0) falls within the allowed range (0.000000 -- 0.000000).
PASS: For pin "write_data[15]" in the submitted DEF, the y-coordinate (425344) falls within the allowed range (0.000000 -- 762560.000000).
PASS: For pin "read_data[29]" in the submitted DEF, the x-coordinate (762560) falls within the allowed range (762552.374400 -- 762567.625600).
PASS: For pin "read_data[29]" in the submitted DEF, the y-coordinate (269152) falls within the allowed range (0.000000 -- 762560.000000).
PASS: For pin "address[3]" in the submitted DEF, the x-coordinate (0) falls within the allowed range (0.000000 -- 0.000000).
PASS: For pin "address[3]" in the submitted DEF, the y-coordinate (247648) falls within the allowed range (0.000000 -- 762560.000000).
PASS: For pin "write_data[2]" in the submitted DEF, the x-coordinate (0) falls within the allowed range (0.000000 -- 0.000000).
PASS: For pin "write_data[2]" in the submitted DEF, the y-coordinate (320512) falls within the allowed range (0.000000 -- 762560.000000).
PASS: For pin "reset_n" in the submitted DEF, the x-coordinate (0) falls within the allowed range (0.000000 -- 0.000000).
PASS: For pin "reset_n" in the submitted DEF, the y-coordinate (207616) falls within the allowed range (0.000000 -- 762560.000000).
PASS: For pin "write_data[8]" in the submitted DEF, the x-coordinate (0) falls within the allowed range (0.000000 -- 0.000000).
PASS: For pin "write_data[8]" in the submitted DEF, the y-coordinate (368608) falls within the allowed range (0.000000 -- 762560.000000).
PASS: For pin "write_data[27]" in the submitted DEF, the x-coordinate (0) falls within the allowed range (0.000000 -- 0.000000).
PASS: For pin "write_data[27]" in the submitted DEF, the y-coordinate (521824) falls within the allowed range (0.000000 -- 762560.000000).
PASS: For pin "read_data[22]" in the submitted DEF, the x-coordinate (762560) falls within the allowed range (762552.374400 -- 762567.625600).
PASS: For pin "read_data[22]" in the submitted DEF, the y-coordinate (325408) falls within the allowed range (0.000000 -- 762560.000000).
PASS: For pin "read_data[1]" in the submitted DEF, the x-coordinate (762560) falls within the allowed range (762552.374400 -- 762567.625600).
PASS: For pin "read_data[1]" in the submitted DEF, the y-coordinate (494944) falls within the allowed range (0.000000 -- 762560.000000).
PASS: For pin "address[4]" in the submitted DEF, the x-coordinate (0) falls within the allowed range (0.000000 -- 0.000000).
PASS: For pin "address[4]" in the submitted DEF, the y-coordinate (255712) falls within the allowed range (0.000000 -- 762560.000000).
PASS: For pin "read_data[17]" in the submitted DEF, the x-coordinate (762560) falls within the allowed range (762552.374400 -- 762567.625600).
PASS: For pin "read_data[17]" in the submitted DEF, the y-coordinate (365920) falls within the allowed range (0.000000 -- 762560.000000).
PASS: For pin "read_data[6]" in the submitted DEF, the x-coordinate (762560) falls within the allowed range (762552.374400 -- 762567.625600).
PASS: For pin "read_data[6]" in the submitted DEF, the y-coordinate (454432) falls within the allowed range (0.000000 -- 762560.000000).
PASS: For pin "write_data[28]" in the submitted DEF, the x-coordinate (0) falls within the allowed range (0.000000 -- 0.000000).
PASS: For pin "write_data[28]" in the submitted DEF, the y-coordinate (530272) falls within the allowed range (0.000000 -- 762560.000000).
PASS: For pin "write_data[11]" in the submitted DEF, the x-coordinate (0) falls within the allowed range (0.000000 -- 0.000000).
PASS: For pin "write_data[11]" in the submitted DEF, the y-coordinate (392800) falls within the allowed range (0.000000 -- 762560.000000).
PASS: For pin "write_data[30]" in the submitted DEF, the x-coordinate (0) falls within the allowed range (0.000000 -- 0.000000).
PASS: For pin "write_data[30]" in the submitted DEF, the y-coordinate (546304) falls within the allowed range (0.000000 -- 762560.000000).
PASS: For pin "write_data[7]" in the submitted DEF, the x-coordinate (0) falls within the allowed range (0.000000 -- 0.000000).
PASS: For pin "write_data[7]" in the submitted DEF, the y-coordinate (360544) falls within the allowed range (0.000000 -- 762560.000000).
PASS: For pin "write_data[14]" in the submitted DEF, the x-coordinate (0) falls within the allowed range (0.000000 -- 0.000000).
PASS: For pin "write_data[14]" in the submitted DEF, the y-coordinate (417280) falls within the allowed range (0.000000 -- 762560.000000).
PASS: For pin "read_data[28]" in the submitted DEF, the x-coordinate (762560) falls within the allowed range (762552.374400 -- 762567.625600).
PASS: For pin "read_data[28]" in the submitted DEF, the y-coordinate (277312) falls within the allowed range (0.000000 -- 762560.000000).
PASS: For pin "read_data[10]" in the submitted DEF, the x-coordinate (762560) falls within the allowed range (762552.374400 -- 762567.625600).
PASS: For pin "read_data[10]" in the submitted DEF, the y-coordinate (422320) falls within the allowed range (0.000000 -- 762560.000000).
PASS: For pin "write_data[23]" in the submitted DEF, the x-coordinate (0) falls within the allowed range (0.000000 -- 0.000000).
PASS: For pin "write_data[23]" in the submitted DEF, the y-coordinate (489568) falls within the allowed range (0.000000 -- 762560.000000).
PASS: For pin "read_data[26]" in the submitted DEF, the x-coordinate (762560) falls within the allowed range (762552.374400 -- 762567.625600).
PASS: For pin "read_data[26]" in the submitted DEF, the y-coordinate (293440) falls within the allowed range (0.000000 -- 762560.000000).
PASS: For pin "read_data[5]" in the submitted DEF, the x-coordinate (762560) falls within the allowed range (762552.374400 -- 762567.625600).
PASS: For pin "read_data[5]" in the submitted DEF, the y-coordinate (462688) falls within the allowed range (0.000000 -- 762560.000000).
PASS: For pin "write_data[9]" in the submitted DEF, the x-coordinate (0) falls within the allowed range (0.000000 -- 0.000000).
PASS: For pin "write_data[9]" in the submitted DEF, the y-coordinate (376672) falls within the allowed range (0.000000 -- 762560.000000).
PASS: For pin "address[0]" in the submitted DEF, the x-coordinate (0) falls within the allowed range (0.000000 -- 0.000000).
PASS: For pin "address[0]" in the submitted DEF, the y-coordinate (223600) falls within the allowed range (0.000000 -- 762560.000000).
PASS: For pin "write_data[17]" in the submitted DEF, the x-coordinate (0) falls within the allowed range (0.000000 -- 0.000000).
PASS: For pin "write_data[17]" in the submitted DEF, the y-coordinate (441472) falls within the allowed range (0.000000 -- 762560.000000).
PASS: For pin "address[5]" in the submitted DEF, the x-coordinate (0) falls within the allowed range (0.000000 -- 0.000000).
PASS: For pin "address[5]" in the submitted DEF, the y-coordinate (263776) falls within the allowed range (0.000000 -- 762560.000000).
PASS: For pin "write_data[24]" in the submitted DEF, the x-coordinate (0) falls within the allowed range (0.000000 -- 0.000000).
PASS: For pin "write_data[24]" in the submitted DEF, the y-coordinate (497632) falls within the allowed range (0.000000 -- 762560.000000).
PASS: For pin "read_data[21]" in the submitted DEF, the x-coordinate (762560) falls within the allowed range (762552.374400 -- 762567.625600).
PASS: For pin "read_data[21]" in the submitted DEF, the y-coordinate (333664) falls within the allowed range (0.000000 -- 762560.000000).
PASS: For pin "error" in the submitted DEF, the x-coordinate (762560) falls within the allowed range (762552.374400 -- 762567.625600).
PASS: For pin "error" in the submitted DEF, the y-coordinate (511072) falls within the allowed range (0.000000 -- 762560.000000).
PASS: For pin "write_data[3]" in the submitted DEF, the x-coordinate (0) falls within the allowed range (0.000000 -- 0.000000).
PASS: For pin "write_data[3]" in the submitted DEF, the y-coordinate (328576) falls within the allowed range (0.000000 -- 762560.000000).
PASS: For pin "write_data[29]" in the submitted DEF, the x-coordinate (0) falls within the allowed range (0.000000 -- 0.000000).
PASS: For pin "write_data[29]" in the submitted DEF, the y-coordinate (538240) falls within the allowed range (0.000000 -- 762560.000000).
PASS: For pin "write_data[10]" in the submitted DEF, the x-coordinate (0) falls within the allowed range (0.000000 -- 0.000000).
PASS: For pin "write_data[10]" in the submitted DEF, the y-coordinate (384736) falls within the allowed range (0.000000 -- 762560.000000).
PASS: For pin "read_data[14]" in the submitted DEF, the x-coordinate (762560) falls within the allowed range (762552.374400 -- 762567.625600).
PASS: For pin "read_data[14]" in the submitted DEF, the y-coordinate (390208) falls within the allowed range (0.000000 -- 762560.000000).
PASS: For pin "read_data[0]" in the submitted DEF, the x-coordinate (762560) falls within the allowed range (762552.374400 -- 762567.625600).
PASS: For pin "read_data[0]" in the submitted DEF, the y-coordinate (503104) falls within the allowed range (0.000000 -- 762560.000000).
PASS: For pin "address[6]" in the submitted DEF, the x-coordinate (0) falls within the allowed range (0.000000 -- 0.000000).
PASS: For pin "address[6]" in the submitted DEF, the y-coordinate (271840) falls within the allowed range (0.000000 -- 762560.000000).
PASS: For pin "read_data[30]" in the submitted DEF, the x-coordinate (762560) falls within the allowed range (762552.374400 -- 762567.625600).
PASS: For pin "read_data[30]" in the submitted DEF, the y-coordinate (261184) falls within the allowed range (0.000000 -- 762560.000000).
PASS: For pin "read_data[9]" in the submitted DEF, the x-coordinate (762560) falls within the allowed range (762552.374400 -- 762567.625600).
PASS: For pin "read_data[9]" in the submitted DEF, the y-coordinate (430432) falls within the allowed range (0.000000 -- 762560.000000).
PASS: For pin "read_data[11]" in the submitted DEF, the x-coordinate (762560) falls within the allowed range (762552.374400 -- 762567.625600).
PASS: For pin "read_data[11]" in the submitted DEF, the y-coordinate (414304) falls within the allowed range (0.000000 -- 762560.000000).
PASS: For pin "cs" in the submitted DEF, the x-coordinate (0) falls within the allowed range (0.000000 -- 0.000000).
PASS: For pin "cs" in the submitted DEF, the y-coordinate (288352) falls within the allowed range (0.000000 -- 762560.000000).
PASS: For pin "write_data[4]" in the submitted DEF, the x-coordinate (0) falls within the allowed range (0.000000 -- 0.000000).
PASS: For pin "write_data[4]" in the submitted DEF, the y-coordinate (336640) falls within the allowed range (0.000000 -- 762560.000000).
PASS: For pin "write_data[13]" in the submitted DEF, the x-coordinate (0) falls within the allowed range (0.000000 -- 0.000000).
PASS: For pin "write_data[13]" in the submitted DEF, the y-coordinate (408928) falls within the allowed range (0.000000 -- 762560.000000).
PASS: For pin "address[1]" in the submitted DEF, the x-coordinate (0) falls within the allowed range (0.000000 -- 0.000000).
PASS: For pin "address[1]" in the submitted DEF, the y-coordinate (231520) falls within the allowed range (0.000000 -- 762560.000000).
PASS: For pin "write_data[20]" in the submitted DEF, the x-coordinate (0) falls within the allowed range (0.000000 -- 0.000000).
PASS: For pin "write_data[20]" in the submitted DEF, the y-coordinate (465520) falls within the allowed range (0.000000 -- 762560.000000).
PASS: For pin "write_data[19]" in the submitted DEF, the x-coordinate (0) falls within the allowed range (0.000000 -- 0.000000).
PASS: For pin "write_data[19]" in the submitted DEF, the y-coordinate (457600) falls within the allowed range (0.000000 -- 762560.000000).
PASS: For pin "read_data[25]" in the submitted DEF, the x-coordinate (762560) falls within the allowed range (762552.374400 -- 762567.625600).
PASS: For pin "read_data[25]" in the submitted DEF, the y-coordinate (301360) falls within the allowed range (0.000000 -- 762560.000000).
PASS: For pin "we" in the submitted DEF, the x-coordinate (0) falls within the allowed range (0.000000 -- 0.000000).
PASS: For pin "we" in the submitted DEF, the y-coordinate (296320) falls within the allowed range (0.000000 -- 762560.000000).
PASS: For pin "read_data[12]" in the submitted DEF, the x-coordinate (762560) falls within the allowed range (762552.374400 -- 762567.625600).
PASS: For pin "read_data[12]" in the submitted DEF, the y-coordinate (406336) falls within the allowed range (0.000000 -- 762560.000000).
PASS: For pin "write_data[25]" in the submitted DEF, the x-coordinate (0) falls within the allowed range (0.000000 -- 0.000000).
PASS: For pin "write_data[25]" in the submitted DEF, the y-coordinate (505696) falls within the allowed range (0.000000 -- 762560.000000).
PASS: For pin "read_data[20]" in the submitted DEF, the x-coordinate (762560) falls within the allowed range (762552.374400 -- 762567.625600).
PASS: For pin "read_data[20]" in the submitted DEF, the y-coordinate (341536) falls within the allowed range (0.000000 -- 762560.000000).
PASS: For pin "read_data[18]" in the submitted DEF, the x-coordinate (762560) falls within the allowed range (762552.374400 -- 762567.625600).
PASS: For pin "read_data[18]" in the submitted DEF, the y-coordinate (357520) falls within the allowed range (0.000000 -- 762560.000000).
PASS: For pin "read_data[4]" in the submitted DEF, the x-coordinate (762560) falls within the allowed range (762552.374400 -- 762567.625600).
PASS: For pin "read_data[4]" in the submitted DEF, the y-coordinate (470560) falls within the allowed range (0.000000 -- 762560.000000).
PASS: For pin "address[2]" in the submitted DEF, the x-coordinate (0) falls within the allowed range (0.000000 -- 0.000000).
PASS: For pin "address[2]" in the submitted DEF, the y-coordinate (239584) falls within the allowed range (0.000000 -- 762560.000000).
PASS: For pin "read_data[15]" in the submitted DEF, the x-coordinate (762560) falls within the allowed range (762552.374400 -- 762567.625600).
PASS: For pin "read_data[15]" in the submitted DEF, the y-coordinate (382048) falls within the allowed range (0.000000 -- 762560.000000).
PASS: For pin "write_data[0]" in the submitted DEF, the x-coordinate (0) falls within the allowed range (0.000000 -- 0.000000).
PASS: For pin "write_data[0]" in the submitted DEF, the y-coordinate (304384) falls within the allowed range (0.000000 -- 762560.000000).
PASS: For pin "write_data[16]" in the submitted DEF, the x-coordinate (0) falls within the allowed range (0.000000 -- 0.000000).
PASS: For pin "write_data[16]" in the submitted DEF, the y-coordinate (433408) falls within the allowed range (0.000000 -- 762560.000000).
PASS: For pin "write_data[26]" in the submitted DEF, the x-coordinate (0) falls within the allowed range (0.000000 -- 0.000000).
PASS: For pin "write_data[26]" in the submitted DEF, the y-coordinate (513760) falls within the allowed range (0.000000 -- 762560.000000).
PASS: For pin "read_data[23]" in the submitted DEF, the x-coordinate (762560) falls within the allowed range (762552.374400 -- 762567.625600).
PASS: For pin "read_data[23]" in the submitted DEF, the y-coordinate (317536) falls within the allowed range (0.000000 -- 762560.000000).
PASS: For pin "write_data[5]" in the submitted DEF, the x-coordinate (0) falls within the allowed range (0.000000 -- 0.000000).
PASS: For pin "write_data[5]" in the submitted DEF, the y-coordinate (344560) falls within the allowed range (0.000000 -- 762560.000000).
PASS: For pin "read_data[3]" in the submitted DEF, the x-coordinate (762560) falls within the allowed range (762552.374400 -- 762567.625600).
PASS: For pin "read_data[3]" in the submitted DEF, the y-coordinate (478816) falls within the allowed range (0.000000 -- 762560.000000).
PASS: For pin "read_data[16]" in the submitted DEF, the x-coordinate (762560) falls within the allowed range (762552.374400 -- 762567.625600).
PASS: For pin "read_data[16]" in the submitted DEF, the y-coordinate (374080) falls within the allowed range (0.000000 -- 762560.000000).
PASS: For pin "write_data[21]" in the submitted DEF, the x-coordinate (0) falls within the allowed range (0.000000 -- 0.000000).
PASS: For pin "write_data[21]" in the submitted DEF, the y-coordinate (473440) falls within the allowed range (0.000000 -- 762560.000000).
PASS: For pin "write_data[18]" in the submitted DEF, the x-coordinate (0) falls within the allowed range (0.000000 -- 0.000000).
PASS: For pin "write_data[18]" in the submitted DEF, the y-coordinate (449536) falls within the allowed range (0.000000 -- 762560.000000).
PASS: For pin "read_data[24]" in the submitted DEF, the x-coordinate (762560) falls within the allowed range (762552.374400 -- 762567.625600).
PASS: For pin "read_data[24]" in the submitted DEF, the y-coordinate (309280) falls within the allowed range (0.000000 -- 762560.000000).
PASS: For pin "address[7]" in the submitted DEF, the x-coordinate (0) falls within the allowed range (0.000000 -- 0.000000).
PASS: For pin "address[7]" in the submitted DEF, the y-coordinate (279904) falls within the allowed range (0.000000 -- 762560.000000).
PASS: For pin "read_data[31]" in the submitted DEF, the x-coordinate (762560) falls within the allowed range (762552.374400 -- 762567.625600).
PASS: For pin "read_data[31]" in the submitted DEF, the y-coordinate (253024) falls within the allowed range (0.000000 -- 762560.000000).
PASS: For pin "read_data[8]" in the submitted DEF, the x-coordinate (762560) falls within the allowed range (762552.374400 -- 762567.625600).
PASS: For pin "read_data[8]" in the submitted DEF, the y-coordinate (438304) falls within the allowed range (0.000000 -- 762560.000000).
