#Calculating Track Utilization in region ( 0.00000 0.00000 190.64000 190.64000 ) for layer range: 2-10 [M2-Pad] ...
#
#+-------+------------------+--------------+-----------+-------------+-------------+-----------+--------+----------------+
#|                                         | BLOCKED BY                                                 |                |
#+-------+------------------+--------------+-----------+-------------+-------------+-----------+--------+----------------+
#| Layer | # of Tracks      | TrackLength  | PG Mesh % | Blkg & IO % | BlockCell % | StdCell % | Nets % | Avail Tracks % |
#+-------+------------------+--------------+-----------+-------------+-------------+-----------+--------+----------------+
#| M2    |             1231 |    234432.56 |     12.63 |        0.00 |        0.00 |     12.75 |  22.27 |          52.35 |
#| M3    |             1323 |    251989.83 |     20.70 |        0.00 |        0.00 |      0.00 |  25.47 |          53.84 |
#| M4    |              992 |    188917.22 |      9.26 |        0.00 |        0.00 |      0.00 |  31.18 |          59.57 |
#| M5    |              882 |    167993.22 |      1.04 |        0.00 |        0.00 |      0.00 |  18.35 |          80.61 |
#| M6    |              662 |    126071.78 |      5.95 |        0.00 |        0.00 |      0.00 |  44.99 |          49.05 |
#| M7    |              662 |    126090.15 |      5.45 |        0.00 |        0.00 |      0.00 |   3.06 |          91.49 |
#| M8    |              496 |     94458.61 |      0.00 |        0.00 |        0.00 |      0.00 |   0.00 |         100.00 |
#| M9    |              529 |    100757.84 |      0.00 |        0.00 |        0.00 |      0.00 |   0.00 |         100.00 |
#| Pad   |               15 |      2856.61 |      0.00 |        0.00 |        0.00 |      0.00 |   0.00 |         100.00 |
#+-------+------------------+--------------+-----------+-------------+-------------+-----------+--------+----------------+
#| TOTAL |             6792 |   1293567.81 |      8.92 |        0.00 |        0.00 |      2.31 |  20.62 |          68.15 |
#+-------+------------------+--------------+-----------+-------------+-------------+-----------+--------+----------------+
#Calculating Track Utilization: cpu:00:00:03, real:00:00:00, mem:876.2 MB, peak:1.8 GB --15.96 [24]--
