PASS: For pin "Dout[40]" in the submitted DEF, the x-coordinate (1172960) falls onto the allowed coordinate (1172960.000000).
PASS: For pin "Dout[40]" in the submitted DEF, the y-coordinate (615424) falls within the allowed range (0.000000--1172960.000000).
PASS: For pin "Din[14]" in the submitted DEF, the x-coordinate (0) falls onto the allowed coordinate (0.000000).
PASS: For pin "Din[14]" in the submitted DEF, the y-coordinate (927040) falls within the allowed range (0.000000--1172960.000000).
PASS: For pin "Kin[24]" in the submitted DEF, the x-coordinate (0) falls onto the allowed coordinate (0.000000).
PASS: For pin "Kin[24]" in the submitted DEF, the y-coordinate (628576) falls within the allowed range (0.000000--1172960.000000).
PASS: For pin "Kin[99]" in the submitted DEF, the x-coordinate (0) falls onto the allowed coordinate (0.000000).
PASS: For pin "Kin[99]" in the submitted DEF, the y-coordinate (325984) falls within the allowed range (0.000000--1172960.000000).
PASS: For pin "Dout[32]" in the submitted DEF, the x-coordinate (1172960) falls onto the allowed coordinate (1172960.000000).
PASS: For pin "Dout[32]" in the submitted DEF, the y-coordinate (582880) falls within the allowed range (0.000000--1172960.000000).
PASS: For pin "Din[53]" in the submitted DEF, the x-coordinate (0) falls onto the allowed coordinate (0.000000).
PASS: For pin "Din[53]" in the submitted DEF, the y-coordinate (769792) falls within the allowed range (0.000000--1172960.000000).
PASS: For pin "Kin[63]" in the submitted DEF, the x-coordinate (0) falls onto the allowed coordinate (0.000000).
PASS: For pin "Kin[63]" in the submitted DEF, the y-coordinate (471136) falls within the allowed range (0.000000--1172960.000000).
PASS: For pin "Din[41]" in the submitted DEF, the x-coordinate (0) falls onto the allowed coordinate (0.000000).
PASS: For pin "Din[41]" in the submitted DEF, the y-coordinate (817888) falls within the allowed range (0.000000--1172960.000000).
PASS: For pin "Kin[71]" in the submitted DEF, the x-coordinate (0) falls onto the allowed coordinate (0.000000).
PASS: For pin "Kin[71]" in the submitted DEF, the y-coordinate (438880) falls within the allowed range (0.000000--1172960.000000).
PASS: For pin "Kin[93]" in the submitted DEF, the x-coordinate (0) falls onto the allowed coordinate (0.000000).
PASS: For pin "Kin[93]" in the submitted DEF, the y-coordinate (350176) falls within the allowed range (0.000000--1172960.000000).
PASS: For pin "Kin[121]" in the submitted DEF, the x-coordinate (0) falls onto the allowed coordinate (0.000000).
PASS: For pin "Kin[121]" in the submitted DEF, the y-coordinate (237280) falls within the allowed range (0.000000--1172960.000000).
PASS: For pin "Dout[23]" in the submitted DEF, the x-coordinate (1172960) falls onto the allowed coordinate (1172960.000000).
PASS: For pin "Dout[23]" in the submitted DEF, the y-coordinate (546880) falls within the allowed range (0.000000--1172960.000000).
PASS: For pin "Din[60]" in the submitted DEF, the x-coordinate (0) falls onto the allowed coordinate (0.000000).
PASS: For pin "Din[60]" in the submitted DEF, the y-coordinate (741472) falls within the allowed range (0.000000--1172960.000000).
PASS: For pin "Kin[50]" in the submitted DEF, the x-coordinate (0) falls onto the allowed coordinate (0.000000).
PASS: For pin "Kin[50]" in the submitted DEF, the y-coordinate (523552) falls within the allowed range (0.000000--1172960.000000).
PASS: For pin "Kin[100]" in the submitted DEF, the x-coordinate (0) falls onto the allowed coordinate (0.000000).
PASS: For pin "Kin[100]" in the submitted DEF, the y-coordinate (322144) falls within the allowed range (0.000000--1172960.000000).
PASS: For pin "Dout[2]" in the submitted DEF, the x-coordinate (1172960) falls onto the allowed coordinate (1172960.000000).
PASS: For pin "Dout[2]" in the submitted DEF, the y-coordinate (461920) falls within the allowed range (0.000000--1172960.000000).
PASS: For pin "Kin[59]" in the submitted DEF, the x-coordinate (0) falls onto the allowed coordinate (0.000000).
PASS: For pin "Kin[59]" in the submitted DEF, the y-coordinate (487264) falls within the allowed range (0.000000--1172960.000000).
PASS: For pin "Kin[109]" in the submitted DEF, the x-coordinate (0) falls onto the allowed coordinate (0.000000).
PASS: For pin "Kin[109]" in the submitted DEF, the y-coordinate (285952) falls within the allowed range (0.000000--1172960.000000).
PASS: For pin "Dout[47]" in the submitted DEF, the x-coordinate (1172960) falls onto the allowed coordinate (1172960.000000).
PASS: For pin "Dout[47]" in the submitted DEF, the y-coordinate (643360) falls within the allowed range (0.000000--1172960.000000).
PASS: For pin "Din[13]" in the submitted DEF, the x-coordinate (0) falls onto the allowed coordinate (0.000000).
PASS: For pin "Din[13]" in the submitted DEF, the y-coordinate (930784) falls within the allowed range (0.000000--1172960.000000).
PASS: For pin "Kin[23]" in the submitted DEF, the x-coordinate (0) falls onto the allowed coordinate (0.000000).
PASS: For pin "Kin[23]" in the submitted DEF, the y-coordinate (632704) falls within the allowed range (0.000000--1172960.000000).
PASS: For pin "Dout[19]" in the submitted DEF, the x-coordinate (1172960) falls onto the allowed coordinate (1172960.000000).
PASS: For pin "Dout[19]" in the submitted DEF, the y-coordinate (530320) falls within the allowed range (0.000000--1172960.000000).
PASS: For pin "Dout[55]" in the submitted DEF, the x-coordinate (1172960) falls onto the allowed coordinate (1172960.000000).
PASS: For pin "Dout[55]" in the submitted DEF, the y-coordinate (675904) falls within the allowed range (0.000000--1172960.000000).
PASS: For pin "Din[38]" in the submitted DEF, the x-coordinate (0) falls onto the allowed coordinate (0.000000).
PASS: For pin "Din[38]" in the submitted DEF, the y-coordinate (830272) falls within the allowed range (0.000000--1172960.000000).
PASS: For pin "Kin[31]" in the submitted DEF, the x-coordinate (0) falls onto the allowed coordinate (0.000000).
PASS: For pin "Kin[31]" in the submitted DEF, the y-coordinate (600160) falls within the allowed range (0.000000--1172960.000000).
PASS: For pin "Kin[44]" in the submitted DEF, the x-coordinate (0) falls onto the allowed coordinate (0.000000).
PASS: For pin "Kin[44]" in the submitted DEF, the y-coordinate (547936) falls within the allowed range (0.000000--1172960.000000).
PASS: For pin "Kin[114]" in the submitted DEF, the x-coordinate (0) falls onto the allowed coordinate (0.000000).
PASS: For pin "Kin[114]" in the submitted DEF, the y-coordinate (265504) falls within the allowed range (0.000000--1172960.000000).
PASS: For pin "Dout[38]" in the submitted DEF, the x-coordinate (1172960) falls onto the allowed coordinate (1172960.000000).
PASS: For pin "Dout[38]" in the submitted DEF, the y-coordinate (607360) falls within the allowed range (0.000000--1172960.000000).
PASS: For pin "Din[6]" in the submitted DEF, the x-coordinate (0) falls onto the allowed coordinate (0.000000).
PASS: For pin "Din[6]" in the submitted DEF, the y-coordinate (959296) falls within the allowed range (0.000000--1172960.000000).
PASS: For pin "Din[20]" in the submitted DEF, the x-coordinate (0) falls onto the allowed coordinate (0.000000).
PASS: For pin "Din[20]" in the submitted DEF, the y-coordinate (902752) falls within the allowed range (0.000000--1172960.000000).
PASS: For pin "Din[59]" in the submitted DEF, the x-coordinate (0) falls onto the allowed coordinate (0.000000).
PASS: For pin "Din[59]" in the submitted DEF, the y-coordinate (745600) falls within the allowed range (0.000000--1172960.000000).
PASS: For pin "Kin[5]" in the submitted DEF, the x-coordinate (0) falls onto the allowed coordinate (0.000000).
PASS: For pin "Kin[5]" in the submitted DEF, the y-coordinate (704992) falls within the allowed range (0.000000--1172960.000000).
PASS: For pin "Kin[10]" in the submitted DEF, the x-coordinate (0) falls onto the allowed coordinate (0.000000).
PASS: For pin "Kin[10]" in the submitted DEF, the y-coordinate (685120) falls within the allowed range (0.000000--1172960.000000).
PASS: For pin "Kin[69]" in the submitted DEF, the x-coordinate (0) falls onto the allowed coordinate (0.000000).
PASS: For pin "Kin[69]" in the submitted DEF, the y-coordinate (446944) falls within the allowed range (0.000000--1172960.000000).
PASS: For pin "Kin[87]" in the submitted DEF, the x-coordinate (0) falls onto the allowed coordinate (0.000000).
PASS: For pin "Kin[87]" in the submitted DEF, the y-coordinate (374368) falls within the allowed range (0.000000--1172960.000000).
PASS: For pin "Dout[31]" in the submitted DEF, the x-coordinate (1172960) falls onto the allowed coordinate (1172960.000000).
PASS: For pin "Dout[31]" in the submitted DEF, the y-coordinate (579136) falls within the allowed range (0.000000--1172960.000000).
PASS: For pin "Din[29]" in the submitted DEF, the x-coordinate (0) falls onto the allowed coordinate (0.000000).
PASS: For pin "Din[29]" in the submitted DEF, the y-coordinate (866560) falls within the allowed range (0.000000--1172960.000000).
PASS: For pin "Din[50]" in the submitted DEF, the x-coordinate (0) falls onto the allowed coordinate (0.000000).
PASS: For pin "Din[50]" in the submitted DEF, the y-coordinate (781600) falls within the allowed range (0.000000--1172960.000000).
PASS: For pin "Kin[19]" in the submitted DEF, the x-coordinate (0) falls onto the allowed coordinate (0.000000).
PASS: For pin "Kin[19]" in the submitted DEF, the y-coordinate (648832) falls within the allowed range (0.000000--1172960.000000).
PASS: For pin "Kin[60]" in the submitted DEF, the x-coordinate (0) falls onto the allowed coordinate (0.000000).
PASS: For pin "Kin[60]" in the submitted DEF, the y-coordinate (483424) falls within the allowed range (0.000000--1172960.000000).
PASS: For pin "Dout[50]" in the submitted DEF, the x-coordinate (1172960) falls onto the allowed coordinate (1172960.000000).
PASS: For pin "Dout[50]" in the submitted DEF, the y-coordinate (655600) falls within the allowed range (0.000000--1172960.000000).
PASS: For pin "Kin[34]" in the submitted DEF, the x-coordinate (0) falls onto the allowed coordinate (0.000000).
PASS: For pin "Kin[34]" in the submitted DEF, the y-coordinate (588352) falls within the allowed range (0.000000--1172960.000000).
PASS: For pin "Kin[41]" in the submitted DEF, the x-coordinate (0) falls onto the allowed coordinate (0.000000).
PASS: For pin "Kin[41]" in the submitted DEF, the y-coordinate (559840) falls within the allowed range (0.000000--1172960.000000).
PASS: For pin "Kin[111]" in the submitted DEF, the x-coordinate (0) falls onto the allowed coordinate (0.000000).
PASS: For pin "Kin[111]" in the submitted DEF, the y-coordinate (277888) falls within the allowed range (0.000000--1172960.000000).
PASS: For pin "Dout[24]" in the submitted DEF, the x-coordinate (1172960) falls onto the allowed coordinate (1172960.000000).
PASS: For pin "Dout[24]" in the submitted DEF, the y-coordinate (550624) falls within the allowed range (0.000000--1172960.000000).
PASS: For pin "Kin[57]" in the submitted DEF, the x-coordinate (0) falls onto the allowed coordinate (0.000000).
PASS: For pin "Kin[57]" in the submitted DEF, the y-coordinate (495712) falls within the allowed range (0.000000--1172960.000000).
PASS: For pin "Kin[107]" in the submitted DEF, the x-coordinate (0) falls onto the allowed coordinate (0.000000).
PASS: For pin "Kin[107]" in the submitted DEF, the y-coordinate (294016) falls within the allowed range (0.000000--1172960.000000).
PASS: For pin "Dout[12]" in the submitted DEF, the x-coordinate (1172960) falls onto the allowed coordinate (1172960.000000).
PASS: For pin "Dout[12]" in the submitted DEF, the y-coordinate (502528) falls within the allowed range (0.000000--1172960.000000).
PASS: For pin "Din[33]" in the submitted DEF, the x-coordinate (0) falls onto the allowed coordinate (0.000000).
PASS: For pin "Din[33]" in the submitted DEF, the y-coordinate (850528) falls within the allowed range (0.000000--1172960.000000).
PASS: For pin "Dout[44]" in the submitted DEF, the x-coordinate (1172960) falls onto the allowed coordinate (1172960.000000).
PASS: For pin "Dout[44]" in the submitted DEF, the y-coordinate (631552) falls within the allowed range (0.000000--1172960.000000).
PASS: For pin "Din[10]" in the submitted DEF, the x-coordinate (0) falls onto the allowed coordinate (0.000000).
PASS: For pin "Din[10]" in the submitted DEF, the y-coordinate (943168) falls within the allowed range (0.000000--1172960.000000).
PASS: For pin "Kin[20]" in the submitted DEF, the x-coordinate (0) falls onto the allowed coordinate (0.000000).
PASS: For pin "Kin[20]" in the submitted DEF, the y-coordinate (644704) falls within the allowed range (0.000000--1172960.000000).
PASS: For pin "Dout[36]" in the submitted DEF, the x-coordinate (1172960) falls onto the allowed coordinate (1172960.000000).
PASS: For pin "Dout[36]" in the submitted DEF, the y-coordinate (599392) falls within the allowed range (0.000000--1172960.000000).
PASS: For pin "Din[8]" in the submitted DEF, the x-coordinate (0) falls onto the allowed coordinate (0.000000).
PASS: For pin "Din[8]" in the submitted DEF, the y-coordinate (951136) falls within the allowed range (0.000000--1172960.000000).
PASS: For pin "Din[57]" in the submitted DEF, the x-coordinate (0) falls onto the allowed coordinate (0.000000).
PASS: For pin "Din[57]" in the submitted DEF, the y-coordinate (753664) falls within the allowed range (0.000000--1172960.000000).
PASS: For pin "Kin[67]" in the submitted DEF, the x-coordinate (0) falls onto the allowed coordinate (0.000000).
PASS: For pin "Kin[67]" in the submitted DEF, the y-coordinate (455008) falls within the allowed range (0.000000--1172960.000000).
PASS: For pin "Kin[89]" in the submitted DEF, the x-coordinate (0) falls onto the allowed coordinate (0.000000).
PASS: For pin "Kin[89]" in the submitted DEF, the y-coordinate (366688) falls within the allowed range (0.000000--1172960.000000).
PASS: For pin "Din[45]" in the submitted DEF, the x-coordinate (0) falls onto the allowed coordinate (0.000000).
PASS: For pin "Din[45]" in the submitted DEF, the y-coordinate (801760) falls within the allowed range (0.000000--1172960.000000).
PASS: For pin "Kin[75]" in the submitted DEF, the x-coordinate (0) falls onto the allowed coordinate (0.000000).
PASS: For pin "Kin[75]" in the submitted DEF, the y-coordinate (423040) falls within the allowed range (0.000000--1172960.000000).
PASS: For pin "Kin[97]" in the submitted DEF, the x-coordinate (0) falls onto the allowed coordinate (0.000000).
PASS: For pin "Kin[97]" in the submitted DEF, the y-coordinate (334048) falls within the allowed range (0.000000--1172960.000000).
PASS: For pin "Kin[125]" in the submitted DEF, the x-coordinate (0) falls onto the allowed coordinate (0.000000).
PASS: For pin "Kin[125]" in the submitted DEF, the y-coordinate (221152) falls within the allowed range (0.000000--1172960.000000).
PASS: For pin "Kvld" in the submitted DEF, the x-coordinate (1172960) falls onto the allowed coordinate (1172960.000000).
PASS: For pin "Kvld" in the submitted DEF, the y-coordinate (716080) falls within the allowed range (0.000000--1172960.000000).
PASS: For pin "Dout[7]" in the submitted DEF, the x-coordinate (1172960) falls onto the allowed coordinate (1172960.000000).
PASS: For pin "Dout[7]" in the submitted DEF, the y-coordinate (482080) falls within the allowed range (0.000000--1172960.000000).
PASS: For pin "Dout[53]" in the submitted DEF, the x-coordinate (1172960) falls onto the allowed coordinate (1172960.000000).
PASS: For pin "Dout[53]" in the submitted DEF, the y-coordinate (667744) falls within the allowed range (0.000000--1172960.000000).
PASS: For pin "Kin[37]" in the submitted DEF, the x-coordinate (0) falls onto the allowed coordinate (0.000000).
PASS: For pin "Kin[37]" in the submitted DEF, the y-coordinate (575968) falls within the allowed range (0.000000--1172960.000000).
PASS: For pin "Kin[42]" in the submitted DEF, the x-coordinate (0) falls onto the allowed coordinate (0.000000).
PASS: For pin "Kin[42]" in the submitted DEF, the y-coordinate (556240) falls within the allowed range (0.000000--1172960.000000).
PASS: For pin "Kin[112]" in the submitted DEF, the x-coordinate (0) falls onto the allowed coordinate (0.000000).
PASS: For pin "Kin[112]" in the submitted DEF, the y-coordinate (273760) falls within the allowed range (0.000000--1172960.000000).
PASS: For pin "EN" in the submitted DEF, the x-coordinate (0) falls onto the allowed coordinate (0.000000).
PASS: For pin "EN" in the submitted DEF, the y-coordinate (205024) falls within the allowed range (0.000000--1172960.000000).
PASS: For pin "Din[40]" in the submitted DEF, the x-coordinate (0) falls onto the allowed coordinate (0.000000).
PASS: For pin "Din[40]" in the submitted DEF, the y-coordinate (822112) falls within the allowed range (0.000000--1172960.000000).
PASS: For pin "Kin[70]" in the submitted DEF, the x-coordinate (0) falls onto the allowed coordinate (0.000000).
PASS: For pin "Kin[70]" in the submitted DEF, the y-coordinate (443200) falls within the allowed range (0.000000--1172960.000000).
PASS: For pin "Kin[92]" in the submitted DEF, the x-coordinate (0) falls onto the allowed coordinate (0.000000).
PASS: For pin "Kin[92]" in the submitted DEF, the y-coordinate (354400) falls within the allowed range (0.000000--1172960.000000).
PASS: For pin "Kin[120]" in the submitted DEF, the x-coordinate (0) falls onto the allowed coordinate (0.000000).
PASS: For pin "Kin[120]" in the submitted DEF, the y-coordinate (241504) falls within the allowed range (0.000000--1172960.000000).
PASS: For pin "Dout[15]" in the submitted DEF, the x-coordinate (1172960) falls onto the allowed coordinate (1172960.000000).
PASS: For pin "Dout[15]" in the submitted DEF, the y-coordinate (514336) falls within the allowed range (0.000000--1172960.000000).
PASS: For pin "Dout[59]" in the submitted DEF, the x-coordinate (1172960) falls onto the allowed coordinate (1172960.000000).
PASS: For pin "Dout[59]" in the submitted DEF, the y-coordinate (692032) falls within the allowed range (0.000000--1172960.000000).
PASS: For pin "Dout[60]" in the submitted DEF, the x-coordinate (1172960) falls onto the allowed coordinate (1172960.000000).
PASS: For pin "Dout[60]" in the submitted DEF, the y-coordinate (695776) falls within the allowed range (0.000000--1172960.000000).
PASS: For pin "Din[34]" in the submitted DEF, the x-coordinate (0) falls onto the allowed coordinate (0.000000).
PASS: For pin "Din[34]" in the submitted DEF, the y-coordinate (846400) falls within the allowed range (0.000000--1172960.000000).
PASS: For pin "Kin[48]" in the submitted DEF, the x-coordinate (0) falls onto the allowed coordinate (0.000000).
PASS: For pin "Kin[48]" in the submitted DEF, the y-coordinate (531808) falls within the allowed range (0.000000--1172960.000000).
PASS: For pin "Kin[118]" in the submitted DEF, the x-coordinate (0) falls onto the allowed coordinate (0.000000).
PASS: For pin "Kin[118]" in the submitted DEF, the y-coordinate (249520) falls within the allowed range (0.000000--1172960.000000).
PASS: For pin "Din[2]" in the submitted DEF, the x-coordinate (0) falls onto the allowed coordinate (0.000000).
PASS: For pin "Din[2]" in the submitted DEF, the y-coordinate (975280) falls within the allowed range (0.000000--1172960.000000).
PASS: For pin "Din[24]" in the submitted DEF, the x-coordinate (0) falls onto the allowed coordinate (0.000000).
PASS: For pin "Din[24]" in the submitted DEF, the y-coordinate (886624) falls within the allowed range (0.000000--1172960.000000).
PASS: For pin "Kin[1]" in the submitted DEF, the x-coordinate (0) falls onto the allowed coordinate (0.000000).
PASS: For pin "Kin[1]" in the submitted DEF, the y-coordinate (721120) falls within the allowed range (0.000000--1172960.000000).
PASS: For pin "Kin[14]" in the submitted DEF, the x-coordinate (0) falls onto the allowed coordinate (0.000000).
PASS: For pin "Kin[14]" in the submitted DEF, the y-coordinate (668560) falls within the allowed range (0.000000--1172960.000000).
PASS: For pin "Kin[83]" in the submitted DEF, the x-coordinate (0) falls onto the allowed coordinate (0.000000).
PASS: For pin "Kin[83]" in the submitted DEF, the y-coordinate (390784) falls within the allowed range (0.000000--1172960.000000).
PASS: For pin "Dout[35]" in the submitted DEF, the x-coordinate (1172960) falls onto the allowed coordinate (1172960.000000).
PASS: For pin "Dout[35]" in the submitted DEF, the y-coordinate (595120) falls within the allowed range (0.000000--1172960.000000).
PASS: For pin "Din[54]" in the submitted DEF, the x-coordinate (0) falls onto the allowed coordinate (0.000000).
PASS: For pin "Din[54]" in the submitted DEF, the y-coordinate (765472) falls within the allowed range (0.000000--1172960.000000).
PASS: For pin "Kin[8]" in the submitted DEF, the x-coordinate (0) falls onto the allowed coordinate (0.000000).
PASS: For pin "Kin[8]" in the submitted DEF, the y-coordinate (693088) falls within the allowed range (0.000000--1172960.000000).
PASS: For pin "Kin[64]" in the submitted DEF, the x-coordinate (0) falls onto the allowed coordinate (0.000000).
PASS: For pin "Kin[64]" in the submitted DEF, the y-coordinate (468064) falls within the allowed range (0.000000--1172960.000000).
PASS: For pin "Dout[18]" in the submitted DEF, the x-coordinate (1172960) falls onto the allowed coordinate (1172960.000000).
PASS: For pin "Dout[18]" in the submitted DEF, the y-coordinate (526720) falls within the allowed range (0.000000--1172960.000000).
PASS: For pin "Dout[54]" in the submitted DEF, the x-coordinate (1172960) falls onto the allowed coordinate (1172960.000000).
PASS: For pin "Dout[54]" in the submitted DEF, the y-coordinate (671584) falls within the allowed range (0.000000--1172960.000000).
PASS: For pin "Din[39]" in the submitted DEF, the x-coordinate (0) falls onto the allowed coordinate (0.000000).
PASS: For pin "Din[39]" in the submitted DEF, the y-coordinate (825952) falls within the allowed range (0.000000--1172960.000000).
PASS: For pin "Kin[30]" in the submitted DEF, the x-coordinate (0) falls onto the allowed coordinate (0.000000).
PASS: For pin "Kin[30]" in the submitted DEF, the y-coordinate (604480) falls within the allowed range (0.000000--1172960.000000).
PASS: For pin "Kin[45]" in the submitted DEF, the x-coordinate (0) falls onto the allowed coordinate (0.000000).
PASS: For pin "Kin[45]" in the submitted DEF, the y-coordinate (544000) falls within the allowed range (0.000000--1172960.000000).
PASS: For pin "Kin[115]" in the submitted DEF, the x-coordinate (0) falls onto the allowed coordinate (0.000000).
PASS: For pin "Kin[115]" in the submitted DEF, the y-coordinate (261760) falls within the allowed range (0.000000--1172960.000000).
PASS: For pin "Dout[8]" in the submitted DEF, the x-coordinate (1172960) falls onto the allowed coordinate (1172960.000000).
PASS: For pin "Dout[8]" in the submitted DEF, the y-coordinate (486400) falls within the allowed range (0.000000--1172960.000000).
PASS: For pin "Dout[20]" in the submitted DEF, the x-coordinate (1172960) falls onto the allowed coordinate (1172960.000000).
PASS: For pin "Dout[20]" in the submitted DEF, the y-coordinate (534640) falls within the allowed range (0.000000--1172960.000000).
PASS: For pin "Din[63]" in the submitted DEF, the x-coordinate (0) falls onto the allowed coordinate (0.000000).
PASS: For pin "Din[63]" in the submitted DEF, the y-coordinate (729184) falls within the allowed range (0.000000--1172960.000000).
PASS: For pin "Kin[53]" in the submitted DEF, the x-coordinate (0) falls onto the allowed coordinate (0.000000).
PASS: For pin "Kin[53]" in the submitted DEF, the y-coordinate (511744) falls within the allowed range (0.000000--1172960.000000).
PASS: For pin "Kin[103]" in the submitted DEF, the x-coordinate (0) falls onto the allowed coordinate (0.000000).
PASS: For pin "Kin[103]" in the submitted DEF, the y-coordinate (310000) falls within the allowed range (0.000000--1172960.000000).
PASS: For pin "Dout[41]" in the submitted DEF, the x-coordinate (1172960) falls onto the allowed coordinate (1172960.000000).
PASS: For pin "Dout[41]" in the submitted DEF, the y-coordinate (619360) falls within the allowed range (0.000000--1172960.000000).
PASS: For pin "Din[15]" in the submitted DEF, the x-coordinate (0) falls onto the allowed coordinate (0.000000).
PASS: For pin "Din[15]" in the submitted DEF, the y-coordinate (922720) falls within the allowed range (0.000000--1172960.000000).
PASS: For pin "Kin[25]" in the submitted DEF, the x-coordinate (0) falls onto the allowed coordinate (0.000000).
PASS: For pin "Kin[25]" in the submitted DEF, the y-coordinate (624640) falls within the allowed range (0.000000--1172960.000000).
PASS: For pin "Kin[98]" in the submitted DEF, the x-coordinate (0) falls onto the allowed coordinate (0.000000).
PASS: For pin "Kin[98]" in the submitted DEF, the y-coordinate (330304) falls within the allowed range (0.000000--1172960.000000).
PASS: For pin "Dout[48]" in the submitted DEF, the x-coordinate (1172960) falls onto the allowed coordinate (1172960.000000).
PASS: For pin "Dout[48]" in the submitted DEF, the y-coordinate (647680) falls within the allowed range (0.000000--1172960.000000).
PASS: For pin "Din[43]" in the submitted DEF, the x-coordinate (0) falls onto the allowed coordinate (0.000000).
PASS: For pin "Din[43]" in the submitted DEF, the y-coordinate (809824) falls within the allowed range (0.000000--1172960.000000).
PASS: For pin "Kin[73]" in the submitted DEF, the x-coordinate (0) falls onto the allowed coordinate (0.000000).
PASS: For pin "Kin[73]" in the submitted DEF, the y-coordinate (430960) falls within the allowed range (0.000000--1172960.000000).
PASS: For pin "Kin[91]" in the submitted DEF, the x-coordinate (0) falls onto the allowed coordinate (0.000000).
PASS: For pin "Kin[91]" in the submitted DEF, the y-coordinate (358240) falls within the allowed range (0.000000--1172960.000000).
PASS: For pin "Kin[123]" in the submitted DEF, the x-coordinate (0) falls onto the allowed coordinate (0.000000).
PASS: For pin "Kin[123]" in the submitted DEF, the y-coordinate (229216) falls within the allowed range (0.000000--1172960.000000).
PASS: For pin "Dout[25]" in the submitted DEF, the x-coordinate (1172960) falls onto the allowed coordinate (1172960.000000).
PASS: For pin "Dout[25]" in the submitted DEF, the y-coordinate (554848) falls within the allowed range (0.000000--1172960.000000).
PASS: For pin "Kin[56]" in the submitted DEF, the x-coordinate (0) falls onto the allowed coordinate (0.000000).
PASS: For pin "Kin[56]" in the submitted DEF, the y-coordinate (499552) falls within the allowed range (0.000000--1172960.000000).
PASS: For pin "Kin[106]" in the submitted DEF, the x-coordinate (0) falls onto the allowed coordinate (0.000000).
PASS: For pin "Kin[106]" in the submitted DEF, the y-coordinate (297760) falls within the allowed range (0.000000--1172960.000000).
PASS: For pin "Din[5]" in the submitted DEF, the x-coordinate (0) falls onto the allowed coordinate (0.000000).
PASS: For pin "Din[5]" in the submitted DEF, the y-coordinate (963040) falls within the allowed range (0.000000--1172960.000000).
PASS: For pin "Din[23]" in the submitted DEF, the x-coordinate (0) falls onto the allowed coordinate (0.000000).
PASS: For pin "Din[23]" in the submitted DEF, the y-coordinate (890752) falls within the allowed range (0.000000--1172960.000000).
PASS: For pin "Kin[6]" in the submitted DEF, the x-coordinate (0) falls onto the allowed coordinate (0.000000).
PASS: For pin "Kin[6]" in the submitted DEF, the y-coordinate (701248) falls within the allowed range (0.000000--1172960.000000).
PASS: For pin "Kin[13]" in the submitted DEF, the x-coordinate (0) falls onto the allowed coordinate (0.000000).
PASS: For pin "Kin[13]" in the submitted DEF, the y-coordinate (672880) falls within the allowed range (0.000000--1172960.000000).
PASS: For pin "Kin[84]" in the submitted DEF, the x-coordinate (0) falls onto the allowed coordinate (0.000000).
PASS: For pin "Kin[84]" in the submitted DEF, the y-coordinate (386656) falls within the allowed range (0.000000--1172960.000000).
PASS: For pin "Dout[3]" in the submitted DEF, the x-coordinate (1172960) falls onto the allowed coordinate (1172960.000000).
PASS: For pin "Dout[3]" in the submitted DEF, the y-coordinate (466240) falls within the allowed range (0.000000--1172960.000000).
PASS: For pin "Kin[58]" in the submitted DEF, the x-coordinate (0) falls onto the allowed coordinate (0.000000).
PASS: For pin "Kin[58]" in the submitted DEF, the y-coordinate (491440) falls within the allowed range (0.000000--1172960.000000).
PASS: For pin "Kin[108]" in the submitted DEF, the x-coordinate (0) falls onto the allowed coordinate (0.000000).
PASS: For pin "Kin[108]" in the submitted DEF, the y-coordinate (289888) falls within the allowed range (0.000000--1172960.000000).
PASS: For pin "Dout[57]" in the submitted DEF, the x-coordinate (1172960) falls onto the allowed coordinate (1172960.000000).
PASS: For pin "Dout[57]" in the submitted DEF, the y-coordinate (683872) falls within the allowed range (0.000000--1172960.000000).
PASS: For pin "Kin[33]" in the submitted DEF, the x-coordinate (0) falls onto the allowed coordinate (0.000000).
PASS: For pin "Kin[33]" in the submitted DEF, the y-coordinate (592096) falls within the allowed range (0.000000--1172960.000000).
PASS: For pin "Kin[46]" in the submitted DEF, the x-coordinate (0) falls onto the allowed coordinate (0.000000).
PASS: For pin "Kin[46]" in the submitted DEF, the y-coordinate (539680) falls within the allowed range (0.000000--1172960.000000).
PASS: For pin "Kin[116]" in the submitted DEF, the x-coordinate (0) falls onto the allowed coordinate (0.000000).
PASS: For pin "Kin[116]" in the submitted DEF, the y-coordinate (257632) falls within the allowed range (0.000000--1172960.000000).
PASS: For pin "Din[44]" in the submitted DEF, the x-coordinate (0) falls onto the allowed coordinate (0.000000).
PASS: For pin "Din[44]" in the submitted DEF, the y-coordinate (806752) falls within the allowed range (0.000000--1172960.000000).
PASS: For pin "Kin[74]" in the submitted DEF, the x-coordinate (0) falls onto the allowed coordinate (0.000000).
PASS: For pin "Kin[74]" in the submitted DEF, the y-coordinate (426640) falls within the allowed range (0.000000--1172960.000000).
PASS: For pin "Kin[96]" in the submitted DEF, the x-coordinate (0) falls onto the allowed coordinate (0.000000).
PASS: For pin "Kin[96]" in the submitted DEF, the y-coordinate (338272) falls within the allowed range (0.000000--1172960.000000).
PASS: For pin "Kin[124]" in the submitted DEF, the x-coordinate (0) falls onto the allowed coordinate (0.000000).
PASS: For pin "Kin[124]" in the submitted DEF, the y-coordinate (225376) falls within the allowed range (0.000000--1172960.000000).
PASS: For pin "Dout[11]" in the submitted DEF, the x-coordinate (1172960) falls onto the allowed coordinate (1172960.000000).
PASS: For pin "Dout[11]" in the submitted DEF, the y-coordinate (498208) falls within the allowed range (0.000000--1172960.000000).
PASS: For pin "Din[30]" in the submitted DEF, the x-coordinate (0) falls onto the allowed coordinate (0.000000).
PASS: For pin "Din[30]" in the submitted DEF, the y-coordinate (862240) falls within the allowed range (0.000000--1172960.000000).
PASS: For pin "Kin[39]" in the submitted DEF, the x-coordinate (0) falls onto the allowed coordinate (0.000000).
PASS: For pin "Kin[39]" in the submitted DEF, the y-coordinate (567904) falls within the allowed range (0.000000--1172960.000000).
PASS: For pin "Dout[30]" in the submitted DEF, the x-coordinate (1172960) falls onto the allowed coordinate (1172960.000000).
PASS: For pin "Dout[30]" in the submitted DEF, the y-coordinate (574816) falls within the allowed range (0.000000--1172960.000000).
PASS: For pin "Din[28]" in the submitted DEF, the x-coordinate (0) falls onto the allowed coordinate (0.000000).
PASS: For pin "Din[28]" in the submitted DEF, the y-coordinate (870496) falls within the allowed range (0.000000--1172960.000000).
PASS: For pin "Din[51]" in the submitted DEF, the x-coordinate (0) falls onto the allowed coordinate (0.000000).
PASS: For pin "Din[51]" in the submitted DEF, the y-coordinate (777856) falls within the allowed range (0.000000--1172960.000000).
PASS: For pin "Kin[18]" in the submitted DEF, the x-coordinate (0) falls onto the allowed coordinate (0.000000).
PASS: For pin "Kin[18]" in the submitted DEF, the y-coordinate (652576) falls within the allowed range (0.000000--1172960.000000).
PASS: For pin "Kin[61]" in the submitted DEF, the x-coordinate (0) falls onto the allowed coordinate (0.000000).
PASS: For pin "Kin[61]" in the submitted DEF, the y-coordinate (479200) falls within the allowed range (0.000000--1172960.000000).
PASS: For pin "Dout[26]" in the submitted DEF, the x-coordinate (1172960) falls onto the allowed coordinate (1172960.000000).
PASS: For pin "Dout[26]" in the submitted DEF, the y-coordinate (558688) falls within the allowed range (0.000000--1172960.000000).
PASS: For pin "Kin[55]" in the submitted DEF, the x-coordinate (0) falls onto the allowed coordinate (0.000000).
PASS: For pin "Kin[55]" in the submitted DEF, the y-coordinate (503680) falls within the allowed range (0.000000--1172960.000000).
PASS: For pin "Kin[105]" in the submitted DEF, the x-coordinate (0) falls onto the allowed coordinate (0.000000).
PASS: For pin "Kin[105]" in the submitted DEF, the y-coordinate (302080) falls within the allowed range (0.000000--1172960.000000).
PASS: For pin "Dout[14]" in the submitted DEF, the x-coordinate (1172960) falls onto the allowed coordinate (1172960.000000).
PASS: For pin "Dout[14]" in the submitted DEF, the y-coordinate (510592) falls within the allowed range (0.000000--1172960.000000).
PASS: For pin "Dout[58]" in the submitted DEF, the x-coordinate (1172960) falls onto the allowed coordinate (1172960.000000).
PASS: For pin "Dout[58]" in the submitted DEF, the y-coordinate (687712) falls within the allowed range (0.000000--1172960.000000).
PASS: For pin "Dout[61]" in the submitted DEF, the x-coordinate (1172960) falls onto the allowed coordinate (1172960.000000).
PASS: For pin "Dout[61]" in the submitted DEF, the y-coordinate (700000) falls within the allowed range (0.000000--1172960.000000).
PASS: For pin "Din[35]" in the submitted DEF, the x-coordinate (0) falls onto the allowed coordinate (0.000000).
PASS: For pin "Din[35]" in the submitted DEF, the y-coordinate (842080) falls within the allowed range (0.000000--1172960.000000).
PASS: For pin "Kin[49]" in the submitted DEF, the x-coordinate (0) falls onto the allowed coordinate (0.000000).
PASS: For pin "Kin[49]" in the submitted DEF, the y-coordinate (527872) falls within the allowed range (0.000000--1172960.000000).
PASS: For pin "Kin[119]" in the submitted DEF, the x-coordinate (0) falls onto the allowed coordinate (0.000000).
PASS: For pin "Kin[119]" in the submitted DEF, the y-coordinate (245344) falls within the allowed range (0.000000--1172960.000000).
PASS: For pin "Dvld" in the submitted DEF, the x-coordinate (1172960) falls onto the allowed coordinate (1172960.000000).
PASS: For pin "Dvld" in the submitted DEF, the y-coordinate (712288) falls within the allowed range (0.000000--1172960.000000).
PASS: For pin "Dout[4]" in the submitted DEF, the x-coordinate (1172960) falls onto the allowed coordinate (1172960.000000).
PASS: For pin "Dout[4]" in the submitted DEF, the y-coordinate (470368) falls within the allowed range (0.000000--1172960.000000).
PASS: For pin "Drdy" in the submitted DEF, the x-coordinate (0) falls onto the allowed coordinate (0.000000).
PASS: For pin "Drdy" in the submitted DEF, the y-coordinate (193120) falls within the allowed range (0.000000--1172960.000000).
PASS: For pin "Dout[45]" in the submitted DEF, the x-coordinate (1172960) falls onto the allowed coordinate (1172960.000000).
PASS: For pin "Dout[45]" in the submitted DEF, the y-coordinate (635488) falls within the allowed range (0.000000--1172960.000000).
PASS: For pin "Din[11]" in the submitted DEF, the x-coordinate (0) falls onto the allowed coordinate (0.000000).
PASS: For pin "Din[11]" in the submitted DEF, the y-coordinate (938848) falls within the allowed range (0.000000--1172960.000000).
PASS: For pin "Kin[21]" in the submitted DEF, the x-coordinate (0) falls onto the allowed coordinate (0.000000).
PASS: For pin "Kin[21]" in the submitted DEF, the y-coordinate (640768) falls within the allowed range (0.000000--1172960.000000).
PASS: For pin "CLK" in the submitted DEF, the x-coordinate (0) falls onto the allowed coordinate (0.000000).
PASS: For pin "CLK" in the submitted DEF, the y-coordinate (209248) falls within the allowed range (0.000000--1172960.000000).
PASS: For pin "Din[18]" in the submitted DEF, the x-coordinate (0) falls onto the allowed coordinate (0.000000).
PASS: For pin "Din[18]" in the submitted DEF, the y-coordinate (910480) falls within the allowed range (0.000000--1172960.000000).
PASS: For pin "Din[47]" in the submitted DEF, the x-coordinate (0) falls onto the allowed coordinate (0.000000).
PASS: For pin "Din[47]" in the submitted DEF, the y-coordinate (793840) falls within the allowed range (0.000000--1172960.000000).
PASS: For pin "Kin[28]" in the submitted DEF, the x-coordinate (0) falls onto the allowed coordinate (0.000000).
PASS: For pin "Kin[28]" in the submitted DEF, the y-coordinate (612400) falls within the allowed range (0.000000--1172960.000000).
PASS: For pin "Kin[77]" in the submitted DEF, the x-coordinate (0) falls onto the allowed coordinate (0.000000).
PASS: For pin "Kin[77]" in the submitted DEF, the y-coordinate (414976) falls within the allowed range (0.000000--1172960.000000).
PASS: For pin "Kin[95]" in the submitted DEF, the x-coordinate (0) falls onto the allowed coordinate (0.000000).
PASS: For pin "Kin[95]" in the submitted DEF, the y-coordinate (342112) falls within the allowed range (0.000000--1172960.000000).
PASS: For pin "Kin[127]" in the submitted DEF, the x-coordinate (0) falls onto the allowed coordinate (0.000000).
PASS: For pin "Kin[127]" in the submitted DEF, the y-coordinate (213088) falls within the allowed range (0.000000--1172960.000000).
PASS: For pin "Dout[9]" in the submitted DEF, the x-coordinate (1172960) falls onto the allowed coordinate (1172960.000000).
PASS: For pin "Dout[9]" in the submitted DEF, the y-coordinate (490336) falls within the allowed range (0.000000--1172960.000000).
PASS: For pin "Dout[21]" in the submitted DEF, the x-coordinate (1172960) falls onto the allowed coordinate (1172960.000000).
PASS: For pin "Dout[21]" in the submitted DEF, the y-coordinate (538720) falls within the allowed range (0.000000--1172960.000000).
PASS: For pin "Din[62]" in the submitted DEF, the x-coordinate (0) falls onto the allowed coordinate (0.000000).
PASS: For pin "Din[62]" in the submitted DEF, the y-coordinate (733360) falls within the allowed range (0.000000--1172960.000000).
PASS: For pin "Kin[52]" in the submitted DEF, the x-coordinate (0) falls onto the allowed coordinate (0.000000).
PASS: For pin "Kin[52]" in the submitted DEF, the y-coordinate (515680) falls within the allowed range (0.000000--1172960.000000).
PASS: For pin "Kin[102]" in the submitted DEF, the x-coordinate (0) falls onto the allowed coordinate (0.000000).
PASS: For pin "Kin[102]" in the submitted DEF, the y-coordinate (314320) falls within the allowed range (0.000000--1172960.000000).
PASS: For pin "Din[1]" in the submitted DEF, the x-coordinate (0) falls onto the allowed coordinate (0.000000).
PASS: For pin "Din[1]" in the submitted DEF, the y-coordinate (979552) falls within the allowed range (0.000000--1172960.000000).
PASS: For pin "Din[27]" in the submitted DEF, the x-coordinate (0) falls onto the allowed coordinate (0.000000).
PASS: For pin "Din[27]" in the submitted DEF, the y-coordinate (874624) falls within the allowed range (0.000000--1172960.000000).
PASS: For pin "Kin[2]" in the submitted DEF, the x-coordinate (0) falls onto the allowed coordinate (0.000000).
PASS: For pin "Kin[2]" in the submitted DEF, the y-coordinate (717376) falls within the allowed range (0.000000--1172960.000000).
PASS: For pin "Kin[17]" in the submitted DEF, the x-coordinate (0) falls onto the allowed coordinate (0.000000).
PASS: For pin "Kin[17]" in the submitted DEF, the y-coordinate (656896) falls within the allowed range (0.000000--1172960.000000).
PASS: For pin "Kin[80]" in the submitted DEF, the x-coordinate (0) falls onto the allowed coordinate (0.000000).
PASS: For pin "Kin[80]" in the submitted DEF, the y-coordinate (402784) falls within the allowed range (0.000000--1172960.000000).
PASS: For pin "Dout[52]" in the submitted DEF, the x-coordinate (1172960) falls onto the allowed coordinate (1172960.000000).
PASS: For pin "Dout[52]" in the submitted DEF, the y-coordinate (663520) falls within the allowed range (0.000000--1172960.000000).
PASS: For pin "Kin[36]" in the submitted DEF, the x-coordinate (0) falls onto the allowed coordinate (0.000000).
PASS: For pin "Kin[36]" in the submitted DEF, the y-coordinate (580192) falls within the allowed range (0.000000--1172960.000000).
PASS: For pin "Kin[43]" in the submitted DEF, the x-coordinate (0) falls onto the allowed coordinate (0.000000).
PASS: For pin "Kin[43]" in the submitted DEF, the y-coordinate (551920) falls within the allowed range (0.000000--1172960.000000).
PASS: For pin "Kin[113]" in the submitted DEF, the x-coordinate (0) falls onto the allowed coordinate (0.000000).
PASS: For pin "Kin[113]" in the submitted DEF, the y-coordinate (269824) falls within the allowed range (0.000000--1172960.000000).
PASS: For pin "EncDec" in the submitted DEF, the x-coordinate (0) falls onto the allowed coordinate (0.000000).
PASS: For pin "EncDec" in the submitted DEF, the y-coordinate (196960) falls within the allowed range (0.000000--1172960.000000).
PASS: For pin "Dout[17]" in the submitted DEF, the x-coordinate (1172960) falls onto the allowed coordinate (1172960.000000).
PASS: For pin "Dout[17]" in the submitted DEF, the y-coordinate (522592) falls within the allowed range (0.000000--1172960.000000).
PASS: For pin "Dout[62]" in the submitted DEF, the x-coordinate (1172960) falls onto the allowed coordinate (1172960.000000).
PASS: For pin "Dout[62]" in the submitted DEF, the y-coordinate (703840) falls within the allowed range (0.000000--1172960.000000).
PASS: For pin "Din[36]" in the submitted DEF, the x-coordinate (0) falls onto the allowed coordinate (0.000000).
PASS: For pin "Din[36]" in the submitted DEF, the y-coordinate (838240) falls within the allowed range (0.000000--1172960.000000).
PASS: For pin "Din[4]" in the submitted DEF, the x-coordinate (0) falls onto the allowed coordinate (0.000000).
PASS: For pin "Din[4]" in the submitted DEF, the y-coordinate (967264) falls within the allowed range (0.000000--1172960.000000).
PASS: For pin "Din[22]" in the submitted DEF, the x-coordinate (0) falls onto the allowed coordinate (0.000000).
PASS: For pin "Din[22]" in the submitted DEF, the y-coordinate (894496) falls within the allowed range (0.000000--1172960.000000).
PASS: For pin "Kin[7]" in the submitted DEF, the x-coordinate (0) falls onto the allowed coordinate (0.000000).
PASS: For pin "Kin[7]" in the submitted DEF, the y-coordinate (696928) falls within the allowed range (0.000000--1172960.000000).
PASS: For pin "Kin[12]" in the submitted DEF, the x-coordinate (0) falls onto the allowed coordinate (0.000000).
PASS: For pin "Kin[12]" in the submitted DEF, the y-coordinate (676960) falls within the allowed range (0.000000--1172960.000000).
PASS: For pin "Kin[85]" in the submitted DEF, the x-coordinate (0) falls onto the allowed coordinate (0.000000).
PASS: For pin "Kin[85]" in the submitted DEF, the y-coordinate (382720) falls within the allowed range (0.000000--1172960.000000).
PASS: For pin "Dout[42]" in the submitted DEF, the x-coordinate (1172960) falls onto the allowed coordinate (1172960.000000).
PASS: For pin "Dout[42]" in the submitted DEF, the y-coordinate (623488) falls within the allowed range (0.000000--1172960.000000).
PASS: For pin "Din[16]" in the submitted DEF, the x-coordinate (0) falls onto the allowed coordinate (0.000000).
PASS: For pin "Din[16]" in the submitted DEF, the y-coordinate (918880) falls within the allowed range (0.000000--1172960.000000).
PASS: For pin "Din[49]" in the submitted DEF, the x-coordinate (0) falls onto the allowed coordinate (0.000000).
PASS: For pin "Din[49]" in the submitted DEF, the y-coordinate (785920) falls within the allowed range (0.000000--1172960.000000).
PASS: For pin "Kin[26]" in the submitted DEF, the x-coordinate (0) falls onto the allowed coordinate (0.000000).
PASS: For pin "Kin[26]" in the submitted DEF, the y-coordinate (620320) falls within the allowed range (0.000000--1172960.000000).
PASS: For pin "Kin[79]" in the submitted DEF, the x-coordinate (0) falls onto the allowed coordinate (0.000000).
PASS: For pin "Kin[79]" in the submitted DEF, the y-coordinate (406912) falls within the allowed range (0.000000--1172960.000000).
PASS: For pin "Dout[34]" in the submitted DEF, the x-coordinate (1172960) falls onto the allowed coordinate (1172960.000000).
PASS: For pin "Dout[34]" in the submitted DEF, the y-coordinate (590944) falls within the allowed range (0.000000--1172960.000000).
PASS: For pin "Din[55]" in the submitted DEF, the x-coordinate (0) falls onto the allowed coordinate (0.000000).
PASS: For pin "Din[55]" in the submitted DEF, the y-coordinate (761728) falls within the allowed range (0.000000--1172960.000000).
PASS: For pin "Kin[9]" in the submitted DEF, the x-coordinate (0) falls onto the allowed coordinate (0.000000).
PASS: For pin "Kin[9]" in the submitted DEF, the y-coordinate (688864) falls within the allowed range (0.000000--1172960.000000).
PASS: For pin "Kin[65]" in the submitted DEF, the x-coordinate (0) falls onto the allowed coordinate (0.000000).
PASS: For pin "Kin[65]" in the submitted DEF, the y-coordinate (463072) falls within the allowed range (0.000000--1172960.000000).
PASS: For pin "Dout[22]" in the submitted DEF, the x-coordinate (1172960) falls onto the allowed coordinate (1172960.000000).
PASS: For pin "Dout[22]" in the submitted DEF, the y-coordinate (542560) falls within the allowed range (0.000000--1172960.000000).
PASS: For pin "Din[61]" in the submitted DEF, the x-coordinate (0) falls onto the allowed coordinate (0.000000).
PASS: For pin "Din[61]" in the submitted DEF, the y-coordinate (737632) falls within the allowed range (0.000000--1172960.000000).
PASS: For pin "Kin[51]" in the submitted DEF, the x-coordinate (0) falls onto the allowed coordinate (0.000000).
PASS: For pin "Kin[51]" in the submitted DEF, the y-coordinate (519808) falls within the allowed range (0.000000--1172960.000000).
PASS: For pin "Kin[101]" in the submitted DEF, the x-coordinate (0) falls onto the allowed coordinate (0.000000).
PASS: For pin "Kin[101]" in the submitted DEF, the y-coordinate (317920) falls within the allowed range (0.000000--1172960.000000).
PASS: For pin "Dout[10]" in the submitted DEF, the x-coordinate (1172960) falls onto the allowed coordinate (1172960.000000).
PASS: For pin "Dout[10]" in the submitted DEF, the y-coordinate (494464) falls within the allowed range (0.000000--1172960.000000).
PASS: For pin "Din[31]" in the submitted DEF, the x-coordinate (0) falls onto the allowed coordinate (0.000000).
PASS: For pin "Din[31]" in the submitted DEF, the y-coordinate (858208) falls within the allowed range (0.000000--1172960.000000).
PASS: For pin "Kin[38]" in the submitted DEF, the x-coordinate (0) falls onto the allowed coordinate (0.000000).
PASS: For pin "Kin[38]" in the submitted DEF, the y-coordinate (572224) falls within the allowed range (0.000000--1172960.000000).
PASS: For pin "Dout[0]" in the submitted DEF, the x-coordinate (1172960) falls onto the allowed coordinate (1172960.000000).
PASS: For pin "Dout[0]" in the submitted DEF, the y-coordinate (453856) falls within the allowed range (0.000000--1172960.000000).
PASS: For pin "Dout[28]" in the submitted DEF, the x-coordinate (1172960) falls onto the allowed coordinate (1172960.000000).
PASS: For pin "Dout[28]" in the submitted DEF, the y-coordinate (566752) falls within the allowed range (0.000000--1172960.000000).
PASS: For pin "Dout[49]" in the submitted DEF, the x-coordinate (1172960) falls onto the allowed coordinate (1172960.000000).
PASS: For pin "Dout[49]" in the submitted DEF, the y-coordinate (651616) falls within the allowed range (0.000000--1172960.000000).
PASS: For pin "Din[42]" in the submitted DEF, the x-coordinate (0) falls onto the allowed coordinate (0.000000).
PASS: For pin "Din[42]" in the submitted DEF, the y-coordinate (814144) falls within the allowed range (0.000000--1172960.000000).
PASS: For pin "Kin[72]" in the submitted DEF, the x-coordinate (0) falls onto the allowed coordinate (0.000000).
PASS: For pin "Kin[72]" in the submitted DEF, the y-coordinate (435040) falls within the allowed range (0.000000--1172960.000000).
PASS: For pin "Kin[90]" in the submitted DEF, the x-coordinate (0) falls onto the allowed coordinate (0.000000).
PASS: For pin "Kin[90]" in the submitted DEF, the y-coordinate (362560) falls within the allowed range (0.000000--1172960.000000).
PASS: For pin "Kin[122]" in the submitted DEF, the x-coordinate (0) falls onto the allowed coordinate (0.000000).
PASS: For pin "Kin[122]" in the submitted DEF, the y-coordinate (233536) falls within the allowed range (0.000000--1172960.000000).
PASS: For pin "Dout[39]" in the submitted DEF, the x-coordinate (1172960) falls onto the allowed coordinate (1172960.000000).
PASS: For pin "Dout[39]" in the submitted DEF, the y-coordinate (611104) falls within the allowed range (0.000000--1172960.000000).
PASS: For pin "Din[7]" in the submitted DEF, the x-coordinate (0) falls onto the allowed coordinate (0.000000).
PASS: For pin "Din[7]" in the submitted DEF, the y-coordinate (954976) falls within the allowed range (0.000000--1172960.000000).
PASS: For pin "Din[21]" in the submitted DEF, the x-coordinate (0) falls onto the allowed coordinate (0.000000).
PASS: For pin "Din[21]" in the submitted DEF, the y-coordinate (898816) falls within the allowed range (0.000000--1172960.000000).
PASS: For pin "Din[58]" in the submitted DEF, the x-coordinate (0) falls onto the allowed coordinate (0.000000).
PASS: For pin "Din[58]" in the submitted DEF, the y-coordinate (749344) falls within the allowed range (0.000000--1172960.000000).
PASS: For pin "Kin[4]" in the submitted DEF, the x-coordinate (0) falls onto the allowed coordinate (0.000000).
PASS: For pin "Kin[4]" in the submitted DEF, the y-coordinate (709216) falls within the allowed range (0.000000--1172960.000000).
PASS: For pin "Kin[11]" in the submitted DEF, the x-coordinate (0) falls onto the allowed coordinate (0.000000).
PASS: For pin "Kin[11]" in the submitted DEF, the y-coordinate (680800) falls within the allowed range (0.000000--1172960.000000).
PASS: For pin "Kin[68]" in the submitted DEF, the x-coordinate (0) falls onto the allowed coordinate (0.000000).
PASS: For pin "Kin[68]" in the submitted DEF, the y-coordinate (451168) falls within the allowed range (0.000000--1172960.000000).
PASS: For pin "Kin[86]" in the submitted DEF, the x-coordinate (0) falls onto the allowed coordinate (0.000000).
PASS: For pin "Kin[86]" in the submitted DEF, the y-coordinate (378400) falls within the allowed range (0.000000--1172960.000000).
PASS: For pin "Dout[5]" in the submitted DEF, the x-coordinate (1172960) falls onto the allowed coordinate (1172960.000000).
PASS: For pin "Dout[5]" in the submitted DEF, the y-coordinate (474160) falls within the allowed range (0.000000--1172960.000000).
PASS: For pin "Dout[33]" in the submitted DEF, the x-coordinate (1172960) falls onto the allowed coordinate (1172960.000000).
PASS: For pin "Dout[33]" in the submitted DEF, the y-coordinate (587104) falls within the allowed range (0.000000--1172960.000000).
PASS: For pin "Din[52]" in the submitted DEF, the x-coordinate (0) falls onto the allowed coordinate (0.000000).
PASS: For pin "Din[52]" in the submitted DEF, the y-coordinate (773728) falls within the allowed range (0.000000--1172960.000000).
PASS: For pin "Kin[62]" in the submitted DEF, the x-coordinate (0) falls onto the allowed coordinate (0.000000).
PASS: For pin "Kin[62]" in the submitted DEF, the y-coordinate (475456) falls within the allowed range (0.000000--1172960.000000).
PASS: For pin "Dout[56]" in the submitted DEF, the x-coordinate (1172960) falls onto the allowed coordinate (1172960.000000).
PASS: For pin "Dout[56]" in the submitted DEF, the y-coordinate (679648) falls within the allowed range (0.000000--1172960.000000).
PASS: For pin "Kin[32]" in the submitted DEF, the x-coordinate (0) falls onto the allowed coordinate (0.000000).
PASS: For pin "Kin[32]" in the submitted DEF, the y-coordinate (596320) falls within the allowed range (0.000000--1172960.000000).
PASS: For pin "Kin[47]" in the submitted DEF, the x-coordinate (0) falls onto the allowed coordinate (0.000000).
PASS: For pin "Kin[47]" in the submitted DEF, the y-coordinate (535936) falls within the allowed range (0.000000--1172960.000000).
PASS: For pin "Kin[117]" in the submitted DEF, the x-coordinate (0) falls onto the allowed coordinate (0.000000).
PASS: For pin "Kin[117]" in the submitted DEF, the y-coordinate (253792) falls within the allowed range (0.000000--1172960.000000).
PASS: For pin "Dout[13]" in the submitted DEF, the x-coordinate (1172960) falls onto the allowed coordinate (1172960.000000).
PASS: For pin "Dout[13]" in the submitted DEF, the y-coordinate (506464) falls within the allowed range (0.000000--1172960.000000).
PASS: For pin "Din[32]" in the submitted DEF, the x-coordinate (0) falls onto the allowed coordinate (0.000000).
PASS: For pin "Din[32]" in the submitted DEF, the y-coordinate (854320) falls within the allowed range (0.000000--1172960.000000).
PASS: For pin "Din[0]" in the submitted DEF, the x-coordinate (0) falls onto the allowed coordinate (0.000000).
PASS: For pin "Din[0]" in the submitted DEF, the y-coordinate (983200) falls within the allowed range (0.000000--1172960.000000).
PASS: For pin "Din[26]" in the submitted DEF, the x-coordinate (0) falls onto the allowed coordinate (0.000000).
PASS: For pin "Din[26]" in the submitted DEF, the y-coordinate (878368) falls within the allowed range (0.000000--1172960.000000).
PASS: For pin "Kin[3]" in the submitted DEF, the x-coordinate (0) falls onto the allowed coordinate (0.000000).
PASS: For pin "Kin[3]" in the submitted DEF, the y-coordinate (713056) falls within the allowed range (0.000000--1172960.000000).
PASS: For pin "Kin[16]" in the submitted DEF, the x-coordinate (0) falls onto the allowed coordinate (0.000000).
PASS: For pin "Kin[16]" in the submitted DEF, the y-coordinate (660832) falls within the allowed range (0.000000--1172960.000000).
PASS: For pin "Kin[81]" in the submitted DEF, the x-coordinate (0) falls onto the allowed coordinate (0.000000).
PASS: For pin "Kin[81]" in the submitted DEF, the y-coordinate (398848) falls within the allowed range (0.000000--1172960.000000).
PASS: For pin "BSY" in the submitted DEF, the x-coordinate (1172960) falls onto the allowed coordinate (1172960.000000).
PASS: For pin "BSY" in the submitted DEF, the y-coordinate (719968) falls within the allowed range (0.000000--1172960.000000).
PASS: For pin "Dout[46]" in the submitted DEF, the x-coordinate (1172960) falls onto the allowed coordinate (1172960.000000).
PASS: For pin "Dout[46]" in the submitted DEF, the y-coordinate (639616) falls within the allowed range (0.000000--1172960.000000).
PASS: For pin "Din[12]" in the submitted DEF, the x-coordinate (0) falls onto the allowed coordinate (0.000000).
PASS: For pin "Din[12]" in the submitted DEF, the y-coordinate (935008) falls within the allowed range (0.000000--1172960.000000).
PASS: For pin "Kin[22]" in the submitted DEF, the x-coordinate (0) falls onto the allowed coordinate (0.000000).
PASS: For pin "Kin[22]" in the submitted DEF, the y-coordinate (636448) falls within the allowed range (0.000000--1172960.000000).
PASS: For pin "Dout[27]" in the submitted DEF, the x-coordinate (1172960) falls onto the allowed coordinate (1172960.000000).
PASS: For pin "Dout[27]" in the submitted DEF, the y-coordinate (563008) falls within the allowed range (0.000000--1172960.000000).
PASS: For pin "Kin[54]" in the submitted DEF, the x-coordinate (0) falls onto the allowed coordinate (0.000000).
PASS: For pin "Kin[54]" in the submitted DEF, the y-coordinate (507424) falls within the allowed range (0.000000--1172960.000000).
PASS: For pin "Kin[104]" in the submitted DEF, the x-coordinate (0) falls onto the allowed coordinate (0.000000).
PASS: For pin "Kin[104]" in the submitted DEF, the y-coordinate (306016) falls within the allowed range (0.000000--1172960.000000).
PASS: For pin "Dout[6]" in the submitted DEF, the x-coordinate (1172960) falls onto the allowed coordinate (1172960.000000).
PASS: For pin "Dout[6]" in the submitted DEF, the y-coordinate (478048) falls within the allowed range (0.000000--1172960.000000).
PASS: For pin "Dout[43]" in the submitted DEF, the x-coordinate (1172960) falls onto the allowed coordinate (1172960.000000).
PASS: For pin "Dout[43]" in the submitted DEF, the y-coordinate (627232) falls within the allowed range (0.000000--1172960.000000).
PASS: For pin "Din[17]" in the submitted DEF, the x-coordinate (0) falls onto the allowed coordinate (0.000000).
PASS: For pin "Din[17]" in the submitted DEF, the y-coordinate (914800) falls within the allowed range (0.000000--1172960.000000).
PASS: For pin "Din[48]" in the submitted DEF, the x-coordinate (0) falls onto the allowed coordinate (0.000000).
PASS: For pin "Din[48]" in the submitted DEF, the y-coordinate (789856) falls within the allowed range (0.000000--1172960.000000).
PASS: For pin "Kin[27]" in the submitted DEF, the x-coordinate (0) falls onto the allowed coordinate (0.000000).
PASS: For pin "Kin[27]" in the submitted DEF, the y-coordinate (616288) falls within the allowed range (0.000000--1172960.000000).
PASS: For pin "Kin[78]" in the submitted DEF, the x-coordinate (0) falls onto the allowed coordinate (0.000000).
PASS: For pin "Kin[78]" in the submitted DEF, the y-coordinate (410656) falls within the allowed range (0.000000--1172960.000000).
PASS: For pin "Dout[51]" in the submitted DEF, the x-coordinate (1172960) falls onto the allowed coordinate (1172960.000000).
PASS: For pin "Dout[51]" in the submitted DEF, the y-coordinate (659920) falls within the allowed range (0.000000--1172960.000000).
PASS: For pin "Kin[35]" in the submitted DEF, the x-coordinate (0) falls onto the allowed coordinate (0.000000).
PASS: For pin "Kin[35]" in the submitted DEF, the y-coordinate (584032) falls within the allowed range (0.000000--1172960.000000).
PASS: For pin "Kin[40]" in the submitted DEF, the x-coordinate (0) falls onto the allowed coordinate (0.000000).
PASS: For pin "Kin[40]" in the submitted DEF, the y-coordinate (564064) falls within the allowed range (0.000000--1172960.000000).
PASS: For pin "Kin[110]" in the submitted DEF, the x-coordinate (0) falls onto the allowed coordinate (0.000000).
PASS: For pin "Kin[110]" in the submitted DEF, the y-coordinate (281632) falls within the allowed range (0.000000--1172960.000000).
PASS: For pin "Din[19]" in the submitted DEF, the x-coordinate (0) falls onto the allowed coordinate (0.000000).
PASS: For pin "Din[19]" in the submitted DEF, the y-coordinate (906880) falls within the allowed range (0.000000--1172960.000000).
PASS: For pin "Din[46]" in the submitted DEF, the x-coordinate (0) falls onto the allowed coordinate (0.000000).
PASS: For pin "Din[46]" in the submitted DEF, the y-coordinate (798160) falls within the allowed range (0.000000--1172960.000000).
PASS: For pin "Kin[29]" in the submitted DEF, the x-coordinate (0) falls onto the allowed coordinate (0.000000).
PASS: For pin "Kin[29]" in the submitted DEF, the y-coordinate (608608) falls within the allowed range (0.000000--1172960.000000).
PASS: For pin "Kin[76]" in the submitted DEF, the x-coordinate (0) falls onto the allowed coordinate (0.000000).
PASS: For pin "Kin[76]" in the submitted DEF, the y-coordinate (418912) falls within the allowed range (0.000000--1172960.000000).
PASS: For pin "Kin[94]" in the submitted DEF, the x-coordinate (0) falls onto the allowed coordinate (0.000000).
PASS: For pin "Kin[94]" in the submitted DEF, the y-coordinate (346432) falls within the allowed range (0.000000--1172960.000000).
PASS: For pin "Kin[126]" in the submitted DEF, the x-coordinate (0) falls onto the allowed coordinate (0.000000).
PASS: For pin "Kin[126]" in the submitted DEF, the y-coordinate (217408) falls within the allowed range (0.000000--1172960.000000).
PASS: For pin "Din[3]" in the submitted DEF, the x-coordinate (0) falls onto the allowed coordinate (0.000000).
PASS: For pin "Din[3]" in the submitted DEF, the y-coordinate (971104) falls within the allowed range (0.000000--1172960.000000).
PASS: For pin "Din[25]" in the submitted DEF, the x-coordinate (0) falls onto the allowed coordinate (0.000000).
PASS: For pin "Din[25]" in the submitted DEF, the y-coordinate (882688) falls within the allowed range (0.000000--1172960.000000).
PASS: For pin "Kin[0]" in the submitted DEF, the x-coordinate (0) falls onto the allowed coordinate (0.000000).
PASS: For pin "Kin[0]" in the submitted DEF, the y-coordinate (725440) falls within the allowed range (0.000000--1172960.000000).
PASS: For pin "Kin[15]" in the submitted DEF, the x-coordinate (0) falls onto the allowed coordinate (0.000000).
PASS: For pin "Kin[15]" in the submitted DEF, the y-coordinate (664960) falls within the allowed range (0.000000--1172960.000000).
PASS: For pin "Kin[82]" in the submitted DEF, the x-coordinate (0) falls onto the allowed coordinate (0.000000).
PASS: For pin "Kin[82]" in the submitted DEF, the y-coordinate (394528) falls within the allowed range (0.000000--1172960.000000).
PASS: For pin "Dout[1]" in the submitted DEF, the x-coordinate (1172960) falls onto the allowed coordinate (1172960.000000).
PASS: For pin "Dout[1]" in the submitted DEF, the y-coordinate (458176) falls within the allowed range (0.000000--1172960.000000).
PASS: For pin "Dout[29]" in the submitted DEF, the x-coordinate (1172960) falls onto the allowed coordinate (1172960.000000).
PASS: For pin "Dout[29]" in the submitted DEF, the y-coordinate (570976) falls within the allowed range (0.000000--1172960.000000).
PASS: For pin "Krdy" in the submitted DEF, the x-coordinate (0) falls onto the allowed coordinate (0.000000).
PASS: For pin "Krdy" in the submitted DEF, the y-coordinate (189040) falls within the allowed range (0.000000--1172960.000000).
PASS: For pin "Dout[37]" in the submitted DEF, the x-coordinate (1172960) falls onto the allowed coordinate (1172960.000000).
PASS: For pin "Dout[37]" in the submitted DEF, the y-coordinate (603232) falls within the allowed range (0.000000--1172960.000000).
PASS: For pin "Din[9]" in the submitted DEF, the x-coordinate (0) falls onto the allowed coordinate (0.000000).
PASS: For pin "Din[9]" in the submitted DEF, the y-coordinate (946912) falls within the allowed range (0.000000--1172960.000000).
PASS: For pin "Din[56]" in the submitted DEF, the x-coordinate (0) falls onto the allowed coordinate (0.000000).
PASS: For pin "Din[56]" in the submitted DEF, the y-coordinate (757600) falls within the allowed range (0.000000--1172960.000000).
PASS: For pin "Kin[66]" in the submitted DEF, the x-coordinate (0) falls onto the allowed coordinate (0.000000).
PASS: For pin "Kin[66]" in the submitted DEF, the y-coordinate (459328) falls within the allowed range (0.000000--1172960.000000).
PASS: For pin "Kin[88]" in the submitted DEF, the x-coordinate (0) falls onto the allowed coordinate (0.000000).
PASS: For pin "Kin[88]" in the submitted DEF, the y-coordinate (370480) falls within the allowed range (0.000000--1172960.000000).
PASS: For pin "RSTn" in the submitted DEF, the x-coordinate (0) falls onto the allowed coordinate (0.000000).
PASS: For pin "RSTn" in the submitted DEF, the y-coordinate (201280) falls within the allowed range (0.000000--1172960.000000).
PASS: For pin "Dout[16]" in the submitted DEF, the x-coordinate (1172960) falls onto the allowed coordinate (1172960.000000).
PASS: For pin "Dout[16]" in the submitted DEF, the y-coordinate (518656) falls within the allowed range (0.000000--1172960.000000).
PASS: For pin "Dout[63]" in the submitted DEF, the x-coordinate (1172960) falls onto the allowed coordinate (1172960.000000).
PASS: For pin "Dout[63]" in the submitted DEF, the y-coordinate (708160) falls within the allowed range (0.000000--1172960.000000).
PASS: For pin "Din[37]" in the submitted DEF, the x-coordinate (0) falls onto the allowed coordinate (0.000000).
PASS: For pin "Din[37]" in the submitted DEF, the y-coordinate (834016) falls within the allowed range (0.000000--1172960.000000).
