Begin: Design checking
        Checking 'place' category...
        Messages issued during checks:
-----------------------------------------------------------------------------------------------------------------------------
| ID                | Severity  | Count       | Description                                                                 |
-----------------------------------------------------------------------------------------------------------------------------
| IMPPP-4418        | error     | 21          | The via for net %s in DPT layer %s does not align with the tracks at %f %f. |
-----------------------------------------------------------------------------------------------------------------------------
		(Real time: 0:00:01.0, Memory: 1358.0M)

        Checking 'route' category...
        No issues found during checks.
		(Real time: 0:00:01.0, Memory: 1504.1M)

**INFO: Identified 21 error(s) and 0 warning(s) during 'check_design -type {place route}'.
End: Design checking
